(node:9964) [DEP0176] DeprecationWarning: fs.F_OK is deprecated, use fs.constants.F_OK instead
(Use `node --trace-deprecation ...` to show where the warning was created)
Creating an optimized production build...
Failed to compile.

Module not found: Error: Can't resolve '@/lib/utils' in 'C:\Users\arda\.gemini\antigravity\scratch\restin-ai\frontend\src\components\shared'


