src/components/analytics/SalesChart.tsx(8,38): error TS7031: Binding element 'data' implicitly has an 'any' type.
src/components/analytics/SalesChart.tsx(21,48): error TS7006: Parameter 'd' implicitly has an 'any' type.
src/components/analytics/SalesChart.tsx(36,33): error TS7006: Parameter 'd' implicitly has an 'any' type.
src/components/analytics/SalesChart.tsx(36,36): error TS7006: Parameter 'i' implicitly has an 'any' type.
src/components/AuthExpiredModal.tsx(4,44): error TS7031: Binding element 'open' implicitly has an 'any' type.
src/components/AuthExpiredModal.tsx(4,50): error TS7031: Binding element 'onClose' implicitly has an 'any' type.
src/components/BottomNav.tsx(8,51): error TS7031: Binding element 'onFilterChange' implicitly has an 'any' type.
src/components/BottomNav.tsx(34,30): error TS2339: Property 'icon' does not exist on type '{ icon: ForwardRefExoticComponent<Omit<LucideProps, "ref"> & RefAttributes<SVGSVGElement>>; label: string; path: string; } | { ...; }'.
  Property 'icon' does not exist on type '{ label: string; value: string; }'.
src/components/BottomNav.tsx(35,56): error TS2339: Property 'path' does not exist on type '{ icon: ForwardRefExoticComponent<Omit<LucideProps, "ref"> & RefAttributes<SVGSVGElement>>; label: string; path: string; } | { ...; }'.
  Property 'path' does not exist on type '{ label: string; value: string; }'.
src/components/BottomNav.tsx(39,45): error TS2339: Property 'path' does not exist on type '{ icon: ForwardRefExoticComponent<Omit<LucideProps, "ref"> & RefAttributes<SVGSVGElement>>; label: string; path: string; } | { ...; }'.
  Property 'path' does not exist on type '{ label: string; value: string; }'.
src/components/BottomNav.tsx(60,22): error TS2339: Property 'value' does not exist on type '{ icon: ForwardRefExoticComponent<Omit<LucideProps, "ref"> & RefAttributes<SVGSVGElement>>; label: string; path: string; } | { ...; }'.
  Property 'value' does not exist on type '{ icon: ForwardRefExoticComponent<Omit<LucideProps, "ref"> & RefAttributes<SVGSVGElement>>; label: string; path: string; }'.
src/components/BottomNav.tsx(61,65): error TS2339: Property 'value' does not exist on type '{ icon: ForwardRefExoticComponent<Omit<LucideProps, "ref"> & RefAttributes<SVGSVGElement>>; label: string; path: string; } | { ...; }'.
  Property 'value' does not exist on type '{ icon: ForwardRefExoticComponent<Omit<LucideProps, "ref"> & RefAttributes<SVGSVGElement>>; label: string; path: string; }'.
src/components/ErrorModal.tsx(4,38): error TS7031: Binding element 'open' implicitly has an 'any' type.
src/components/ErrorModal.tsx(4,44): error TS7031: Binding element 'title' implicitly has an 'any' type.
src/components/ErrorModal.tsx(4,51): error TS7031: Binding element 'body' implicitly has an 'any' type.
src/components/ErrorModal.tsx(4,57): error TS7031: Binding element 'onClose' implicitly has an 'any' type.
src/components/ErrorModal.tsx(4,66): error TS7031: Binding element 'onRetry' implicitly has an 'any' type.
src/components/inventory/ItemDetailDrawer.tsx(19,44): error TS7031: Binding element 'open' implicitly has an 'any' type.
src/components/inventory/ItemDetailDrawer.tsx(19,50): error TS7031: Binding element 'onClose' implicitly has an 'any' type.
src/components/inventory/ItemDetailDrawer.tsx(19,59): error TS7031: Binding element 'skuId' implicitly has an 'any' type.
src/components/inventory/ItemDetailDrawer.tsx(19,66): error TS7031: Binding element 'venueId' implicitly has an 'any' type.
src/components/inventory/ItemDetailDrawer.tsx(41,34): error TS7006: Parameter 'updates' implicitly has an 'any' type.
src/components/inventory/ItemDetailDrawer.tsx(52,23): error TS2339: Property 'sku' does not exist on type 'never'.
src/components/inventory/ItemDetailDrawer.tsx(59,22): error TS2339: Property 'sku' does not exist on type 'never'.
src/components/inventory/ItemDetailDrawer.tsx(94,47): error TS2339: Property 'suppliers_pricing' does not exist on type 'never'.
src/components/inventory/ItemDetailDrawer.tsx(94,78): error TS2339: Property 'sku' does not exist on type 'never'.
src/components/inventory/ItemDetailDrawer.tsx(98,53): error TS2339: Property 'sku' does not exist on type 'never'.
src/components/inventory/ItemDetailDrawer.tsx(102,53): error TS2339: Property 'sku' does not exist on type 'never'.
src/components/inventory/ItemDetailDrawer.tsx(106,43): error TS2339: Property 'recipe_tree' does not exist on type 'never'.
src/components/inventory/ItemDetailDrawer.tsx(106,68): error TS2339: Property 'sku' does not exist on type 'never'.
src/components/inventory/ItemDetailDrawer.tsx(110,45): error TS2339: Property 'recent_movements' does not exist on type 'never'.
src/components/inventory/ItemDetailDrawer.tsx(114,44): error TS2339: Property 'production_batches' does not exist on type 'never'.
src/components/inventory/ItemDetailDrawer.tsx(118,44): error TS2339: Property 'waste_profile' does not exist on type 'never'.
src/components/inventory/ItemDetailDrawer.tsx(118,71): error TS2339: Property 'sku' does not exist on type 'never'.
src/components/inventory/ItemDetailDrawer.tsx(122,39): error TS2339: Property 'audit_entries' does not exist on type 'never'.
src/components/inventory/tabs/AuditTab.tsx(20,68): error TS2339: Property 'action' does not exist on type 'never'.
src/components/inventory/tabs/AuditTab.tsx(22,34): error TS2339: Property 'user_id' does not exist on type 'never'.
src/components/inventory/tabs/AuditTab.tsx(24,26): error TS2339: Property 'payload' does not exist on type 'never'.
src/components/inventory/tabs/AuditTab.tsx(24,55): error TS2339: Property 'payload' does not exist on type 'never'.
src/components/inventory/tabs/AuditTab.tsx(26,45): error TS2339: Property 'payload' does not exist on type 'never'.
src/components/inventory/tabs/AuditTab.tsx(31,35): error TS2339: Property 'ts' does not exist on type 'never'.
src/components/inventory/tabs/OverviewTab.tsx(6,39): error TS7031: Binding element 'data' implicitly has an 'any' type.
src/components/inventory/tabs/OverviewTab.tsx(6,45): error TS7031: Binding element 'onRefresh' implicitly has an 'any' type.
src/components/inventory/tabs/OverviewTab.tsx(78,32): error TS7006: Parameter 'tag' implicitly has an 'any' type.
src/components/inventory/tabs/OverviewTab.tsx(78,37): error TS7006: Parameter 'idx' implicitly has an 'any' type.
src/components/inventory/tabs/ProductionTab.tsx(15,28): error TS2339: Property 'id' does not exist on type 'never'.
src/components/inventory/tabs/ProductionTab.tsx(18,70): error TS2339: Property 'display_id' does not exist on type 'never'.
src/components/inventory/tabs/ProductionTab.tsx(20,35): error TS2339: Property 'produced_at' does not exist on type 'never'.
src/components/inventory/tabs/ProductionTab.tsx(24,35): error TS2339: Property 'inputs' does not exist on type 'never'.
src/components/inventory/tabs/ProductionTab.tsx(25,36): error TS2339: Property 'outputs' does not exist on type 'never'.
src/components/inventory/tabs/RecipeTab.tsx(6,23): error TS7031: Binding element 'component' implicitly has an 'any' type.
src/components/inventory/tabs/RecipeTab.tsx(33,51): error TS7006: Parameter 'subComp' implicitly has an 'any' type.
src/components/inventory/tabs/RecipeTab.tsx(33,60): error TS7006: Parameter 'idx' implicitly has an 'any' type.
src/components/inventory/tabs/RecipeTab.tsx(42,37): error TS7031: Binding element 'recipeTree' implicitly has an 'any' type.
src/components/inventory/tabs/RecipeTab.tsx(42,49): error TS7031: Binding element 'sku' implicitly has an 'any' type.
src/components/inventory/tabs/RecipeTab.tsx(73,44): error TS7006: Parameter 'comp' implicitly has an 'any' type.
src/components/inventory/tabs/RecipeTab.tsx(73,50): error TS7006: Parameter 'idx' implicitly has an 'any' type.
src/components/inventory/tabs/SuppliersPricingTab.tsx(6,58): error TS7031: Binding element 'sku' implicitly has an 'any' type.
src/components/inventory/tabs/SuppliersPricingTab.tsx(7,38): error TS2339: Property 'is_preferred' does not exist on type 'never'.
src/components/inventory/tabs/SuppliersPricingTab.tsx(8,38): error TS2339: Property 'is_preferred' does not exist on type 'never'.
src/components/inventory/tabs/SuppliersPricingTab.tsx(10,27): error TS7031: Binding element 'supplierData' implicitly has an 'any' type.
src/components/inventory/tabs/SuppliersPricingTab.tsx(10,41): error TS7031: Binding element 'isPreferred' implicitly has an 'any' type.
src/components/inventory/tabs/WasteTab.tsx(4,36): error TS7031: Binding element 'wasteProfile' implicitly has an 'any' type.
src/components/inventory/tabs/WasteTab.tsx(4,50): error TS7031: Binding element 'sku' implicitly has an 'any' type.
src/components/kds/CountdownTimer.tsx(4,42): error TS7031: Binding element 'targetTime' implicitly has an 'any' type.
src/components/kds/CountdownTimer.tsx(4,54): error TS7031: Binding element 'createdAt' implicitly has an 'any' type.
src/components/kds/CountdownTimer.tsx(12,20): error TS2362: The left-hand side of an arithmetic operation must be of type 'any', 'number', 'bigint' or an enum type.
src/components/kds/CountdownTimer.tsx(12,29): error TS2363: The right-hand side of an arithmetic operation must be of type 'any', 'number', 'bigint' or an enum type.
src/components/kds/CountdownTimer.tsx(19,21): error TS2345: Argument of type 'string' is not assignable to parameter of type 'SetStateAction<null>'.
src/components/kds/CountdownTimer.tsx(25,21): error TS2345: Argument of type 'string' is not assignable to parameter of type 'SetStateAction<null>'.
src/components/kds/CountdownTimer.tsx(51,28): error TS7006: Parameter 'isoString' implicitly has an 'any' type.
src/components/LoadingOverlay.tsx(4,42): error TS7031: Binding element 'open' implicitly has an 'any' type.
src/components/LoadingOverlay.tsx(4,91): error TS7031: Binding element 'onCancel' implicitly has an 'any' type.
src/components/MergeTableModal.tsx(4,43): error TS7031: Binding element 'currentTableId' implicitly has an 'any' type.
src/components/MergeTableModal.tsx(4,59): error TS7031: Binding element 'activeTables' implicitly has an 'any' type.
src/components/MergeTableModal.tsx(4,73): error TS7031: Binding element 'onClose' implicitly has an 'any' type.
src/components/MergeTableModal.tsx(4,82): error TS7031: Binding element 'onMerge' implicitly has an 'any' type.
src/components/MergeTableModal.tsx(41,37): error TS7006: Parameter 'table' implicitly has an 'any' type.
src/components/OnlineStatusIndicator.tsx(34,17): error TS2345: Argument of type 'ResilienceStatus' is not assignable to parameter of type 'SetStateAction<{ mode: string; cloudReachable: boolean; edgeReachable: boolean; meshActive: boolean; }>'.
  Type 'ResilienceStatus' is not assignable to type '{ mode: string; cloudReachable: boolean; edgeReachable: boolean; meshActive: boolean; }'.
    Types of property 'meshActive' are incompatible.
      Type 'boolean | undefined' is not assignable to type 'boolean'.
        Type 'undefined' is not assignable to type 'boolean'.
src/components/OnlineStatusIndicator.tsx(70,19): error TS2345: Argument of type 'string | null' is not assignable to parameter of type 'SetStateAction<null>'.
  Type 'string' is not assignable to type 'SetStateAction<null>'.
src/components/OnlineStatusIndicator.tsx(135,21): error TS7053: Element implicitly has an 'any' type because expression of type 'string' can't be used to index type '{ 'top-right': string; 'top-left': string; 'bottom-right': string; inline: string; }'.
  No index signature with a parameter of type 'string' was found on type '{ 'top-right': string; 'top-left': string; 'bottom-right': string; inline: string; }'.
src/components/payroll/EngagementLetter.tsx(7,44): error TS7031: Binding element 'data' implicitly has an 'any' type.
src/components/payroll/EngagementLetter.tsx(51,25): error TS7006: Parameter 'num' implicitly has an 'any' type.
src/components/payroll/EngagementLetter.tsx(126,67): error TS2322: Type 'string' is not assignable to type 'number'.
src/components/payroll/ExitTemplate.tsx(7,40): error TS7031: Binding element 'data' implicitly has an 'any' type.
src/components/payroll/FS3Document.tsx(8,39): error TS7031: Binding element 'fs3Data' implicitly has an 'any' type.
src/components/payroll/FS3Document.tsx(12,37): error TS2339: Property 'legal_info' does not exist on type 'never'.
src/components/payroll/FS3Document.tsx(13,40): error TS2339: Property 'legal_info' does not exist on type 'never'.
src/components/payroll/FS3Document.tsx(14,35): error TS2339: Property 'legal_info' does not exist on type 'never'.
src/components/payroll/FS3Document.tsx(15,37): error TS2339: Property 'legal_info' does not exist on type 'never'.
src/components/payroll/FS3Document.tsx(16,36): error TS2339: Property 'legal_info' does not exist on type 'never'.
src/components/payroll/FS3Document.tsx(17,32): error TS2339: Property 'branding' does not exist on type 'never'.
src/components/payroll/FS3Document.tsx(18,33): error TS2339: Property 'branding' does not exist on type 'never'.
src/components/payroll/FS3Document.tsx(202,37): error TS2322: Type 'string' is not assignable to type 'number'.
src/components/payroll/FS3Document.tsx(203,37): error TS2322: Type 'string' is not assignable to type 'number'.
src/components/payroll/FS3Document.tsx(205,37): error TS2322: Type 'string' is not assignable to type 'number'.
src/components/payroll/FS3Document.tsx(221,44): error TS7006: Parameter 'row' implicitly has an 'any' type.
src/components/payroll/FS3Document.tsx(221,49): error TS7006: Parameter 'idx' implicitly has an 'any' type.
src/components/payroll/FS3Document.tsx(236,37): error TS2322: Type 'string' is not assignable to type 'number'.
src/components/payroll/FS3Document.tsx(241,37): error TS2322: Type 'string' is not assignable to type 'number'.
src/components/payroll/PayslipDocument.tsx(8,43): error TS7031: Binding element 'payslipData' implicitly has an 'any' type.
src/components/payroll/SkillsPassDocument.tsx(8,46): error TS7031: Binding element 'data' implicitly has an 'any' type.
src/components/PDFExportButton.tsx(3,43): error TS7031: Binding element 'title' implicitly has an 'any' type.
src/components/PDFExportButton.tsx(3,50): error TS7031: Binding element 'content' implicitly has an 'any' type.
src/components/pos/BillSplitModal.tsx(8,42): error TS7031: Binding element 'open' implicitly has an 'any' type.
src/components/pos/BillSplitModal.tsx(8,48): error TS7031: Binding element 'onClose' implicitly has an 'any' type.
src/components/pos/BillSplitModal.tsx(8,57): error TS7031: Binding element 'order' implicitly has an 'any' type.
src/components/pos/BillSplitModal.tsx(8,64): error TS7031: Binding element 'onConfirm' implicitly has an 'any' type.
src/components/pos/BillSplitModal.tsx(33,23): error TS7053: Element implicitly has an 'any' type because expression of type 'string' can't be used to index type '{}'.
  No index signature with a parameter of type 'string' was found on type '{}'.
src/components/pos/BillSplitModal.tsx(34,12): error TS7053: Element implicitly has an 'any' type because expression of type 'any' can't be used to index type '{}'.
src/components/pos/BillSplitModal.tsx(34,29): error TS7053: Element implicitly has an 'any' type because expression of type 'any' can't be used to index type '{}'.
src/components/pos/BillSplitModal.tsx(35,31): error TS7006: Parameter 'i' implicitly has an 'any' type.
src/components/pos/BillSplitModal.tsx(36,17): error TS7053: Element implicitly has an 'any' type because expression of type 'any' can't be used to index type '{}'.
src/components/pos/BillSplitModal.tsx(41,14): error TS7053: Element implicitly has an 'any' type because expression of type 'string' can't be used to index type '{}'.
  No index signature with a parameter of type 'string' was found on type '{}'.
src/components/pos/BillSplitModal.tsx(42,15): error TS7053: Element implicitly has an 'any' type because expression of type 'string' can't be used to index type '{}'.
  No index signature with a parameter of type 'string' was found on type '{}'.
src/components/pos/BillSplitModal.tsx(42,39): error TS7006: Parameter 'sum' implicitly has an 'any' type.
src/components/pos/BillSplitModal.tsx(42,44): error TS7006: Parameter 'item' implicitly has an 'any' type.
src/components/pos/BillSplitModal.tsx(98,27): error TS7006: Parameter 'item' implicitly has an 'any' type.
src/components/pos/BillSplitModal.tsx(98,33): error TS7006: Parameter 'idx' implicitly has an 'any' type.
src/components/pos/BillSplitModal.tsx(113,34): error TS7053: Element implicitly has an 'any' type because expression of type 'any' can't be used to index type '{}'.
src/components/pos/CourseSelector.tsx(20,53): error TS7031: Binding element 'onChange' implicitly has an 'any' type.
src/components/pos/CourseSelector.tsx(27,32): error TS7053: Element implicitly has an 'any' type because expression of type 'number' can't be used to index type '{ 1: { bg: string; border: string; text: string; activeBg: string; activeText: string; }; 2: { bg: string; border: string; text: string; activeBg: string; activeText: string; }; 3: { bg: string; border: string; text: string; activeBg: string; activeText: string; }; 4: { ...; }; }'.
  No index signature with a parameter of type 'number' was found on type '{ 1: { bg: string; border: string; text: string; activeBg: string; activeText: string; }; 2: { bg: string; border: string; text: string; activeBg: string; activeText: string; }; 3: { bg: string; border: string; text: string; activeBg: string; activeText: string; }; 4: { ...; }; }'.
src/components/pos/layouts/POSLayoutExpress.tsx(42,5): error TS7031: Binding element 'venue' implicitly has an 'any' type.
src/components/pos/layouts/POSLayoutExpress.tsx(43,5): error TS7031: Binding element 'user' implicitly has an 'any' type.
src/components/pos/layouts/POSLayoutExpress.tsx(44,5): error TS7031: Binding element 'categories' implicitly has an 'any' type.
src/components/pos/layouts/POSLayoutExpress.tsx(45,5): error TS7031: Binding element 'menuItems' implicitly has an 'any' type.
src/components/pos/layouts/POSLayoutExpress.tsx(46,5): error TS7031: Binding element 'tables' implicitly has an 'any' type.
src/components/pos/layouts/POSLayoutExpress.tsx(47,5): error TS7031: Binding element 'activeCategory' implicitly has an 'any' type.
src/components/pos/layouts/POSLayoutExpress.tsx(48,5): error TS7031: Binding element 'selectedTable' implicitly has an 'any' type.
src/components/pos/layouts/POSLayoutExpress.tsx(49,5): error TS7031: Binding element 'currentOrder' implicitly has an 'any' type.
src/components/pos/layouts/POSLayoutExpress.tsx(50,5): error TS7031: Binding element 'orderItems' implicitly has an 'any' type.
src/components/pos/layouts/POSLayoutExpress.tsx(51,5): error TS7031: Binding element 'settings' implicitly has an 'any' type.
src/components/pos/layouts/POSLayoutExpress.tsx(52,5): error TS7031: Binding element 'sendOptions' implicitly has an 'any' type.
src/components/pos/layouts/POSLayoutExpress.tsx(53,5): error TS7031: Binding element 'sendInProgress' implicitly has an 'any' type.
src/components/pos/layouts/POSLayoutExpress.tsx(54,5): error TS7031: Binding element 'floorPlan' implicitly has an 'any' type.
src/components/pos/layouts/POSLayoutExpress.tsx(55,5): error TS7031: Binding element 'selectedItem' implicitly has an 'any' type.
src/components/pos/layouts/POSLayoutExpress.tsx(57,5): error TS7031: Binding element 'showTableDialog' implicitly has an 'any' type.
src/components/pos/layouts/POSLayoutExpress.tsx(58,5): error TS7031: Binding element 'showPaymentDialog' implicitly has an 'any' type.
src/components/pos/layouts/POSLayoutExpress.tsx(59,5): error TS7031: Binding element 'showFloorPlanDialog' implicitly has an 'any' type.
src/components/pos/layouts/POSLayoutExpress.tsx(60,5): error TS7031: Binding element 'showModifierDialog' implicitly has an 'any' type.
src/components/pos/layouts/POSLayoutExpress.tsx(62,5): error TS7031: Binding element 'subtotal' implicitly has an 'any' type.
src/components/pos/layouts/POSLayoutExpress.tsx(63,5): error TS7031: Binding element 'tax' implicitly has an 'any' type.
src/components/pos/layouts/POSLayoutExpress.tsx(64,5): error TS7031: Binding element 'total' implicitly has an 'any' type.
src/components/pos/layouts/POSLayoutExpress.tsx(66,5): error TS7031: Binding element 'onLoadCategoryItems' implicitly has an 'any' type.
src/components/pos/layouts/POSLayoutExpress.tsx(67,5): error TS7031: Binding element 'onSelectTable' implicitly has an 'any' type.
src/components/pos/layouts/POSLayoutExpress.tsx(68,5): error TS7031: Binding element 'onAddItemToOrder' implicitly has an 'any' type.
src/components/pos/layouts/POSLayoutExpress.tsx(69,5): error TS7031: Binding element 'onConfirmItemWithModifiers' implicitly has an 'any' type.
src/components/pos/layouts/POSLayoutExpress.tsx(70,5): error TS7031: Binding element 'onUpdateItemQuantity' implicitly has an 'any' type.
src/components/pos/layouts/POSLayoutExpress.tsx(71,5): error TS7031: Binding element 'onRemoveItem' implicitly has an 'any' type.
src/components/pos/layouts/POSLayoutExpress.tsx(72,5): error TS7031: Binding element 'onSendOrder' implicitly has an 'any' type.
src/components/pos/layouts/POSLayoutExpress.tsx(73,5): error TS7031: Binding element 'onHandlePayment' implicitly has an 'any' type.
src/components/pos/layouts/POSLayoutExpress.tsx(74,5): error TS7031: Binding element 'onClearOrder' implicitly has an 'any' type.
src/components/pos/layouts/POSLayoutExpress.tsx(75,5): error TS7031: Binding element 'onDeselectTable' implicitly has an 'any' type.
src/components/pos/layouts/POSLayoutExpress.tsx(76,5): error TS7031: Binding element 'onSetSendOptions' implicitly has an 'any' type.
src/components/pos/layouts/POSLayoutExpress.tsx(77,5): error TS7031: Binding element 'onSetShowTableDialog' implicitly has an 'any' type.
src/components/pos/layouts/POSLayoutExpress.tsx(78,5): error TS7031: Binding element 'onSetShowPaymentDialog' implicitly has an 'any' type.
src/components/pos/layouts/POSLayoutExpress.tsx(79,5): error TS7031: Binding element 'onSetShowFloorPlanDialog' implicitly has an 'any' type.
src/components/pos/layouts/POSLayoutExpress.tsx(80,5): error TS7031: Binding element 'onSetShowModifierDialog' implicitly has an 'any' type.
src/components/pos/layouts/POSLayoutExpress.tsx(81,5): error TS7031: Binding element 'onCloseModifierDialog' implicitly has an 'any' type.
src/components/pos/layouts/POSLayoutExpress.tsx(82,5): error TS7031: Binding element 'onNavigate' implicitly has an 'any' type.
src/components/pos/layouts/POSLayoutExpress.tsx(84,5): error TS7031: Binding element 'themeSelector' implicitly has an 'any' type.
src/components/pos/layouts/POSLayoutExpress.tsx(87,30): error TS7006: Parameter 'categoryName' implicitly has an 'any' type.
src/components/pos/layouts/POSLayoutExpress.tsx(95,27): error TS7006: Parameter 'item' implicitly has an 'any' type.
src/components/pos/layouts/POSLayoutExpress.tsx(110,35): error TS7006: Parameter 'method' implicitly has an 'any' type.
src/components/pos/layouts/POSLayoutExpress.tsx(165,38): error TS7006: Parameter 'cat' implicitly has an 'any' type.
src/components/pos/layouts/POSLayoutExpress.tsx(192,41): error TS7006: Parameter 'item' implicitly has an 'any' type.
src/components/pos/layouts/POSLayoutExpress.tsx(246,18): error TS2322: Type '{ children: Element; className: string; }' is not assignable to type 'IntrinsicAttributes & RefAttributes<unknown>'.
  Property 'children' does not exist on type 'IntrinsicAttributes & RefAttributes<unknown>'.
src/components/pos/layouts/POSLayoutExpress.tsx(264,50): error TS7006: Parameter 'item' implicitly has an 'any' type.
src/components/pos/layouts/POSLayoutExpress.tsx(264,56): error TS7006: Parameter 'index' implicitly has an 'any' type.
src/components/pos/layouts/POSLayoutPro.tsx(50,5): error TS7031: Binding element 'venue' implicitly has an 'any' type.
src/components/pos/layouts/POSLayoutPro.tsx(51,5): error TS7031: Binding element 'user' implicitly has an 'any' type.
src/components/pos/layouts/POSLayoutPro.tsx(52,5): error TS7031: Binding element 'categories' implicitly has an 'any' type.
src/components/pos/layouts/POSLayoutPro.tsx(53,5): error TS7031: Binding element 'menuItems' implicitly has an 'any' type.
src/components/pos/layouts/POSLayoutPro.tsx(54,5): error TS7031: Binding element 'tables' implicitly has an 'any' type.
src/components/pos/layouts/POSLayoutPro.tsx(55,5): error TS7031: Binding element 'activeCategory' implicitly has an 'any' type.
src/components/pos/layouts/POSLayoutPro.tsx(56,5): error TS7031: Binding element 'selectedTable' implicitly has an 'any' type.
src/components/pos/layouts/POSLayoutPro.tsx(57,5): error TS7031: Binding element 'currentOrder' implicitly has an 'any' type.
src/components/pos/layouts/POSLayoutPro.tsx(58,5): error TS7031: Binding element 'orderItems' implicitly has an 'any' type.
src/components/pos/layouts/POSLayoutPro.tsx(59,5): error TS7031: Binding element 'settings' implicitly has an 'any' type.
src/components/pos/layouts/POSLayoutPro.tsx(60,5): error TS7031: Binding element 'sendOptions' implicitly has an 'any' type.
src/components/pos/layouts/POSLayoutPro.tsx(61,5): error TS7031: Binding element 'sendInProgress' implicitly has an 'any' type.
src/components/pos/layouts/POSLayoutPro.tsx(62,5): error TS7031: Binding element 'floorPlan' implicitly has an 'any' type.
src/components/pos/layouts/POSLayoutPro.tsx(63,5): error TS7031: Binding element 'selectedItem' implicitly has an 'any' type.
src/components/pos/layouts/POSLayoutPro.tsx(65,5): error TS7031: Binding element 'showTableDialog' implicitly has an 'any' type.
src/components/pos/layouts/POSLayoutPro.tsx(66,5): error TS7031: Binding element 'showPaymentDialog' implicitly has an 'any' type.
src/components/pos/layouts/POSLayoutPro.tsx(67,5): error TS7031: Binding element 'showFloorPlanDialog' implicitly has an 'any' type.
src/components/pos/layouts/POSLayoutPro.tsx(68,5): error TS7031: Binding element 'showModifierDialog' implicitly has an 'any' type.
src/components/pos/layouts/POSLayoutPro.tsx(70,5): error TS7031: Binding element 'subtotal' implicitly has an 'any' type.
src/components/pos/layouts/POSLayoutPro.tsx(71,5): error TS7031: Binding element 'tax' implicitly has an 'any' type.
src/components/pos/layouts/POSLayoutPro.tsx(72,5): error TS7031: Binding element 'total' implicitly has an 'any' type.
src/components/pos/layouts/POSLayoutPro.tsx(74,5): error TS7031: Binding element 'onLoadCategoryItems' implicitly has an 'any' type.
src/components/pos/layouts/POSLayoutPro.tsx(75,5): error TS7031: Binding element 'onSelectTable' implicitly has an 'any' type.
src/components/pos/layouts/POSLayoutPro.tsx(76,5): error TS7031: Binding element 'onAddItemToOrder' implicitly has an 'any' type.
src/components/pos/layouts/POSLayoutPro.tsx(77,5): error TS7031: Binding element 'onConfirmItemWithModifiers' implicitly has an 'any' type.
src/components/pos/layouts/POSLayoutPro.tsx(78,5): error TS7031: Binding element 'onUpdateItemQuantity' implicitly has an 'any' type.
src/components/pos/layouts/POSLayoutPro.tsx(79,5): error TS7031: Binding element 'onRemoveItem' implicitly has an 'any' type.
src/components/pos/layouts/POSLayoutPro.tsx(80,5): error TS7031: Binding element 'onSendOrder' implicitly has an 'any' type.
src/components/pos/layouts/POSLayoutPro.tsx(81,5): error TS7031: Binding element 'onHandlePayment' implicitly has an 'any' type.
src/components/pos/layouts/POSLayoutPro.tsx(82,5): error TS7031: Binding element 'onClearOrder' implicitly has an 'any' type.
src/components/pos/layouts/POSLayoutPro.tsx(83,5): error TS7031: Binding element 'onDeselectTable' implicitly has an 'any' type.
src/components/pos/layouts/POSLayoutPro.tsx(84,5): error TS7031: Binding element 'onSetSendOptions' implicitly has an 'any' type.
src/components/pos/layouts/POSLayoutPro.tsx(85,5): error TS7031: Binding element 'onSetShowTableDialog' implicitly has an 'any' type.
src/components/pos/layouts/POSLayoutPro.tsx(86,5): error TS7031: Binding element 'onSetShowPaymentDialog' implicitly has an 'any' type.
src/components/pos/layouts/POSLayoutPro.tsx(87,5): error TS7031: Binding element 'onSetShowFloorPlanDialog' implicitly has an 'any' type.
src/components/pos/layouts/POSLayoutPro.tsx(88,5): error TS7031: Binding element 'onSetShowModifierDialog' implicitly has an 'any' type.
src/components/pos/layouts/POSLayoutPro.tsx(89,5): error TS7031: Binding element 'onCloseModifierDialog' implicitly has an 'any' type.
src/components/pos/layouts/POSLayoutPro.tsx(90,5): error TS7031: Binding element 'onNavigate' implicitly has an 'any' type.
src/components/pos/layouts/POSLayoutPro.tsx(92,5): error TS7031: Binding element 'themeSelector' implicitly has an 'any' type.
src/components/pos/layouts/POSLayoutPro.tsx(100,30): error TS7006: Parameter 'categoryName' implicitly has an 'any' type.
src/components/pos/layouts/POSLayoutPro.tsx(108,27): error TS7006: Parameter 'item' implicitly has an 'any' type.
src/components/pos/layouts/POSLayoutPro.tsx(123,48): error TS7006: Parameter 'acc' implicitly has an 'any' type.
src/components/pos/layouts/POSLayoutPro.tsx(123,53): error TS7006: Parameter 'item' implicitly has an 'any' type.
src/components/pos/layouts/POSLayoutPro.tsx(123,59): error TS7006: Parameter 'idx' implicitly has an 'any' type.
src/components/pos/layouts/POSLayoutPro.tsx(133,28): error TS7006: Parameter 'item' implicitly has an 'any' type.
src/components/pos/layouts/POSLayoutPro.tsx(141,29): error TS7006: Parameter 'course' implicitly has an 'any' type.
src/components/pos/layouts/POSLayoutPro.tsx(142,16): error TS7053: Element implicitly has an 'any' type because expression of type 'any' can't be used to index type '{ 1: { bg: string; border: string; text: string; activeBg: string; activeText: string; }; 2: { bg: string; border: string; text: string; activeBg: string; activeText: string; }; 3: { bg: string; border: string; text: string; activeBg: string; activeText: string; }; 4: { ...; }; }'.
src/components/pos/layouts/POSLayoutPro.tsx(196,22): error TS2322: Type '{ children: Element; className: string; }' is not assignable to type 'IntrinsicAttributes & RefAttributes<unknown>'.
  Property 'children' does not exist on type 'IntrinsicAttributes & RefAttributes<unknown>'.
src/components/pos/layouts/POSLayoutPro.tsx(202,68): error TS7006: Parameter 'round' implicitly has an 'any' type.
src/components/pos/layouts/POSLayoutPro.tsx(202,75): error TS7006: Parameter 'roundIdx' implicitly has an 'any' type.
src/components/pos/layouts/POSLayoutPro.tsx(243,61): error TS7006: Parameter 'item' implicitly has an 'any' type.
src/components/pos/layouts/POSLayoutPro.tsx(334,26): error TS2322: Type '{ children: Element; className: string; }' is not assignable to type 'IntrinsicAttributes & RefAttributes<unknown>'.
  Property 'children' does not exist on type 'IntrinsicAttributes & RefAttributes<unknown>'.
src/components/pos/layouts/POSLayoutPro.tsx(336,50): error TS7006: Parameter 'cat' implicitly has an 'any' type.
src/components/pos/layouts/POSLayoutPro.tsx(374,50): error TS7006: Parameter 'c' implicitly has an 'any' type.
src/components/pos/layouts/POSLayoutPro.tsx(383,45): error TS7006: Parameter 'item' implicitly has an 'any' type.
src/components/pos/layouts/POSLayoutPro.tsx(425,80): error TS7006: Parameter 'prev' implicitly has an 'any' type.
src/components/pos/layouts/POSLayoutPro.tsx(435,80): error TS7006: Parameter 'prev' implicitly has an 'any' type.
src/components/pos/layouts/POSLayoutPro.tsx(538,38): error TS7006: Parameter 'table' implicitly has an 'any' type.
src/components/pos/layouts/POSLayoutPro.tsx(633,46): error TS7006: Parameter 'table' implicitly has an 'any' type.
src/components/pos/layouts/POSLayoutRestin.tsx(37,5): error TS7031: Binding element 'venue' implicitly has an 'any' type.
src/components/pos/layouts/POSLayoutRestin.tsx(38,5): error TS7031: Binding element 'user' implicitly has an 'any' type.
src/components/pos/layouts/POSLayoutRestin.tsx(39,5): error TS7031: Binding element 'categories' implicitly has an 'any' type.
src/components/pos/layouts/POSLayoutRestin.tsx(40,5): error TS7031: Binding element 'menuItems' implicitly has an 'any' type.
src/components/pos/layouts/POSLayoutRestin.tsx(41,5): error TS7031: Binding element 'tables' implicitly has an 'any' type.
src/components/pos/layouts/POSLayoutRestin.tsx(42,5): error TS7031: Binding element 'activeCategory' implicitly has an 'any' type.
src/components/pos/layouts/POSLayoutRestin.tsx(43,5): error TS7031: Binding element 'selectedTable' implicitly has an 'any' type.
src/components/pos/layouts/POSLayoutRestin.tsx(44,5): error TS7031: Binding element 'currentOrder' implicitly has an 'any' type.
src/components/pos/layouts/POSLayoutRestin.tsx(45,5): error TS7031: Binding element 'orderItems' implicitly has an 'any' type.
src/components/pos/layouts/POSLayoutRestin.tsx(46,5): error TS7031: Binding element 'settings' implicitly has an 'any' type.
src/components/pos/layouts/POSLayoutRestin.tsx(47,5): error TS7031: Binding element 'sendOptions' implicitly has an 'any' type.
src/components/pos/layouts/POSLayoutRestin.tsx(48,5): error TS7031: Binding element 'sendInProgress' implicitly has an 'any' type.
src/components/pos/layouts/POSLayoutRestin.tsx(49,5): error TS7031: Binding element 'floorPlan' implicitly has an 'any' type.
src/components/pos/layouts/POSLayoutRestin.tsx(50,5): error TS7031: Binding element 'selectedItem' implicitly has an 'any' type.
src/components/pos/layouts/POSLayoutRestin.tsx(52,5): error TS7031: Binding element 'showTableDialog' implicitly has an 'any' type.
src/components/pos/layouts/POSLayoutRestin.tsx(53,5): error TS7031: Binding element 'showPaymentDialog' implicitly has an 'any' type.
src/components/pos/layouts/POSLayoutRestin.tsx(54,5): error TS7031: Binding element 'showFloorPlanDialog' implicitly has an 'any' type.
src/components/pos/layouts/POSLayoutRestin.tsx(55,5): error TS7031: Binding element 'showModifierDialog' implicitly has an 'any' type.
src/components/pos/layouts/POSLayoutRestin.tsx(57,5): error TS7031: Binding element 'subtotal' implicitly has an 'any' type.
src/components/pos/layouts/POSLayoutRestin.tsx(58,5): error TS7031: Binding element 'tax' implicitly has an 'any' type.
src/components/pos/layouts/POSLayoutRestin.tsx(59,5): error TS7031: Binding element 'total' implicitly has an 'any' type.
src/components/pos/layouts/POSLayoutRestin.tsx(61,5): error TS7031: Binding element 'onLoadCategoryItems' implicitly has an 'any' type.
src/components/pos/layouts/POSLayoutRestin.tsx(62,5): error TS7031: Binding element 'onSelectTable' implicitly has an 'any' type.
src/components/pos/layouts/POSLayoutRestin.tsx(63,5): error TS7031: Binding element 'onAddItemToOrder' implicitly has an 'any' type.
src/components/pos/layouts/POSLayoutRestin.tsx(64,5): error TS7031: Binding element 'onConfirmItemWithModifiers' implicitly has an 'any' type.
src/components/pos/layouts/POSLayoutRestin.tsx(65,5): error TS7031: Binding element 'onUpdateItemQuantity' implicitly has an 'any' type.
src/components/pos/layouts/POSLayoutRestin.tsx(66,5): error TS7031: Binding element 'onRemoveItem' implicitly has an 'any' type.
src/components/pos/layouts/POSLayoutRestin.tsx(67,5): error TS7031: Binding element 'onSendOrder' implicitly has an 'any' type.
src/components/pos/layouts/POSLayoutRestin.tsx(68,5): error TS7031: Binding element 'onHandlePayment' implicitly has an 'any' type.
src/components/pos/layouts/POSLayoutRestin.tsx(69,5): error TS7031: Binding element 'onClearOrder' implicitly has an 'any' type.
src/components/pos/layouts/POSLayoutRestin.tsx(70,5): error TS7031: Binding element 'onDeselectTable' implicitly has an 'any' type.
src/components/pos/layouts/POSLayoutRestin.tsx(71,5): error TS7031: Binding element 'onSetSendOptions' implicitly has an 'any' type.
src/components/pos/layouts/POSLayoutRestin.tsx(72,5): error TS7031: Binding element 'onSetShowTableDialog' implicitly has an 'any' type.
src/components/pos/layouts/POSLayoutRestin.tsx(73,5): error TS7031: Binding element 'onSetShowPaymentDialog' implicitly has an 'any' type.
src/components/pos/layouts/POSLayoutRestin.tsx(74,5): error TS7031: Binding element 'onSetShowFloorPlanDialog' implicitly has an 'any' type.
src/components/pos/layouts/POSLayoutRestin.tsx(75,5): error TS7031: Binding element 'onSetShowModifierDialog' implicitly has an 'any' type.
src/components/pos/layouts/POSLayoutRestin.tsx(76,5): error TS7031: Binding element 'onCloseModifierDialog' implicitly has an 'any' type.
src/components/pos/layouts/POSLayoutRestin.tsx(77,5): error TS7031: Binding element 'onNavigate' implicitly has an 'any' type.
src/components/pos/layouts/POSLayoutRestin.tsx(79,5): error TS7031: Binding element 'themeSelector' implicitly has an 'any' type.
src/components/pos/layouts/POSLayoutRestin.tsx(82,30): error TS7006: Parameter 'categoryName' implicitly has an 'any' type.
src/components/pos/layouts/POSLayoutRestin.tsx(90,31): error TS7006: Parameter 'cat' implicitly has an 'any' type.
src/components/pos/layouts/POSLayoutRestin.tsx(105,27): error TS7006: Parameter 'item' implicitly has an 'any' type.
src/components/pos/layouts/POSLayoutRestin.tsx(131,18): error TS2322: Type '{ children: Element; className: string; }' is not assignable to type 'IntrinsicAttributes & RefAttributes<unknown>'.
  Property 'children' does not exist on type 'IntrinsicAttributes & RefAttributes<unknown>'.
src/components/pos/layouts/POSLayoutRestin.tsx(133,42): error TS7006: Parameter 'cat' implicitly has an 'any' type.
src/components/pos/layouts/POSLayoutRestin.tsx(196,37): error TS7006: Parameter 'item' implicitly has an 'any' type.
src/components/pos/layouts/POSLayoutRestin.tsx(263,18): error TS2322: Type '{ children: any[]; className: string; }' is not assignable to type 'IntrinsicAttributes & RefAttributes<unknown>'.
  Property 'children' does not exist on type 'IntrinsicAttributes & RefAttributes<unknown>'.
src/components/pos/layouts/POSLayoutRestin.tsx(267,60): error TS7006: Parameter 'round' implicitly has an 'any' type.
src/components/pos/layouts/POSLayoutRestin.tsx(267,67): error TS7006: Parameter 'roundIdx' implicitly has an 'any' type.
src/components/pos/layouts/POSLayoutRestin.tsx(294,46): error TS7006: Parameter 'item' implicitly has an 'any' type.
src/components/pos/layouts/POSLayoutRestin.tsx(294,52): error TS7006: Parameter 'index' implicitly has an 'any' type.
src/components/pos/layouts/POSLayoutRestin.tsx(380,84): error TS7006: Parameter 'prev' implicitly has an 'any' type.
src/components/pos/layouts/POSLayoutRestin.tsx(392,84): error TS7006: Parameter 'prev' implicitly has an 'any' type.
src/components/pos/layouts/POSLayoutRestin.tsx(404,84): error TS7006: Parameter 'prev' implicitly has an 'any' type.
src/components/pos/layouts/POSLayoutRestin.tsx(458,38): error TS7006: Parameter 'table' implicitly has an 'any' type.
src/components/pos/layouts/POSLayoutRestin.tsx(551,46): error TS7006: Parameter 'table' implicitly has an 'any' type.
src/components/pos/QuickPayPanel.tsx(18,41): error TS7031: Binding element 'total' implicitly has an 'any' type.
src/components/pos/QuickPayPanel.tsx(18,48): error TS7031: Binding element 'subtotal' implicitly has an 'any' type.
src/components/pos/QuickPayPanel.tsx(18,58): error TS7031: Binding element 'tax' implicitly has an 'any' type.
src/components/pos/QuickPayPanel.tsx(18,63): error TS7031: Binding element 'orderItems' implicitly has an 'any' type.
src/components/pos/QuickPayPanel.tsx(18,75): error TS7031: Binding element 'onHandlePayment' implicitly has an 'any' type.
src/components/pos/QuickPayPanel.tsx(18,92): error TS7031: Binding element 'disabled' implicitly has an 'any' type.
src/components/pos/QuickPayPanel.tsx(19,50): error TS7006: Parameter 'sum' implicitly has an 'any' type.
src/components/pos/QuickPayPanel.tsx(19,55): error TS7006: Parameter 'item' implicitly has an 'any' type.
src/components/pos/SeatSelector.tsx(13,51): error TS7031: Binding element 'onChange' implicitly has an 'any' type.
src/components/pos/TableMergeModal.tsx(7,43): error TS7031: Binding element 'open' implicitly has an 'any' type.
src/components/pos/TableMergeModal.tsx(7,49): error TS7031: Binding element 'onClose' implicitly has an 'any' type.
src/components/pos/TableMergeModal.tsx(7,58): error TS7031: Binding element 'currentTable' implicitly has an 'any' type.
src/components/pos/TableMergeModal.tsx(7,72): error TS7031: Binding element 'availableTables' implicitly has an 'any' type.
src/components/pos/TableMergeModal.tsx(7,89): error TS7031: Binding element 'onConfirm' implicitly has an 'any' type.
src/components/pos/TableMergeModal.tsx(11,24): error TS7006: Parameter 'table' implicitly has an 'any' type.
src/components/pos/TableMergeModal.tsx(12,36): error TS2339: Property 'id' does not exist on type 'never'.
src/components/pos/TableMergeModal.tsx(13,52): error TS2339: Property 'id' does not exist on type 'never'.
src/components/pos/TableMergeModal.tsx(15,25): error TS2345: Argument of type '(prev: never[]) => any[]' is not assignable to parameter of type 'SetStateAction<never[]>'.
  Type '(prev: never[]) => any[]' is not assignable to type '(prevState: never[]) => never[]'.
    Type 'any[]' is not assignable to type 'never[]'.
      Type 'any' is not assignable to type 'never'.
src/components/pos/TableMergeModal.tsx(21,48): error TS2339: Property 'id' does not exist on type 'never'.
src/components/pos/TableMergeModal.tsx(52,40): error TS7006: Parameter 't' implicitly has an 'any' type.
src/components/pos/TableMergeModal.tsx(52,76): error TS7006: Parameter 'table' implicitly has an 'any' type.
src/components/pos/TableMergeModal.tsx(53,63): error TS2339: Property 'id' does not exist on type 'never'.
src/components/pos/TableMergeModal.tsx(82,42): error TS2339: Property 'id' does not exist on type 'never'.
src/components/pos/TableMergeModal.tsx(84,49): error TS2339: Property 'name' does not exist on type 'never'.
src/components/pos/TableMergeModal.tsx(89,105): error TS2339: Property 'guests' does not exist on type 'never'.
src/components/search/UniversalSearchBar.tsx(41,23): error TS7006: Parameter 'v' implicitly has an 'any' type.
src/components/search/UniversalSearchBar.tsx(44,22): error TS7006: Parameter 'v' implicitly has an 'any' type.
src/components/search/UniversalSearchBar.tsx(49,62): error TS2339: Property 'tickets' does not exist on type '{}'.
src/components/search/UniversalSearchBar.tsx(50,60): error TS2339: Property 'orders' does not exist on type '{}'.
src/components/search/UniversalSearchBar.tsx(51,60): error TS2339: Property 'tables' does not exist on type '{}'.
src/components/search/UniversalSearchBar.tsx(52,68): error TS2339: Property 'menu_items' does not exist on type '{}'.
src/components/search/UniversalSearchBar.tsx(53,60): error TS2339: Property 'guests' does not exist on type '{}'.
src/components/search/UniversalSearchBar.tsx(54,66): error TS2339: Property 'inventory' does not exist on type '{}'.
src/components/search/UniversalSearchBar.tsx(55,58): error TS2339: Property 'users' does not exist on type '{}'.
src/components/search/UniversalSearchBar.tsx(59,34): error TS7006: Parameter 'payload' implicitly has an 'any' type.
src/components/search/UniversalSearchBar.tsx(75,28): error TS7006: Parameter 'query' implicitly has an 'any' type.
src/components/search/UniversalSearchBar.tsx(82,22): error TS2349: This expression is not callable.
  Type 'never' has no call signatures.
src/components/search/UniversalSearchBar.tsx(102,18): error TS2345: Argument of type '{ tickets: never[]; orders: never[]; tables: never[]; menu_items: never[]; guests: never[]; inventory: never[]; users: never[]; }' is not assignable to parameter of type 'SetStateAction<null>'.
  Type '{ tickets: never[]; orders: never[]; tables: never[]; menu_items: never[]; guests: never[]; inventory: never[]; users: never[]; }' provides no match for the signature '(prevState: null): null'.
src/components/search/UniversalSearchBar.tsx(103,22): error TS2349: This expression is not callable.
  Type 'never' has no call signatures.
src/components/search/UniversalSearchBar.tsx(109,22): error TS2349: This expression is not callable.
  Type 'never' has no call signatures.
src/components/search/UniversalSearchBar.tsx(117,5): error TS2322: Type 'Timeout' is not assignable to type 'null'.
src/components/search/UniversalSearchBar.tsx(124,22): error TS7006: Parameter 'item' implicitly has an 'any' type.
src/components/search/UniversalSearchBar.tsx(137,20): error TS7006: Parameter 'item' implicitly has an 'any' type.
src/components/search/UniversalSearchBar.tsx(204,39): error TS2349: This expression is not callable.
  Type 'never' has no call signatures.
src/components/shared/DetailDrawer.tsx(30,3): error TS7031: Binding element 'open' implicitly has an 'any' type.
src/components/shared/DetailDrawer.tsx(31,3): error TS7031: Binding element 'onOpenChange' implicitly has an 'any' type.
src/components/shared/DetailDrawer.tsx(32,3): error TS7031: Binding element 'title' implicitly has an 'any' type.
src/components/shared/DetailDrawer.tsx(33,3): error TS7031: Binding element 'subtitle' implicitly has an 'any' type.
src/components/shared/DetailDrawer.tsx(34,3): error TS7031: Binding element 'badge' implicitly has an 'any' type.
src/components/shared/DetailDrawer.tsx(38,3): error TS7031: Binding element 'children' implicitly has an 'any' type.
src/components/shared/DetailDrawer.tsx(52,23): error TS7053: Element implicitly has an 'any' type because expression of type 'string' can't be used to index type '{ default: string; lg: string; xl: string; '2xl': string; full: string; }'.
  No index signature with a parameter of type 'string' was found on type '{ default: string; lg: string; xl: string; '2xl': string; full: string; }'.
src/components/shared/DetailDrawer.tsx(80,37): error TS2339: Property 'icon' does not exist on type 'never'.
src/components/shared/DetailDrawer.tsx(84,37): error TS2339: Property 'variant' does not exist on type 'never'.
src/components/shared/DetailDrawer.tsx(86,37): error TS2339: Property 'onClick' does not exist on type 'never'.
src/components/shared/DetailDrawer.tsx(87,38): error TS2339: Property 'disabled' does not exist on type 'never'.
src/components/shared/DetailDrawer.tsx(90,29): error TS2339: Property 'label' does not exist on type 'never'.
src/components/shared/DetailDrawer.tsx(101,41): error TS2339: Property 'key' does not exist on type 'never'.
src/components/shared/DetailDrawer.tsx(105,38): error TS2339: Property 'icon' does not exist on type 'never'.
src/components/shared/DetailDrawer.tsx(107,45): error TS2339: Property 'key' does not exist on type 'never'.
src/components/shared/DetailDrawer.tsx(107,61): error TS2339: Property 'key' does not exist on type 'never'.
src/components/shared/DetailDrawer.tsx(109,30): error TS2339: Property 'label' does not exist on type 'never'.
src/components/shared/DetailDrawer.tsx(116,16): error TS2322: Type '{ children: Element[]; className: string; }' is not assignable to type 'IntrinsicAttributes & RefAttributes<unknown>'.
  Property 'children' does not exist on type 'IntrinsicAttributes & RefAttributes<unknown>'.
src/components/shared/DetailDrawer.tsx(118,41): error TS2339: Property 'key' does not exist on type 'never'.
src/components/shared/DetailDrawer.tsx(118,57): error TS2339: Property 'key' does not exist on type 'never'.
src/components/shared/DetailDrawer.tsx(119,26): error TS2339: Property 'content' does not exist on type 'never'.
src/components/shared/DetailDrawer.tsx(125,14): error TS2322: Type '{ children: Element; className: string; }' is not assignable to type 'IntrinsicAttributes & RefAttributes<unknown>'.
  Property 'children' does not exist on type 'IntrinsicAttributes & RefAttributes<unknown>'.
src/components/shared/DetailDrawer.tsx(140,27): error TS7031: Binding element 'label' implicitly has an 'any' type.
src/components/shared/DetailDrawer.tsx(140,34): error TS7031: Binding element 'value' implicitly has an 'any' type.
src/components/shared/DetailDrawer.tsx(170,31): error TS7031: Binding element 'title' implicitly has an 'any' type.
src/components/shared/DetailDrawer.tsx(170,38): error TS7031: Binding element 'children' implicitly has an 'any' type.
src/components/shared/Drawer.tsx(6,34): error TS7031: Binding element 'open' implicitly has an 'any' type.
src/components/shared/Drawer.tsx(6,40): error TS7031: Binding element 'onClose' implicitly has an 'any' type.
src/components/shared/Drawer.tsx(6,49): error TS7031: Binding element 'title' implicitly has an 'any' type.
src/components/shared/Drawer.tsx(6,56): error TS7031: Binding element 'children' implicitly has an 'any' type.
src/components/shared/Drawer.tsx(17,48): error TS7053: Element implicitly has an 'any' type because expression of type 'string' can't be used to index type '{ sm: string; md: string; lg: string; xl: string; full: string; }'.
  No index signature with a parameter of type 'string' was found on type '{ sm: string; md: string; lg: string; xl: string; full: string; }'.
src/components/shared/EmployeeLink.tsx(12,40): error TS7031: Binding element 'code' implicitly has an 'any' type.
src/components/shared/EmployeeLink.tsx(12,46): error TS7031: Binding element 'name' implicitly has an 'any' type.
src/components/shared/EmployeeLink.tsx(12,52): error TS7031: Binding element 'subtitle' implicitly has an 'any' type.
src/components/shared/FilterBar.tsx(7,37): error TS7031: Binding element 'filters' implicitly has an 'any' type.
src/components/shared/FilterBar.tsx(7,46): error TS7031: Binding element 'onFilterChange' implicitly has an 'any' type.
src/components/shared/FilterBar.tsx(7,62): error TS7031: Binding element 'className' implicitly has an 'any' type.
src/components/shared/FilterBar.tsx(13,21): error TS7006: Parameter 'filter' implicitly has an 'any' type.
src/components/shared/FilterBar.tsx(23,34): error TS7006: Parameter 'option' implicitly has an 'any' type.
src/components/shared/GlobalSearch.tsx(44,40): error TS7031: Binding element 'open' implicitly has an 'any' type.
src/components/shared/GlobalSearch.tsx(44,46): error TS7031: Binding element 'onOpenChange' implicitly has an 'any' type.
src/components/shared/GlobalSearch.tsx(72,12): error TS7006: Parameter 'searchQuery' implicitly has an 'any' type.
src/components/shared/GlobalSearch.tsx(136,28): error TS7006: Parameter 'e' implicitly has an 'any' type.
src/components/shared/GlobalSearch.tsx(155,25): error TS7006: Parameter 'item' implicitly has an 'any' type.
src/components/shared/GlobalSearch.tsx(204,10): error TS2322: Type '{ children: (false | "" | Element)[]; className: string; }' is not assignable to type 'IntrinsicAttributes & RefAttributes<unknown>'.
  Property 'children' does not exist on type 'IntrinsicAttributes & RefAttributes<unknown>'.
src/components/shared/GlobalSearch.tsx(271,34): error TS7053: Element implicitly has an 'any' type because expression of type 'string' can't be used to index type '{ menu_items: ForwardRefExoticComponent<Omit<LucideProps, "ref"> & RefAttributes<SVGSVGElement>>; ... 7 more ...; item: ForwardRefExoticComponent<...>; }'.
  No index signature with a parameter of type 'string' was found on type '{ menu_items: ForwardRefExoticComponent<Omit<LucideProps, "ref"> & RefAttributes<SVGSVGElement>>; ... 7 more ...; item: ForwardRefExoticComponent<...>; }'.
src/components/shared/PrintPreviewModal.tsx(7,45): error TS7031: Binding element 'open' implicitly has an 'any' type.
src/components/shared/PrintPreviewModal.tsx(7,51): error TS7031: Binding element 'onClose' implicitly has an 'any' type.
src/components/shared/PrintPreviewModal.tsx(7,60): error TS7031: Binding element 'content' implicitly has an 'any' type.
src/components/shared/PrintPreviewModal.tsx(15,5): error TS18047: 'printWindow' is possibly 'null'.
src/components/shared/PrintPreviewModal.tsx(55,5): error TS18047: 'printWindow' is possibly 'null'.
src/components/shared/PrintPreviewModal.tsx(67,10): error TS2322: Type '{ children: Element; className: string; }' is not assignable to type 'IntrinsicAttributes & RefAttributes<unknown>'.
  Property 'children' does not exist on type 'IntrinsicAttributes & RefAttributes<unknown>'.
src/components/shared/SearchBar.tsx(6,37): error TS7031: Binding element 'value' implicitly has an 'any' type.
src/components/shared/SearchBar.tsx(6,44): error TS7031: Binding element 'onChange' implicitly has an 'any' type.
src/components/shared/SearchBar.tsx(6,81): error TS7031: Binding element 'className' implicitly has an 'any' type.
src/components/SplitBillModal.tsx(6,42): error TS7031: Binding element 'order' implicitly has an 'any' type.
src/components/SplitBillModal.tsx(6,49): error TS7031: Binding element 'items' implicitly has an 'any' type.
src/components/SplitBillModal.tsx(6,56): error TS7031: Binding element 'onClose' implicitly has an 'any' type.
src/components/SplitBillModal.tsx(6,65): error TS7031: Binding element 'onSplit' implicitly has an 'any' type.
src/components/SplitBillModal.tsx(15,31): error TS7006: Parameter 'itemId' implicitly has an 'any' type.
src/components/SplitBillModal.tsx(16,36): error TS2345: Argument of type 'any' is not assignable to parameter of type 'never'.
src/components/SplitBillModal.tsx(19,31): error TS2322: Type 'any' is not assignable to type 'never'.
src/components/SplitBillModal.tsx(19,49): error TS2322: Type 'any' is not assignable to type 'never'.
src/components/SplitBillModal.tsx(27,40): error TS7006: Parameter 'i' implicitly has an 'any' type.
src/components/SplitBillModal.tsx(31,41): error TS7006: Parameter 'i' implicitly has an 'any' type.
src/components/SplitBillModal.tsx(31,70): error TS2345: Argument of type 'any' is not assignable to parameter of type 'never'.
src/components/SplitBillModal.tsx(32,39): error TS7006: Parameter 'i' implicitly has an 'any' type.
src/components/SplitBillModal.tsx(32,67): error TS2345: Argument of type 'any' is not assignable to parameter of type 'never'.
src/components/SplitBillModal.tsx(34,46): error TS7006: Parameter 'sum' implicitly has an 'any' type.
src/components/SplitBillModal.tsx(34,51): error TS7006: Parameter 'item' implicitly has an 'any' type.
src/components/SplitBillModal.tsx(35,45): error TS7006: Parameter 'sum' implicitly has an 'any' type.
src/components/SplitBillModal.tsx(35,50): error TS7006: Parameter 'item' implicitly has an 'any' type.
src/components/SplitBillModal.tsx(92,34): error TS2322: Type '{ children: Element; className: string; }' is not assignable to type 'IntrinsicAttributes & RefAttributes<unknown>'.
  Property 'children' does not exist on type 'IntrinsicAttributes & RefAttributes<unknown>'.
src/components/SplitBillModal.tsx(94,61): error TS7006: Parameter 'item' implicitly has an 'any' type.
src/components/SplitBillModal.tsx(133,34): error TS2322: Type '{ children: Element; className: string; }' is not assignable to type 'IntrinsicAttributes & RefAttributes<unknown>'.
  Property 'children' does not exist on type 'IntrinsicAttributes & RefAttributes<unknown>'.
src/components/SplitBillModal.tsx(135,59): error TS7006: Parameter 'item' implicitly has an 'any' type.
src/components/StateModal.tsx(91,3): error TS7031: Binding element 'title' implicitly has an 'any' type.
src/components/StateModal.tsx(92,3): error TS7031: Binding element 'message' implicitly has an 'any' type.
src/components/StateModal.tsx(93,3): error TS7031: Binding element 'details' implicitly has an 'any' type.
src/components/StateModal.tsx(95,3): error TS7031: Binding element 'onClose' implicitly has an 'any' type.
src/components/StateModal.tsx(97,9): error TS7031: Binding element 'CustomIcon' implicitly has an 'any' type.
src/components/StateModal.tsx(99,30): error TS7053: Element implicitly has an 'any' type because expression of type 'string' can't be used to index type '{ error: ForwardRefExoticComponent<Omit<LucideProps, "ref"> & RefAttributes<SVGSVGElement>>; ... 7 more ...; alert: ForwardRefExoticComponent<...>; }'.
  No index signature with a parameter of type 'string' was found on type '{ error: ForwardRefExoticComponent<Omit<LucideProps, "ref"> & RefAttributes<SVGSVGElement>>; ... 7 more ...; alert: ForwardRefExoticComponent<...>; }'.
src/components/StateModal.tsx(100,18): error TS7053: Element implicitly has an 'any' type because expression of type 'string' can't be used to index type '{ error: { icon: string; glow: string; border: string; }; warning: { icon: string; glow: string; border: string; }; info: { icon: string; glow: string; border: string; }; success: { icon: string; glow: string; border: string; }; ... 4 more ...; alert: { ...; }; }'.
  No index signature with a parameter of type 'string' was found on type '{ error: { icon: string; glow: string; border: string; }; warning: { icon: string; glow: string; border: string; }; info: { icon: string; glow: string; border: string; }; success: { icon: string; glow: string; border: string; }; ... 4 more ...; alert: { ...; }; }'.
src/components/StateModal.tsx(168,31): error TS2339: Property 'onClick' does not exist on type 'never'.
src/components/StateModal.tsx(169,32): error TS2339: Property 'disabled' does not exist on type 'never'.
src/components/StateModal.tsx(170,121): error TS2339: Property 'variant' does not exist on type 'never'.
src/components/StateModal.tsx(175,24): error TS2339: Property 'variant' does not exist on type 'never'.
src/components/StateModal.tsx(175,59): error TS2339: Property 'disabled' does not exist on type 'never'.
src/components/StateModal.tsx(180,28): error TS2339: Property 'disabled' does not exist on type 'never'.
src/components/StateModal.tsx(188,23): error TS2339: Property 'label' does not exist on type 'never'.
src/components/StateModal.tsx(214,22): error TS7006: Parameter 'title' implicitly has an 'any' type.
src/components/StateModal.tsx(214,29): error TS7006: Parameter 'message' implicitly has an 'any' type.
src/components/StateModal.tsx(214,38): error TS7006: Parameter 'actions' implicitly has an 'any' type.
src/components/StateModal.tsx(215,16): error TS2353: Object literal may only specify known properties, and 'type' does not exist in type '(prevState: null) => null'.
src/components/StateModal.tsx(218,24): error TS7006: Parameter 'title' implicitly has an 'any' type.
src/components/StateModal.tsx(218,31): error TS7006: Parameter 'message' implicitly has an 'any' type.
src/components/StateModal.tsx(218,40): error TS7006: Parameter 'actions' implicitly has an 'any' type.
src/components/StateModal.tsx(219,16): error TS2353: Object literal may only specify known properties, and 'type' does not exist in type '(prevState: null) => null'.
src/components/StateModal.tsx(222,21): error TS7006: Parameter 'title' implicitly has an 'any' type.
src/components/StateModal.tsx(222,28): error TS7006: Parameter 'message' implicitly has an 'any' type.
src/components/StateModal.tsx(222,37): error TS7006: Parameter 'actions' implicitly has an 'any' type.
src/components/StateModal.tsx(223,16): error TS2353: Object literal may only specify known properties, and 'type' does not exist in type '(prevState: null) => null'.
src/components/StateModal.tsx(226,24): error TS7006: Parameter 'title' implicitly has an 'any' type.
src/components/StateModal.tsx(226,31): error TS7006: Parameter 'message' implicitly has an 'any' type.
src/components/StateModal.tsx(226,40): error TS7006: Parameter 'actions' implicitly has an 'any' type.
src/components/StateModal.tsx(227,16): error TS2353: Object literal may only specify known properties, and 'type' does not exist in type '(prevState: null) => null'.
src/components/StateModal.tsx(230,33): error TS7006: Parameter 'resource' implicitly has an 'any' type.
src/components/StateModal.tsx(230,43): error TS7006: Parameter 'actions' implicitly has an 'any' type.
src/components/StateModal.tsx(232,7): error TS2353: Object literal may only specify known properties, and 'type' does not exist in type '(prevState: null) => null'.
src/components/StateModal.tsx(250,23): error TS2698: Spread types may only be created from object types.
src/components/ui/accordion.tsx(9,43): error TS2339: Property 'className' does not exist on type '{}'.
src/components/ui/accordion.tsx(10,28): error TS2322: Type 'ForwardedRef<unknown>' is not assignable to type 'LegacyRef<HTMLDivElement> | undefined'.
  Type 'MutableRefObject<unknown>' is not assignable to type 'LegacyRef<HTMLDivElement> | undefined'.
    Type 'MutableRefObject<unknown>' is not assignable to type 'RefObject<HTMLDivElement>'.
      Types of property 'current' are incompatible.
        Type 'unknown' is not assignable to type 'HTMLDivElement | null'.
src/components/ui/accordion.tsx(14,46): error TS2339: Property 'className' does not exist on type '{}'.
src/components/ui/accordion.tsx(14,57): error TS2339: Property 'children' does not exist on type '{}'.
src/components/ui/accordion.tsx(17,7): error TS2322: Type 'ForwardedRef<unknown>' is not assignable to type 'LegacyRef<HTMLButtonElement> | undefined'.
  Type 'MutableRefObject<unknown>' is not assignable to type 'LegacyRef<HTMLButtonElement> | undefined'.
    Type 'MutableRefObject<unknown>' is not assignable to type 'RefObject<HTMLButtonElement>'.
      Types of property 'current' are incompatible.
        Type 'unknown' is not assignable to type 'HTMLButtonElement | null'.
src/components/ui/accordion.tsx(31,46): error TS2339: Property 'className' does not exist on type '{}'.
src/components/ui/accordion.tsx(31,57): error TS2339: Property 'children' does not exist on type '{}'.
src/components/ui/accordion.tsx(33,5): error TS2322: Type 'ForwardedRef<unknown>' is not assignable to type 'LegacyRef<HTMLDivElement> | undefined'.
  Type 'MutableRefObject<unknown>' is not assignable to type 'LegacyRef<HTMLDivElement> | undefined'.
    Type 'MutableRefObject<unknown>' is not assignable to type 'RefObject<HTMLDivElement>'.
      Types of property 'current' are incompatible.
        Type 'unknown' is not assignable to type 'HTMLDivElement | null'.
src/components/ui/alert-dialog.tsx(13,48): error TS2339: Property 'className' does not exist on type '{}'.
src/components/ui/alert-dialog.tsx(20,5): error TS2322: Type 'ForwardedRef<unknown>' is not assignable to type 'LegacyRef<HTMLDivElement> | undefined'.
  Type 'MutableRefObject<unknown>' is not assignable to type 'LegacyRef<HTMLDivElement> | undefined'.
    Type 'MutableRefObject<unknown>' is not assignable to type 'RefObject<HTMLDivElement>'.
      Types of property 'current' are incompatible.
        Type 'unknown' is not assignable to type 'HTMLDivElement | null'.
src/components/ui/alert-dialog.tsx(24,48): error TS2339: Property 'className' does not exist on type '{}'.
src/components/ui/alert-dialog.tsx(28,7): error TS2322: Type 'ForwardedRef<unknown>' is not assignable to type 'LegacyRef<HTMLDivElement> | undefined'.
  Type 'MutableRefObject<unknown>' is not assignable to type 'LegacyRef<HTMLDivElement> | undefined'.
    Type 'MutableRefObject<unknown>' is not assignable to type 'RefObject<HTMLDivElement>'.
      Types of property 'current' are incompatible.
        Type 'unknown' is not assignable to type 'HTMLDivElement | null'.
src/components/ui/alert-dialog.tsx(39,3): error TS7031: Binding element 'className' implicitly has an 'any' type.
src/components/ui/alert-dialog.tsx(49,3): error TS7031: Binding element 'className' implicitly has an 'any' type.
src/components/ui/alert-dialog.tsx(58,46): error TS2339: Property 'className' does not exist on type '{}'.
src/components/ui/alert-dialog.tsx(59,31): error TS2322: Type 'ForwardedRef<unknown>' is not assignable to type 'LegacyRef<HTMLHeadingElement> | undefined'.
  Type 'MutableRefObject<unknown>' is not assignable to type 'LegacyRef<HTMLHeadingElement> | undefined'.
    Type 'MutableRefObject<unknown>' is not assignable to type 'RefObject<HTMLHeadingElement>'.
      Types of property 'current' are incompatible.
        Type 'unknown' is not assignable to type 'HTMLHeadingElement | null'.
src/components/ui/alert-dialog.tsx(63,52): error TS2339: Property 'className' does not exist on type '{}'.
src/components/ui/alert-dialog.tsx(65,5): error TS2322: Type 'ForwardedRef<unknown>' is not assignable to type 'LegacyRef<HTMLParagraphElement> | undefined'.
  Type 'MutableRefObject<unknown>' is not assignable to type 'LegacyRef<HTMLParagraphElement> | undefined'.
    Type 'MutableRefObject<unknown>' is not assignable to type 'RefObject<HTMLParagraphElement>'.
      Types of property 'current' are incompatible.
        Type 'unknown' is not assignable to type 'HTMLParagraphElement | null'.
src/components/ui/alert-dialog.tsx(72,47): error TS2339: Property 'className' does not exist on type '{}'.
src/components/ui/alert-dialog.tsx(73,32): error TS2322: Type 'ForwardedRef<unknown>' is not assignable to type 'LegacyRef<HTMLButtonElement> | undefined'.
  Type 'MutableRefObject<unknown>' is not assignable to type 'LegacyRef<HTMLButtonElement> | undefined'.
    Type 'MutableRefObject<unknown>' is not assignable to type 'RefObject<HTMLButtonElement>'.
      Types of property 'current' are incompatible.
        Type 'unknown' is not assignable to type 'HTMLButtonElement | null'.
src/components/ui/alert-dialog.tsx(77,47): error TS2339: Property 'className' does not exist on type '{}'.
src/components/ui/alert-dialog.tsx(79,5): error TS2322: Type 'ForwardedRef<unknown>' is not assignable to type 'LegacyRef<HTMLButtonElement> | undefined'.
  Type 'MutableRefObject<unknown>' is not assignable to type 'LegacyRef<HTMLButtonElement> | undefined'.
    Type 'MutableRefObject<unknown>' is not assignable to type 'RefObject<HTMLButtonElement>'.
      Types of property 'current' are incompatible.
        Type 'unknown' is not assignable to type 'HTMLButtonElement | null'.
src/components/ui/alert.tsx(21,35): error TS2339: Property 'className' does not exist on type '{}'.
src/components/ui/alert.tsx(21,46): error TS2339: Property 'variant' does not exist on type '{}'.
src/components/ui/alert.tsx(24,7): error TS2322: Type 'ForwardedRef<unknown>' is not assignable to type 'LegacyRef<HTMLDivElement> | undefined'.
  Type 'MutableRefObject<unknown>' is not assignable to type 'LegacyRef<HTMLDivElement> | undefined'.
    Type 'MutableRefObject<unknown>' is not assignable to type 'RefObject<HTMLDivElement>'.
      Types of property 'current' are incompatible.
        Type 'unknown' is not assignable to type 'HTMLDivElement | null'.
src/components/ui/alert.tsx(33,40): error TS2339: Property 'className' does not exist on type '{}'.
src/components/ui/alert.tsx(35,5): error TS2322: Type 'ForwardedRef<unknown>' is not assignable to type 'LegacyRef<HTMLHeadingElement> | undefined'.
  Type 'MutableRefObject<unknown>' is not assignable to type 'LegacyRef<HTMLHeadingElement> | undefined'.
    Type 'MutableRefObject<unknown>' is not assignable to type 'RefObject<HTMLHeadingElement>'.
      Types of property 'current' are incompatible.
        Type 'unknown' is not assignable to type 'HTMLHeadingElement | null'.
src/components/ui/alert.tsx(42,46): error TS2339: Property 'className' does not exist on type '{}'.
src/components/ui/alert.tsx(44,5): error TS2322: Type 'ForwardedRef<unknown>' is not assignable to type 'LegacyRef<HTMLDivElement> | undefined'.
  Type 'MutableRefObject<unknown>' is not assignable to type 'LegacyRef<HTMLDivElement> | undefined'.
    Type 'MutableRefObject<unknown>' is not assignable to type 'RefObject<HTMLDivElement>'.
      Types of property 'current' are incompatible.
        Type 'unknown' is not assignable to type 'HTMLDivElement | null'.
src/components/ui/avatar.tsx(6,36): error TS2339: Property 'className' does not exist on type '{}'.
src/components/ui/avatar.tsx(8,5): error TS2322: Type 'ForwardedRef<unknown>' is not assignable to type 'LegacyRef<HTMLSpanElement> | undefined'.
  Type 'MutableRefObject<unknown>' is not assignable to type 'LegacyRef<HTMLSpanElement> | undefined'.
    Type 'MutableRefObject<unknown>' is not assignable to type 'RefObject<HTMLSpanElement>'.
      Types of property 'current' are incompatible.
        Type 'unknown' is not assignable to type 'HTMLSpanElement | null'.
src/components/ui/avatar.tsx(14,41): error TS2339: Property 'className' does not exist on type '{}'.
src/components/ui/avatar.tsx(16,5): error TS2322: Type 'ForwardedRef<unknown>' is not assignable to type 'LegacyRef<HTMLImageElement> | undefined'.
  Type 'MutableRefObject<unknown>' is not assignable to type 'LegacyRef<HTMLImageElement> | undefined'.
    Type 'MutableRefObject<unknown>' is not assignable to type 'RefObject<HTMLImageElement>'.
      Types of property 'current' are incompatible.
        Type 'unknown' is not assignable to type 'HTMLImageElement | null'.
src/components/ui/avatar.tsx(22,44): error TS2339: Property 'className' does not exist on type '{}'.
src/components/ui/avatar.tsx(24,5): error TS2322: Type 'ForwardedRef<unknown>' is not assignable to type 'LegacyRef<HTMLSpanElement> | undefined'.
  Type 'MutableRefObject<unknown>' is not assignable to type 'LegacyRef<HTMLSpanElement> | undefined'.
    Type 'MutableRefObject<unknown>' is not assignable to type 'RefObject<HTMLSpanElement>'.
      Types of property 'current' are incompatible.
        Type 'unknown' is not assignable to type 'HTMLSpanElement | null'.
src/components/ui/breadcrumb.tsx(8,31): error TS2322: Type 'ForwardedRef<unknown>' is not assignable to type 'LegacyRef<HTMLElement> | undefined'.
  Type 'MutableRefObject<unknown>' is not assignable to type 'LegacyRef<HTMLElement> | undefined'.
    Type 'MutableRefObject<unknown>' is not assignable to type 'RefObject<HTMLElement>'.
      Types of property 'current' are incompatible.
        Type 'unknown' is not assignable to type 'HTMLElement | null'.
src/components/ui/breadcrumb.tsx(12,44): error TS2339: Property 'className' does not exist on type '{}'.
src/components/ui/breadcrumb.tsx(14,5): error TS2322: Type 'ForwardedRef<unknown>' is not assignable to type 'LegacyRef<HTMLOListElement> | undefined'.
  Type 'MutableRefObject<unknown>' is not assignable to type 'LegacyRef<HTMLOListElement> | undefined'.
    Type 'MutableRefObject<unknown>' is not assignable to type 'RefObject<HTMLOListElement>'.
      Types of property 'current' are incompatible.
        Type 'unknown' is not assignable to type 'HTMLOListElement | null'.
src/components/ui/breadcrumb.tsx(23,44): error TS2339: Property 'className' does not exist on type '{}'.
src/components/ui/breadcrumb.tsx(25,5): error TS2322: Type 'ForwardedRef<unknown>' is not assignable to type 'LegacyRef<HTMLLIElement> | undefined'.
  Type 'MutableRefObject<unknown>' is not assignable to type 'LegacyRef<HTMLLIElement> | undefined'.
    Type 'MutableRefObject<unknown>' is not assignable to type 'RefObject<HTMLLIElement>'.
      Types of property 'current' are incompatible.
        Type 'unknown' is not assignable to type 'HTMLLIElement | null'.
src/components/ui/breadcrumb.tsx(31,44): error TS2339: Property 'asChild' does not exist on type '{}'.
src/components/ui/breadcrumb.tsx(31,53): error TS2339: Property 'className' does not exist on type '{}'.
src/components/ui/breadcrumb.tsx(36,7): error TS2322: Type 'ForwardedRef<unknown>' is not assignable to type 'LegacyRef<HTMLAnchorElement> | undefined'.
  Type 'MutableRefObject<unknown>' is not assignable to type 'LegacyRef<HTMLAnchorElement> | undefined'.
    Type 'MutableRefObject<unknown>' is not assignable to type 'RefObject<HTMLAnchorElement>'.
      Types of property 'current' are incompatible.
        Type 'unknown' is not assignable to type 'HTMLAnchorElement | null'.
src/components/ui/breadcrumb.tsx(43,44): error TS2339: Property 'className' does not exist on type '{}'.
src/components/ui/breadcrumb.tsx(45,5): error TS2322: Type 'ForwardedRef<unknown>' is not assignable to type 'LegacyRef<HTMLSpanElement> | undefined'.
  Type 'MutableRefObject<unknown>' is not assignable to type 'LegacyRef<HTMLSpanElement> | undefined'.
    Type 'MutableRefObject<unknown>' is not assignable to type 'RefObject<HTMLSpanElement>'.
      Types of property 'current' are incompatible.
        Type 'unknown' is not assignable to type 'HTMLSpanElement | null'.
src/components/ui/breadcrumb.tsx(55,3): error TS7031: Binding element 'children' implicitly has an 'any' type.
src/components/ui/breadcrumb.tsx(56,3): error TS7031: Binding element 'className' implicitly has an 'any' type.
src/components/ui/breadcrumb.tsx(70,3): error TS7031: Binding element 'className' implicitly has an 'any' type.
src/components/ui/calendar.tsx(9,3): error TS7031: Binding element 'className' implicitly has an 'any' type.
src/components/ui/calendar.tsx(10,3): error TS7031: Binding element 'classNames' implicitly has an 'any' type.
src/components/ui/carousel.tsx(22,5): error TS2339: Property 'orientation' does not exist on type '{}'.
src/components/ui/carousel.tsx(23,5): error TS2339: Property 'opts' does not exist on type '{}'.
src/components/ui/carousel.tsx(24,5): error TS2339: Property 'setApi' does not exist on type '{}'.
src/components/ui/carousel.tsx(25,5): error TS2339: Property 'plugins' does not exist on type '{}'.
src/components/ui/carousel.tsx(26,5): error TS2339: Property 'className' does not exist on type '{}'.
src/components/ui/carousel.tsx(27,5): error TS2339: Property 'children' does not exist on type '{}'.
src/components/ui/carousel.tsx(39,39): error TS7006: Parameter 'api' implicitly has an 'any' type.
src/components/ui/carousel.tsx(56,44): error TS7006: Parameter 'event' implicitly has an 'any' type.
src/components/ui/carousel.tsx(90,7): error TS2322: Type '{ carouselRef: EmblaViewportRefType; api: EmblaCarouselType | undefined; opts: any; orientation: any; scrollPrev: () => void; scrollNext: () => void; canScrollPrev: boolean; canScrollNext: boolean; }' is not assignable to type 'null'.
src/components/ui/carousel.tsx(102,9): error TS2322: Type 'ForwardedRef<unknown>' is not assignable to type 'LegacyRef<HTMLDivElement> | undefined'.
  Type 'MutableRefObject<unknown>' is not assignable to type 'LegacyRef<HTMLDivElement> | undefined'.
    Type 'MutableRefObject<unknown>' is not assignable to type 'RefObject<HTMLDivElement>'.
      Types of property 'current' are incompatible.
        Type 'unknown' is not assignable to type 'HTMLDivElement | null'.
src/components/ui/carousel.tsx(115,45): error TS2339: Property 'className' does not exist on type '{}'.
src/components/ui/carousel.tsx(121,9): error TS2322: Type 'ForwardedRef<unknown>' is not assignable to type 'LegacyRef<HTMLDivElement> | undefined'.
  Type 'MutableRefObject<unknown>' is not assignable to type 'LegacyRef<HTMLDivElement> | undefined'.
    Type 'MutableRefObject<unknown>' is not assignable to type 'RefObject<HTMLDivElement>'.
      Types of property 'current' are incompatible.
        Type 'unknown' is not assignable to type 'HTMLDivElement | null'.
src/components/ui/carousel.tsx(133,42): error TS2339: Property 'className' does not exist on type '{}'.
src/components/ui/carousel.tsx(138,7): error TS2322: Type 'ForwardedRef<unknown>' is not assignable to type 'LegacyRef<HTMLDivElement> | undefined'.
  Type 'MutableRefObject<unknown>' is not assignable to type 'LegacyRef<HTMLDivElement> | undefined'.
    Type 'MutableRefObject<unknown>' is not assignable to type 'RefObject<HTMLDivElement>'.
      Types of property 'current' are incompatible.
        Type 'unknown' is not assignable to type 'HTMLDivElement | null'.
src/components/ui/carousel.tsx(151,46): error TS2339: Property 'className' does not exist on type '{}'.
src/components/ui/carousel.tsx(151,57): error TS2339: Property 'variant' does not exist on type '{}'.
src/components/ui/carousel.tsx(151,78): error TS2339: Property 'size' does not exist on type '{}'.
src/components/ui/carousel.tsx(156,7): error TS2322: Type 'ForwardedRef<unknown>' is not assignable to type 'LegacyRef<HTMLButtonElement> | undefined'.
  Type 'MutableRefObject<unknown>' is not assignable to type 'LegacyRef<HTMLButtonElement> | undefined'.
    Type 'MutableRefObject<unknown>' is not assignable to type 'RefObject<HTMLButtonElement>'.
      Types of property 'current' are incompatible.
        Type 'unknown' is not assignable to type 'HTMLButtonElement | null'.
src/components/ui/carousel.tsx(172,42): error TS2339: Property 'className' does not exist on type '{}'.
src/components/ui/carousel.tsx(172,53): error TS2339: Property 'variant' does not exist on type '{}'.
src/components/ui/carousel.tsx(172,74): error TS2339: Property 'size' does not exist on type '{}'.
src/components/ui/carousel.tsx(177,7): error TS2322: Type 'ForwardedRef<unknown>' is not assignable to type 'LegacyRef<HTMLButtonElement> | undefined'.
  Type 'MutableRefObject<unknown>' is not assignable to type 'LegacyRef<HTMLButtonElement> | undefined'.
    Type 'MutableRefObject<unknown>' is not assignable to type 'RefObject<HTMLButtonElement>'.
      Types of property 'current' are incompatible.
        Type 'unknown' is not assignable to type 'HTMLButtonElement | null'.
src/components/ui/command.tsx(8,37): error TS2339: Property 'className' does not exist on type '{}'.
src/components/ui/command.tsx(10,5): error TS2322: Type 'ForwardedRef<unknown>' is not assignable to type 'LegacyRef<HTMLDivElement> | undefined'.
  Type 'MutableRefObject<unknown>' is not assignable to type 'LegacyRef<HTMLDivElement> | undefined'.
    Type 'MutableRefObject<unknown>' is not assignable to type 'RefObject<HTMLDivElement>'.
      Types of property 'current' are incompatible.
        Type 'unknown' is not assignable to type 'HTMLDivElement | null'.
src/components/ui/command.tsx(20,3): error TS7031: Binding element 'children' implicitly has an 'any' type.
src/components/ui/command.tsx(26,10): error TS2322: Type '{ children: any; className: string; }' is not assignable to type 'IntrinsicAttributes & RefAttributes<unknown>'.
  Property 'children' does not exist on type 'IntrinsicAttributes & RefAttributes<unknown>'.
src/components/ui/command.tsx(35,42): error TS2339: Property 'className' does not exist on type '{}'.
src/components/ui/command.tsx(39,7): error TS2322: Type 'ForwardedRef<unknown>' is not assignable to type 'LegacyRef<HTMLInputElement> | undefined'.
  Type 'MutableRefObject<unknown>' is not assignable to type 'LegacyRef<HTMLInputElement> | undefined'.
    Type 'MutableRefObject<unknown>' is not assignable to type 'RefObject<HTMLInputElement>'.
      Types of property 'current' are incompatible.
        Type 'unknown' is not assignable to type 'HTMLInputElement | null'.
src/components/ui/command.tsx(50,41): error TS2339: Property 'className' does not exist on type '{}'.
src/components/ui/command.tsx(52,5): error TS2322: Type 'ForwardedRef<unknown>' is not assignable to type 'LegacyRef<HTMLDivElement> | undefined'.
  Type 'MutableRefObject<unknown>' is not assignable to type 'LegacyRef<HTMLDivElement> | undefined'.
    Type 'MutableRefObject<unknown>' is not assignable to type 'RefObject<HTMLDivElement>'.
      Types of property 'current' are incompatible.
        Type 'unknown' is not assignable to type 'HTMLDivElement | null'.
src/components/ui/command.tsx(60,27): error TS2322: Type 'ForwardedRef<unknown>' is not assignable to type 'LegacyRef<HTMLDivElement> | undefined'.
  Type 'MutableRefObject<unknown>' is not assignable to type 'LegacyRef<HTMLDivElement> | undefined'.
    Type 'MutableRefObject<unknown>' is not assignable to type 'RefObject<HTMLDivElement>'.
      Types of property 'current' are incompatible.
        Type 'unknown' is not assignable to type 'HTMLDivElement | null'.
src/components/ui/command.tsx(65,42): error TS2339: Property 'className' does not exist on type '{}'.
src/components/ui/command.tsx(67,5): error TS2322: Type 'ForwardedRef<unknown>' is not assignable to type 'LegacyRef<HTMLDivElement> | undefined'.
  Type 'MutableRefObject<unknown>' is not assignable to type 'LegacyRef<HTMLDivElement> | undefined'.
    Type 'MutableRefObject<unknown>' is not assignable to type 'RefObject<HTMLDivElement>'.
      Types of property 'current' are incompatible.
        Type 'unknown' is not assignable to type 'HTMLDivElement | null'.
src/components/ui/command.tsx(77,46): error TS2339: Property 'className' does not exist on type '{}'.
src/components/ui/command.tsx(78,31): error TS2322: Type 'ForwardedRef<unknown>' is not assignable to type 'LegacyRef<HTMLDivElement> | undefined'.
  Type 'MutableRefObject<unknown>' is not assignable to type 'LegacyRef<HTMLDivElement> | undefined'.
    Type 'MutableRefObject<unknown>' is not assignable to type 'RefObject<HTMLDivElement>'.
      Types of property 'current' are incompatible.
        Type 'unknown' is not assignable to type 'HTMLDivElement | null'.
src/components/ui/command.tsx(82,41): error TS2339: Property 'className' does not exist on type '{}'.
src/components/ui/command.tsx(84,5): error TS2322: Type 'ForwardedRef<unknown>' is not assignable to type 'LegacyRef<HTMLDivElement> | undefined'.
  Type 'MutableRefObject<unknown>' is not assignable to type 'LegacyRef<HTMLDivElement> | undefined'.
    Type 'MutableRefObject<unknown>' is not assignable to type 'RefObject<HTMLDivElement>'.
      Types of property 'current' are incompatible.
        Type 'unknown' is not assignable to type 'HTMLDivElement | null'.
src/components/ui/command.tsx(95,3): error TS7031: Binding element 'className' implicitly has an 'any' type.
src/components/ui/context-menu.tsx(19,51): error TS2339: Property 'className' does not exist on type '{}'.
src/components/ui/context-menu.tsx(19,62): error TS2339: Property 'inset' does not exist on type '{}'.
src/components/ui/context-menu.tsx(19,69): error TS2339: Property 'children' does not exist on type '{}'.
src/components/ui/context-menu.tsx(21,5): error TS2322: Type 'ForwardedRef<unknown>' is not assignable to type 'LegacyRef<HTMLDivElement> | undefined'.
  Type 'MutableRefObject<unknown>' is not assignable to type 'LegacyRef<HTMLDivElement> | undefined'.
    Type 'MutableRefObject<unknown>' is not assignable to type 'RefObject<HTMLDivElement>'.
      Types of property 'current' are incompatible.
        Type 'unknown' is not assignable to type 'HTMLDivElement | null'.
src/components/ui/context-menu.tsx(34,51): error TS2339: Property 'className' does not exist on type '{}'.
src/components/ui/context-menu.tsx(36,5): error TS2322: Type 'ForwardedRef<unknown>' is not assignable to type 'LegacyRef<HTMLDivElement> | undefined'.
  Type 'MutableRefObject<unknown>' is not assignable to type 'LegacyRef<HTMLDivElement> | undefined'.
    Type 'MutableRefObject<unknown>' is not assignable to type 'RefObject<HTMLDivElement>'.
      Types of property 'current' are incompatible.
        Type 'unknown' is not assignable to type 'HTMLDivElement | null'.
src/components/ui/context-menu.tsx(45,48): error TS2339: Property 'className' does not exist on type '{}'.
src/components/ui/context-menu.tsx(48,7): error TS2322: Type 'ForwardedRef<unknown>' is not assignable to type 'LegacyRef<HTMLDivElement> | undefined'.
  Type 'MutableRefObject<unknown>' is not assignable to type 'LegacyRef<HTMLDivElement> | undefined'.
    Type 'MutableRefObject<unknown>' is not assignable to type 'RefObject<HTMLDivElement>'.
      Types of property 'current' are incompatible.
        Type 'unknown' is not assignable to type 'HTMLDivElement | null'.
src/components/ui/context-menu.tsx(58,45): error TS2339: Property 'className' does not exist on type '{}'.
src/components/ui/context-menu.tsx(58,56): error TS2339: Property 'inset' does not exist on type '{}'.
src/components/ui/context-menu.tsx(60,5): error TS2322: Type 'ForwardedRef<unknown>' is not assignable to type 'LegacyRef<HTMLDivElement> | undefined'.
  Type 'MutableRefObject<unknown>' is not assignable to type 'LegacyRef<HTMLDivElement> | undefined'.
    Type 'MutableRefObject<unknown>' is not assignable to type 'RefObject<HTMLDivElement>'.
      Types of property 'current' are incompatible.
        Type 'unknown' is not assignable to type 'HTMLDivElement | null'.
src/components/ui/context-menu.tsx(70,53): error TS2339: Property 'className' does not exist on type '{}'.
src/components/ui/context-menu.tsx(70,64): error TS2339: Property 'children' does not exist on type '{}'.
src/components/ui/context-menu.tsx(70,74): error TS2339: Property 'checked' does not exist on type '{}'.
src/components/ui/context-menu.tsx(72,5): error TS2322: Type 'ForwardedRef<unknown>' is not assignable to type 'LegacyRef<HTMLDivElement> | undefined'.
  Type 'MutableRefObject<unknown>' is not assignable to type 'LegacyRef<HTMLDivElement> | undefined'.
    Type 'MutableRefObject<unknown>' is not assignable to type 'RefObject<HTMLDivElement>'.
      Types of property 'current' are incompatible.
        Type 'unknown' is not assignable to type 'HTMLDivElement | null'.
src/components/ui/context-menu.tsx(90,50): error TS2339: Property 'className' does not exist on type '{}'.
src/components/ui/context-menu.tsx(90,61): error TS2339: Property 'children' does not exist on type '{}'.
src/components/ui/context-menu.tsx(92,5): error TS2322: Type 'ForwardedRef<unknown>' is not assignable to type 'LegacyRef<HTMLDivElement> | undefined'.
  Type 'MutableRefObject<unknown>' is not assignable to type 'LegacyRef<HTMLDivElement> | undefined'.
    Type 'MutableRefObject<unknown>' is not assignable to type 'RefObject<HTMLDivElement>'.
      Types of property 'current' are incompatible.
        Type 'unknown' is not assignable to type 'HTMLDivElement | null'.
src/components/ui/context-menu.tsx(108,46): error TS2339: Property 'className' does not exist on type '{}'.
src/components/ui/context-menu.tsx(108,57): error TS2339: Property 'inset' does not exist on type '{}'.
src/components/ui/context-menu.tsx(110,5): error TS2322: Type 'ForwardedRef<unknown>' is not assignable to type 'LegacyRef<HTMLDivElement> | undefined'.
  Type 'MutableRefObject<unknown>' is not assignable to type 'LegacyRef<HTMLDivElement> | undefined'.
    Type 'MutableRefObject<unknown>' is not assignable to type 'RefObject<HTMLDivElement>'.
      Types of property 'current' are incompatible.
        Type 'unknown' is not assignable to type 'HTMLDivElement | null'.
src/components/ui/context-menu.tsx(120,50): error TS2339: Property 'className' does not exist on type '{}'.
src/components/ui/context-menu.tsx(122,5): error TS2322: Type 'ForwardedRef<unknown>' is not assignable to type 'LegacyRef<HTMLDivElement> | undefined'.
  Type 'MutableRefObject<unknown>' is not assignable to type 'LegacyRef<HTMLDivElement> | undefined'.
    Type 'MutableRefObject<unknown>' is not assignable to type 'RefObject<HTMLDivElement>'.
      Types of property 'current' are incompatible.
        Type 'unknown' is not assignable to type 'HTMLDivElement | null'.
src/components/ui/context-menu.tsx(129,3): error TS7031: Binding element 'className' implicitly has an 'any' type.
src/components/ui/drawer.tsx(20,43): error TS2339: Property 'className' does not exist on type '{}'.
src/components/ui/drawer.tsx(22,5): error TS2322: Type 'ForwardedRef<unknown>' is not assignable to type 'LegacyRef<HTMLDivElement> | undefined'.
  Type 'MutableRefObject<unknown>' is not assignable to type 'LegacyRef<HTMLDivElement> | undefined'.
    Type 'MutableRefObject<unknown>' is not assignable to type 'RefObject<HTMLDivElement>'.
      Types of property 'current' are incompatible.
        Type 'unknown' is not assignable to type 'HTMLDivElement | null'.
src/components/ui/drawer.tsx(28,43): error TS2339: Property 'className' does not exist on type '{}'.
src/components/ui/drawer.tsx(28,54): error TS2339: Property 'children' does not exist on type '{}'.
src/components/ui/drawer.tsx(32,7): error TS2322: Type 'ForwardedRef<unknown>' is not assignable to type 'LegacyRef<HTMLDivElement> | undefined'.
  Type 'MutableRefObject<unknown>' is not assignable to type 'LegacyRef<HTMLDivElement> | undefined'.
    Type 'MutableRefObject<unknown>' is not assignable to type 'RefObject<HTMLDivElement>'.
      Types of property 'current' are incompatible.
        Type 'unknown' is not assignable to type 'HTMLDivElement | null'.
src/components/ui/drawer.tsx(46,3): error TS7031: Binding element 'className' implicitly has an 'any' type.
src/components/ui/drawer.tsx(56,3): error TS7031: Binding element 'className' implicitly has an 'any' type.
src/components/ui/drawer.tsx(63,41): error TS2339: Property 'className' does not exist on type '{}'.
src/components/ui/drawer.tsx(65,5): error TS2322: Type 'ForwardedRef<unknown>' is not assignable to type 'LegacyRef<HTMLHeadingElement> | undefined'.
  Type 'MutableRefObject<unknown>' is not assignable to type 'LegacyRef<HTMLHeadingElement> | undefined'.
    Type 'MutableRefObject<unknown>' is not assignable to type 'RefObject<HTMLHeadingElement>'.
      Types of property 'current' are incompatible.
        Type 'unknown' is not assignable to type 'HTMLHeadingElement | null'.
src/components/ui/drawer.tsx(71,47): error TS2339: Property 'className' does not exist on type '{}'.
src/components/ui/drawer.tsx(73,5): error TS2322: Type 'ForwardedRef<unknown>' is not assignable to type 'LegacyRef<HTMLParagraphElement> | undefined'.
  Type 'MutableRefObject<unknown>' is not assignable to type 'LegacyRef<HTMLParagraphElement> | undefined'.
    Type 'MutableRefObject<unknown>' is not assignable to type 'RefObject<HTMLParagraphElement>'.
      Types of property 'current' are incompatible.
        Type 'unknown' is not assignable to type 'HTMLParagraphElement | null'.
src/components/ui/form.tsx(19,8): error TS2741: Property 'render' is missing in type '{}' but required in type '{ render: ({ field, fieldState, formState, }: { field: ControllerRenderProps<FieldValues, string>; fieldState: ControllerFieldState; formState: UseFormStateReturn<FieldValues>; }) => ReactElement<...>; }'.
src/components/ui/form.tsx(29,49): error TS2339: Property 'name' does not exist on type '{}'.
src/components/ui/form.tsx(35,11): error TS2339: Property 'id' does not exist on type '{}'.
src/components/ui/form.tsx(39,24): error TS2339: Property 'name' does not exist on type '{}'.
src/components/ui/form.tsx(49,38): error TS2339: Property 'className' does not exist on type '{}'.
src/components/ui/form.tsx(54,12): error TS2322: Type 'ForwardedRef<unknown>' is not assignable to type 'LegacyRef<HTMLDivElement> | undefined'.
  Type 'MutableRefObject<unknown>' is not assignable to type 'LegacyRef<HTMLDivElement> | undefined'.
    Type 'MutableRefObject<unknown>' is not assignable to type 'RefObject<HTMLDivElement>'.
      Types of property 'current' are incompatible.
        Type 'unknown' is not assignable to type 'HTMLDivElement | null'.
src/components/ui/form.tsx(60,39): error TS2339: Property 'className' does not exist on type '{}'.
src/components/ui/form.tsx(65,7): error TS2322: Type 'ForwardedRef<unknown>' is not assignable to type 'LegacyRef<HTMLLabelElement> | undefined'.
  Type 'MutableRefObject<unknown>' is not assignable to type 'LegacyRef<HTMLLabelElement> | undefined'.
    Type 'MutableRefObject<unknown>' is not assignable to type 'RefObject<HTMLLabelElement>'.
      Types of property 'current' are incompatible.
        Type 'unknown' is not assignable to type 'HTMLLabelElement | null'.
src/components/ui/form.tsx(78,7): error TS2322: Type 'ForwardedRef<unknown>' is not assignable to type 'LegacyRef<HTMLElement> | undefined'.
  Type 'MutableRefObject<unknown>' is not assignable to type 'LegacyRef<HTMLElement> | undefined'.
    Type 'MutableRefObject<unknown>' is not assignable to type 'RefObject<HTMLElement>'.
      Types of property 'current' are incompatible.
        Type 'unknown' is not assignable to type 'HTMLElement | null'.
src/components/ui/form.tsx(91,45): error TS2339: Property 'className' does not exist on type '{}'.
src/components/ui/form.tsx(96,7): error TS2322: Type 'ForwardedRef<unknown>' is not assignable to type 'LegacyRef<HTMLParagraphElement> | undefined'.
  Type 'MutableRefObject<unknown>' is not assignable to type 'LegacyRef<HTMLParagraphElement> | undefined'.
    Type 'MutableRefObject<unknown>' is not assignable to type 'RefObject<HTMLParagraphElement>'.
      Types of property 'current' are incompatible.
        Type 'unknown' is not assignable to type 'HTMLParagraphElement | null'.
src/components/ui/form.tsx(104,41): error TS2339: Property 'className' does not exist on type '{}'.
src/components/ui/form.tsx(104,52): error TS2339: Property 'children' does not exist on type '{}'.
src/components/ui/form.tsx(114,7): error TS2322: Type 'ForwardedRef<unknown>' is not assignable to type 'LegacyRef<HTMLParagraphElement> | undefined'.
  Type 'MutableRefObject<unknown>' is not assignable to type 'LegacyRef<HTMLParagraphElement> | undefined'.
    Type 'MutableRefObject<unknown>' is not assignable to type 'RefObject<HTMLParagraphElement>'.
      Types of property 'current' are incompatible.
        Type 'unknown' is not assignable to type 'HTMLParagraphElement | null'.
src/components/ui/hover-card.tsx(10,46): error TS2339: Property 'className' does not exist on type '{}'.
src/components/ui/hover-card.tsx(10,57): error TS2339: Property 'align' does not exist on type '{}'.
src/components/ui/hover-card.tsx(10,75): error TS2339: Property 'sideOffset' does not exist on type '{}'.
src/components/ui/hover-card.tsx(12,5): error TS2322: Type 'ForwardedRef<unknown>' is not assignable to type 'LegacyRef<HTMLDivElement> | undefined'.
  Type 'MutableRefObject<unknown>' is not assignable to type 'LegacyRef<HTMLDivElement> | undefined'.
    Type 'MutableRefObject<unknown>' is not assignable to type 'RefObject<HTMLDivElement>'.
      Types of property 'current' are incompatible.
        Type 'unknown' is not assignable to type 'HTMLDivElement | null'.
src/components/ui/input-otp.tsx(7,38): error TS2339: Property 'className' does not exist on type '{}'.
src/components/ui/input-otp.tsx(7,49): error TS2339: Property 'containerClassName' does not exist on type '{}'.
src/components/ui/input-otp.tsx(9,5): error TS2322: Type 'ForwardedRef<unknown>' is not assignable to type 'LegacyRef<HTMLInputElement> | undefined'.
  Type 'MutableRefObject<unknown>' is not assignable to type 'LegacyRef<HTMLInputElement> | undefined'.
    Type 'MutableRefObject<unknown>' is not assignable to type 'RefObject<HTMLInputElement>'.
      Types of property 'current' are incompatible.
        Type 'unknown' is not assignable to type 'HTMLInputElement | null'.
src/components/ui/input-otp.tsx(16,43): error TS2339: Property 'className' does not exist on type '{}'.
src/components/ui/input-otp.tsx(17,8): error TS2322: Type 'ForwardedRef<unknown>' is not assignable to type 'LegacyRef<HTMLDivElement> | undefined'.
  Type 'MutableRefObject<unknown>' is not assignable to type 'LegacyRef<HTMLDivElement> | undefined'.
    Type 'MutableRefObject<unknown>' is not assignable to type 'RefObject<HTMLDivElement>'.
      Types of property 'current' are incompatible.
        Type 'unknown' is not assignable to type 'HTMLDivElement | null'.
src/components/ui/input-otp.tsx(21,42): error TS2339: Property 'index' does not exist on type '{}'.
src/components/ui/input-otp.tsx(21,49): error TS2339: Property 'className' does not exist on type '{}'.
src/components/ui/input-otp.tsx(27,7): error TS2322: Type 'ForwardedRef<unknown>' is not assignable to type 'LegacyRef<HTMLDivElement> | undefined'.
  Type 'MutableRefObject<unknown>' is not assignable to type 'LegacyRef<HTMLDivElement> | undefined'.
    Type 'MutableRefObject<unknown>' is not assignable to type 'RefObject<HTMLDivElement>'.
      Types of property 'current' are incompatible.
        Type 'unknown' is not assignable to type 'HTMLDivElement | null'.
src/components/ui/input-otp.tsx(47,8): error TS2322: Type 'ForwardedRef<unknown>' is not assignable to type 'LegacyRef<HTMLDivElement> | undefined'.
  Type 'MutableRefObject<unknown>' is not assignable to type 'LegacyRef<HTMLDivElement> | undefined'.
    Type 'MutableRefObject<unknown>' is not assignable to type 'RefObject<HTMLDivElement>'.
      Types of property 'current' are incompatible.
        Type 'unknown' is not assignable to type 'HTMLDivElement | null'.
src/components/ui/menubar.tsx(37,37): error TS2339: Property 'className' does not exist on type '{}'.
src/components/ui/menubar.tsx(39,5): error TS2322: Type 'ForwardedRef<unknown>' is not assignable to type 'LegacyRef<HTMLDivElement> | undefined'.
  Type 'MutableRefObject<unknown>' is not assignable to type 'LegacyRef<HTMLDivElement> | undefined'.
    Type 'MutableRefObject<unknown>' is not assignable to type 'RefObject<HTMLDivElement>'.
      Types of property 'current' are incompatible.
        Type 'unknown' is not assignable to type 'HTMLDivElement | null'.
src/components/ui/menubar.tsx(48,44): error TS2339: Property 'className' does not exist on type '{}'.
src/components/ui/menubar.tsx(50,5): error TS2322: Type 'ForwardedRef<unknown>' is not assignable to type 'LegacyRef<HTMLButtonElement> | undefined'.
  Type 'MutableRefObject<unknown>' is not assignable to type 'LegacyRef<HTMLButtonElement> | undefined'.
    Type 'MutableRefObject<unknown>' is not assignable to type 'RefObject<HTMLButtonElement>'.
      Types of property 'current' are incompatible.
        Type 'unknown' is not assignable to type 'HTMLButtonElement | null'.
src/components/ui/menubar.tsx(59,47): error TS2339: Property 'className' does not exist on type '{}'.
src/components/ui/menubar.tsx(59,58): error TS2339: Property 'inset' does not exist on type '{}'.
src/components/ui/menubar.tsx(59,65): error TS2339: Property 'children' does not exist on type '{}'.
src/components/ui/menubar.tsx(61,5): error TS2322: Type 'ForwardedRef<unknown>' is not assignable to type 'LegacyRef<HTMLDivElement> | undefined'.
  Type 'MutableRefObject<unknown>' is not assignable to type 'LegacyRef<HTMLDivElement> | undefined'.
    Type 'MutableRefObject<unknown>' is not assignable to type 'RefObject<HTMLDivElement>'.
      Types of property 'current' are incompatible.
        Type 'unknown' is not assignable to type 'HTMLDivElement | null'.
src/components/ui/menubar.tsx(74,47): error TS2339: Property 'className' does not exist on type '{}'.
src/components/ui/menubar.tsx(76,5): error TS2322: Type 'ForwardedRef<unknown>' is not assignable to type 'LegacyRef<HTMLDivElement> | undefined'.
  Type 'MutableRefObject<unknown>' is not assignable to type 'LegacyRef<HTMLDivElement> | undefined'.
    Type 'MutableRefObject<unknown>' is not assignable to type 'RefObject<HTMLDivElement>'.
      Types of property 'current' are incompatible.
        Type 'unknown' is not assignable to type 'HTMLDivElement | null'.
src/components/ui/menubar.tsx(86,5): error TS2339: Property 'className' does not exist on type '{}'.
src/components/ui/menubar.tsx(86,16): error TS2339: Property 'align' does not exist on type '{}'.
src/components/ui/menubar.tsx(86,33): error TS2339: Property 'alignOffset' does not exist on type '{}'.
src/components/ui/menubar.tsx(86,51): error TS2339: Property 'sideOffset' does not exist on type '{}'.
src/components/ui/menubar.tsx(91,7): error TS2322: Type 'ForwardedRef<unknown>' is not assignable to type 'LegacyRef<HTMLDivElement> | undefined'.
  Type 'MutableRefObject<unknown>' is not assignable to type 'LegacyRef<HTMLDivElement> | undefined'.
    Type 'MutableRefObject<unknown>' is not assignable to type 'RefObject<HTMLDivElement>'.
      Types of property 'current' are incompatible.
        Type 'unknown' is not assignable to type 'HTMLDivElement | null'.
src/components/ui/menubar.tsx(104,41): error TS2339: Property 'className' does not exist on type '{}'.
src/components/ui/menubar.tsx(104,52): error TS2339: Property 'inset' does not exist on type '{}'.
src/components/ui/menubar.tsx(106,5): error TS2322: Type 'ForwardedRef<unknown>' is not assignable to type 'LegacyRef<HTMLDivElement> | undefined'.
  Type 'MutableRefObject<unknown>' is not assignable to type 'LegacyRef<HTMLDivElement> | undefined'.
    Type 'MutableRefObject<unknown>' is not assignable to type 'RefObject<HTMLDivElement>'.
      Types of property 'current' are incompatible.
        Type 'unknown' is not assignable to type 'HTMLDivElement | null'.
src/components/ui/menubar.tsx(116,49): error TS2339: Property 'className' does not exist on type '{}'.
src/components/ui/menubar.tsx(116,60): error TS2339: Property 'children' does not exist on type '{}'.
src/components/ui/menubar.tsx(116,70): error TS2339: Property 'checked' does not exist on type '{}'.
src/components/ui/menubar.tsx(118,5): error TS2322: Type 'ForwardedRef<unknown>' is not assignable to type 'LegacyRef<HTMLDivElement> | undefined'.
  Type 'MutableRefObject<unknown>' is not assignable to type 'LegacyRef<HTMLDivElement> | undefined'.
    Type 'MutableRefObject<unknown>' is not assignable to type 'RefObject<HTMLDivElement>'.
      Types of property 'current' are incompatible.
        Type 'unknown' is not assignable to type 'HTMLDivElement | null'.
src/components/ui/menubar.tsx(135,46): error TS2339: Property 'className' does not exist on type '{}'.
src/components/ui/menubar.tsx(135,57): error TS2339: Property 'children' does not exist on type '{}'.
src/components/ui/menubar.tsx(137,5): error TS2322: Type 'ForwardedRef<unknown>' is not assignable to type 'LegacyRef<HTMLDivElement> | undefined'.
  Type 'MutableRefObject<unknown>' is not assignable to type 'LegacyRef<HTMLDivElement> | undefined'.
    Type 'MutableRefObject<unknown>' is not assignable to type 'RefObject<HTMLDivElement>'.
      Types of property 'current' are incompatible.
        Type 'unknown' is not assignable to type 'HTMLDivElement | null'.
src/components/ui/menubar.tsx(153,42): error TS2339: Property 'className' does not exist on type '{}'.
src/components/ui/menubar.tsx(153,53): error TS2339: Property 'inset' does not exist on type '{}'.
src/components/ui/menubar.tsx(155,5): error TS2322: Type 'ForwardedRef<unknown>' is not assignable to type 'LegacyRef<HTMLDivElement> | undefined'.
  Type 'MutableRefObject<unknown>' is not assignable to type 'LegacyRef<HTMLDivElement> | undefined'.
    Type 'MutableRefObject<unknown>' is not assignable to type 'RefObject<HTMLDivElement>'.
      Types of property 'current' are incompatible.
        Type 'unknown' is not assignable to type 'HTMLDivElement | null'.
src/components/ui/menubar.tsx(161,46): error TS2339: Property 'className' does not exist on type '{}'.
src/components/ui/menubar.tsx(163,5): error TS2322: Type 'ForwardedRef<unknown>' is not assignable to type 'LegacyRef<HTMLDivElement> | undefined'.
  Type 'MutableRefObject<unknown>' is not assignable to type 'LegacyRef<HTMLDivElement> | undefined'.
    Type 'MutableRefObject<unknown>' is not assignable to type 'RefObject<HTMLDivElement>'.
      Types of property 'current' are incompatible.
        Type 'unknown' is not assignable to type 'HTMLDivElement | null'.
src/components/ui/menubar.tsx(170,3): error TS7031: Binding element 'className' implicitly has an 'any' type.
src/components/ui/navigation-menu.tsx(8,44): error TS2339: Property 'className' does not exist on type '{}'.
src/components/ui/navigation-menu.tsx(8,55): error TS2339: Property 'children' does not exist on type '{}'.
src/components/ui/navigation-menu.tsx(10,5): error TS2322: Type 'ForwardedRef<unknown>' is not assignable to type 'LegacyRef<HTMLElement> | undefined'.
  Type 'MutableRefObject<unknown>' is not assignable to type 'LegacyRef<HTMLElement> | undefined'.
    Type 'MutableRefObject<unknown>' is not assignable to type 'RefObject<HTMLElement>'.
      Types of property 'current' are incompatible.
        Type 'unknown' is not assignable to type 'HTMLElement | null'.
src/components/ui/navigation-menu.tsx(22,48): error TS2339: Property 'className' does not exist on type '{}'.
src/components/ui/navigation-menu.tsx(24,5): error TS2322: Type 'ForwardedRef<unknown>' is not assignable to type 'LegacyRef<HTMLUListElement> | undefined'.
  Type 'MutableRefObject<unknown>' is not assignable to type 'LegacyRef<HTMLUListElement> | undefined'.
    Type 'MutableRefObject<unknown>' is not assignable to type 'RefObject<HTMLUListElement>'.
      Types of property 'current' are incompatible.
        Type 'unknown' is not assignable to type 'HTMLUListElement | null'.
src/components/ui/navigation-menu.tsx(39,51): error TS2339: Property 'className' does not exist on type '{}'.
src/components/ui/navigation-menu.tsx(39,62): error TS2339: Property 'children' does not exist on type '{}'.
src/components/ui/navigation-menu.tsx(41,5): error TS2322: Type 'ForwardedRef<unknown>' is not assignable to type 'LegacyRef<HTMLButtonElement> | undefined'.
  Type 'MutableRefObject<unknown>' is not assignable to type 'LegacyRef<HTMLButtonElement> | undefined'.
    Type 'MutableRefObject<unknown>' is not assignable to type 'RefObject<HTMLButtonElement>'.
      Types of property 'current' are incompatible.
        Type 'unknown' is not assignable to type 'HTMLButtonElement | null'.
src/components/ui/navigation-menu.tsx(52,51): error TS2339: Property 'className' does not exist on type '{}'.
src/components/ui/navigation-menu.tsx(54,5): error TS2322: Type 'ForwardedRef<unknown>' is not assignable to type 'LegacyRef<HTMLDivElement> | undefined'.
  Type 'MutableRefObject<unknown>' is not assignable to type 'LegacyRef<HTMLDivElement> | undefined'.
    Type 'MutableRefObject<unknown>' is not assignable to type 'RefObject<HTMLDivElement>'.
      Types of property 'current' are incompatible.
        Type 'unknown' is not assignable to type 'HTMLDivElement | null'.
src/components/ui/navigation-menu.tsx(65,52): error TS2339: Property 'className' does not exist on type '{}'.
src/components/ui/navigation-menu.tsx(72,7): error TS2322: Type 'ForwardedRef<unknown>' is not assignable to type 'LegacyRef<HTMLDivElement> | undefined'.
  Type 'MutableRefObject<unknown>' is not assignable to type 'LegacyRef<HTMLDivElement> | undefined'.
    Type 'MutableRefObject<unknown>' is not assignable to type 'RefObject<HTMLDivElement>'.
      Types of property 'current' are incompatible.
        Type 'unknown' is not assignable to type 'HTMLDivElement | null'.
src/components/ui/navigation-menu.tsx(79,53): error TS2339: Property 'className' does not exist on type '{}'.
src/components/ui/navigation-menu.tsx(81,5): error TS2322: Type 'ForwardedRef<unknown>' is not assignable to type 'LegacyRef<HTMLDivElement> | undefined'.
  Type 'MutableRefObject<unknown>' is not assignable to type 'LegacyRef<HTMLDivElement> | undefined'.
    Type 'MutableRefObject<unknown>' is not assignable to type 'RefObject<HTMLDivElement>'.
      Types of property 'current' are incompatible.
        Type 'unknown' is not assignable to type 'HTMLDivElement | null'.
src/components/ui/pagination.tsx(8,3): error TS7031: Binding element 'className' implicitly has an 'any' type.
src/components/ui/pagination.tsx(19,47): error TS2339: Property 'className' does not exist on type '{}'.
src/components/ui/pagination.tsx(21,5): error TS2322: Type 'ForwardedRef<unknown>' is not assignable to type 'LegacyRef<HTMLUListElement> | undefined'.
  Type 'MutableRefObject<unknown>' is not assignable to type 'LegacyRef<HTMLUListElement> | undefined'.
    Type 'MutableRefObject<unknown>' is not assignable to type 'RefObject<HTMLUListElement>'.
      Types of property 'current' are incompatible.
        Type 'unknown' is not assignable to type 'HTMLUListElement | null'.
src/components/ui/pagination.tsx(27,44): error TS2339: Property 'className' does not exist on type '{}'.
src/components/ui/pagination.tsx(28,7): error TS2322: Type 'ForwardedRef<unknown>' is not assignable to type 'LegacyRef<HTMLLIElement> | undefined'.
  Type 'MutableRefObject<unknown>' is not assignable to type 'LegacyRef<HTMLLIElement> | undefined'.
    Type 'MutableRefObject<unknown>' is not assignable to type 'RefObject<HTMLLIElement>'.
      Types of property 'current' are incompatible.
        Type 'unknown' is not assignable to type 'HTMLLIElement | null'.
src/components/ui/pagination.tsx(33,3): error TS7031: Binding element 'className' implicitly has an 'any' type.
src/components/ui/pagination.tsx(34,3): error TS7031: Binding element 'isActive' implicitly has an 'any' type.
src/components/ui/pagination.tsx(42,7): error TS2322: Type 'string' is not assignable to type '"default" | "sm" | "lg" | "icon" | null | undefined'.
src/components/ui/pagination.tsx(49,3): error TS7031: Binding element 'className' implicitly has an 'any' type.
src/components/ui/pagination.tsx(52,4): error TS2741: Property 'isActive' is missing in type '{ children: Element[]; "aria-label": string; size: string; className: string; }' but required in type '{ [x: string]: any; className: any; isActive: any; size?: string | undefined; }'.
src/components/ui/pagination.tsx(64,3): error TS7031: Binding element 'className' implicitly has an 'any' type.
src/components/ui/pagination.tsx(67,4): error TS2741: Property 'isActive' is missing in type '{ children: Element[]; "aria-label": string; size: string; className: string; }' but required in type '{ [x: string]: any; className: any; isActive: any; size?: string | undefined; }'.
src/components/ui/pagination.tsx(79,3): error TS7031: Binding element 'className' implicitly has an 'any' type.
src/components/ui/radio-group.tsx(7,40): error TS2339: Property 'className' does not exist on type '{}'.
src/components/ui/radio-group.tsx(8,88): error TS2322: Type 'ForwardedRef<unknown>' is not assignable to type 'LegacyRef<HTMLDivElement> | undefined'.
  Type 'MutableRefObject<unknown>' is not assignable to type 'LegacyRef<HTMLDivElement> | undefined'.
    Type 'MutableRefObject<unknown>' is not assignable to type 'RefObject<HTMLDivElement>'.
      Types of property 'current' are incompatible.
        Type 'unknown' is not assignable to type 'HTMLDivElement | null'.
src/components/ui/radio-group.tsx(12,44): error TS2339: Property 'className' does not exist on type '{}'.
src/components/ui/radio-group.tsx(15,7): error TS2322: Type 'ForwardedRef<unknown>' is not assignable to type 'LegacyRef<HTMLButtonElement> | undefined'.
  Type 'MutableRefObject<unknown>' is not assignable to type 'LegacyRef<HTMLButtonElement> | undefined'.
    Type 'MutableRefObject<unknown>' is not assignable to type 'RefObject<HTMLButtonElement>'.
      Types of property 'current' are incompatible.
        Type 'unknown' is not assignable to type 'HTMLButtonElement | null'.
src/components/ui/resizable.tsx(7,3): error TS7031: Binding element 'className' implicitly has an 'any' type.
src/components/ui/resizable.tsx(10,4): error TS2741: Property 'direction' is missing in type '{ className: string; }' but required in type '{ autoSaveId?: string | null | undefined; className?: string | undefined; direction: Direction; id?: string | null | undefined; keyboardResizeBy?: number | null | undefined; ... 4 more ...; dir?: "auto" | ... 2 more ... | undefined; }'.
src/components/ui/resizable.tsx(21,3): error TS7031: Binding element 'withHandle' implicitly has an 'any' type.
src/components/ui/resizable.tsx(22,3): error TS7031: Binding element 'className' implicitly has an 'any' type.
src/components/ui/scroll-area.tsx(6,40): error TS2339: Property 'className' does not exist on type '{}'.
src/components/ui/scroll-area.tsx(6,51): error TS2339: Property 'children' does not exist on type '{}'.
src/components/ui/scroll-area.tsx(8,5): error TS2322: Type 'ForwardedRef<unknown>' is not assignable to type 'LegacyRef<HTMLDivElement> | undefined'.
  Type 'MutableRefObject<unknown>' is not assignable to type 'LegacyRef<HTMLDivElement> | undefined'.
    Type 'MutableRefObject<unknown>' is not assignable to type 'RefObject<HTMLDivElement>'.
      Types of property 'current' are incompatible.
        Type 'unknown' is not assignable to type 'HTMLDivElement | null'.
src/components/ui/scroll-area.tsx(20,39): error TS2339: Property 'className' does not exist on type '{}'.
src/components/ui/scroll-area.tsx(20,50): error TS2339: Property 'orientation' does not exist on type '{}'.
src/components/ui/scroll-area.tsx(22,5): error TS2322: Type 'ForwardedRef<unknown>' is not assignable to type 'LegacyRef<HTMLDivElement> | undefined'.
  Type 'MutableRefObject<unknown>' is not assignable to type 'LegacyRef<HTMLDivElement> | undefined'.
    Type 'MutableRefObject<unknown>' is not assignable to type 'RefObject<HTMLDivElement>'.
      Types of property 'current' are incompatible.
        Type 'unknown' is not assignable to type 'HTMLDivElement | null'.
src/components/ui/separator.tsx(7,5): error TS2339: Property 'className' does not exist on type '{}'.
src/components/ui/separator.tsx(7,16): error TS2339: Property 'orientation' does not exist on type '{}'.
src/components/ui/separator.tsx(7,44): error TS2339: Property 'decorative' does not exist on type '{}'.
src/components/ui/separator.tsx(11,5): error TS2322: Type 'ForwardedRef<unknown>' is not assignable to type 'LegacyRef<HTMLDivElement> | undefined'.
  Type 'MutableRefObject<unknown>' is not assignable to type 'LegacyRef<HTMLDivElement> | undefined'.
    Type 'MutableRefObject<unknown>' is not assignable to type 'RefObject<HTMLDivElement>'.
      Types of property 'current' are incompatible.
        Type 'unknown' is not assignable to type 'HTMLDivElement | null'.
src/components/ui/skeleton.tsx(3,21): error TS7031: Binding element 'className' implicitly has an 'any' type.
src/components/ui/toast.tsx(10,43): error TS2339: Property 'className' does not exist on type '{}'.
src/components/ui/toast.tsx(12,5): error TS2322: Type 'ForwardedRef<unknown>' is not assignable to type 'LegacyRef<HTMLOListElement> | undefined'.
  Type 'MutableRefObject<unknown>' is not assignable to type 'LegacyRef<HTMLOListElement> | undefined'.
    Type 'MutableRefObject<unknown>' is not assignable to type 'RefObject<HTMLOListElement>'.
      Types of property 'current' are incompatible.
        Type 'unknown' is not assignable to type 'HTMLOListElement | null'.
src/components/ui/toast.tsx(37,35): error TS2339: Property 'className' does not exist on type '{}'.
src/components/ui/toast.tsx(37,46): error TS2339: Property 'variant' does not exist on type '{}'.
src/components/ui/toast.tsx(40,7): error TS2322: Type 'ForwardedRef<unknown>' is not assignable to type 'LegacyRef<HTMLLIElement> | undefined'.
  Type 'MutableRefObject<unknown>' is not assignable to type 'LegacyRef<HTMLLIElement> | undefined'.
    Type 'MutableRefObject<unknown>' is not assignable to type 'RefObject<HTMLLIElement>'.
      Types of property 'current' are incompatible.
        Type 'unknown' is not assignable to type 'HTMLLIElement | null'.
src/components/ui/toast.tsx(47,41): error TS2339: Property 'className' does not exist on type '{}'.
src/components/ui/toast.tsx(49,5): error TS2322: Type 'ForwardedRef<unknown>' is not assignable to type 'LegacyRef<HTMLButtonElement> | undefined'.
  Type 'MutableRefObject<unknown>' is not assignable to type 'LegacyRef<HTMLButtonElement> | undefined'.
    Type 'MutableRefObject<unknown>' is not assignable to type 'RefObject<HTMLButtonElement>'.
      Types of property 'current' are incompatible.
        Type 'unknown' is not assignable to type 'HTMLButtonElement | null'.
src/components/ui/toast.tsx(58,40): error TS2339: Property 'className' does not exist on type '{}'.
src/components/ui/toast.tsx(60,5): error TS2322: Type 'ForwardedRef<unknown>' is not assignable to type 'LegacyRef<HTMLButtonElement> | undefined'.
  Type 'MutableRefObject<unknown>' is not assignable to type 'LegacyRef<HTMLButtonElement> | undefined'.
    Type 'MutableRefObject<unknown>' is not assignable to type 'RefObject<HTMLButtonElement>'.
      Types of property 'current' are incompatible.
        Type 'unknown' is not assignable to type 'HTMLButtonElement | null'.
src/components/ui/toast.tsx(72,40): error TS2339: Property 'className' does not exist on type '{}'.
src/components/ui/toast.tsx(74,5): error TS2322: Type 'ForwardedRef<unknown>' is not assignable to type 'LegacyRef<HTMLDivElement> | undefined'.
  Type 'MutableRefObject<unknown>' is not assignable to type 'LegacyRef<HTMLDivElement> | undefined'.
    Type 'MutableRefObject<unknown>' is not assignable to type 'RefObject<HTMLDivElement>'.
      Types of property 'current' are incompatible.
        Type 'unknown' is not assignable to type 'HTMLDivElement | null'.
src/components/ui/toast.tsx(80,46): error TS2339: Property 'className' does not exist on type '{}'.
src/components/ui/toast.tsx(81,32): error TS2322: Type 'ForwardedRef<unknown>' is not assignable to type 'LegacyRef<HTMLDivElement> | undefined'.
  Type 'MutableRefObject<unknown>' is not assignable to type 'LegacyRef<HTMLDivElement> | undefined'.
    Type 'MutableRefObject<unknown>' is not assignable to type 'RefObject<HTMLDivElement>'.
      Types of property 'current' are incompatible.
        Type 'unknown' is not assignable to type 'HTMLDivElement | null'.
src/components/ui/toaster.tsx(16,66): error TS2700: Rest types may only be created from object types.
src/components/ui/toaster.tsx(20,26): error TS2559: Type '{ children: never; }' has no properties in common with type 'IntrinsicAttributes & RefAttributes<unknown>'.
src/components/ui/toaster.tsx(22,18): error TS2559: Type '{ children: never; }' has no properties in common with type 'IntrinsicAttributes & RefAttributes<unknown>'.
src/components/ui/toggle-group.tsx(5,10): error TS2305: Module '"@/components/ui/toggle"' has no exported member 'toggleVariants'.
src/components/ui/toggle-group.tsx(12,41): error TS2339: Property 'className' does not exist on type '{}'.
src/components/ui/toggle-group.tsx(12,52): error TS2339: Property 'variant' does not exist on type '{}'.
src/components/ui/toggle-group.tsx(12,61): error TS2339: Property 'size' does not exist on type '{}'.
src/components/ui/toggle-group.tsx(12,67): error TS2339: Property 'children' does not exist on type '{}'.
src/components/ui/toggle-group.tsx(14,5): error TS2322: Type 'ForwardedRef<unknown>' is not assignable to type 'LegacyRef<HTMLDivElement> | undefined'.
  Type 'MutableRefObject<unknown>' is not assignable to type 'LegacyRef<HTMLDivElement> | undefined'.
    Type 'MutableRefObject<unknown>' is not assignable to type 'RefObject<HTMLDivElement>'.
      Types of property 'current' are incompatible.
        Type 'unknown' is not assignable to type 'HTMLDivElement | null'.
src/components/ui/toggle-group.tsx(25,45): error TS2339: Property 'className' does not exist on type '{}'.
src/components/ui/toggle-group.tsx(25,56): error TS2339: Property 'children' does not exist on type '{}'.
src/components/ui/toggle-group.tsx(25,66): error TS2339: Property 'variant' does not exist on type '{}'.
src/components/ui/toggle-group.tsx(25,75): error TS2339: Property 'size' does not exist on type '{}'.
src/components/ui/toggle-group.tsx(30,7): error TS2322: Type 'ForwardedRef<unknown>' is not assignable to type 'LegacyRef<HTMLButtonElement> | undefined'.
  Type 'MutableRefObject<unknown>' is not assignable to type 'LegacyRef<HTMLButtonElement> | undefined'.
    Type 'MutableRefObject<unknown>' is not assignable to type 'RefObject<HTMLButtonElement>'.
      Types of property 'current' are incompatible.
        Type 'unknown' is not assignable to type 'HTMLButtonElement | null'.
src/components/ui/toggle.tsx(31,36): error TS2339: Property 'className' does not exist on type '{}'.
src/components/ui/toggle.tsx(31,47): error TS2339: Property 'variant' does not exist on type '{}'.
src/components/ui/toggle.tsx(31,56): error TS2339: Property 'size' does not exist on type '{}'.
src/components/ui/toggle.tsx(33,5): error TS2322: Type 'ForwardedRef<unknown>' is not assignable to type 'LegacyRef<HTMLButtonElement> | undefined'.
  Type 'MutableRefObject<unknown>' is not assignable to type 'LegacyRef<HTMLButtonElement> | undefined'.
    Type 'MutableRefObject<unknown>' is not assignable to type 'RefObject<HTMLButtonElement>'.
      Types of property 'current' are incompatible.
        Type 'unknown' is not assignable to type 'HTMLButtonElement | null'.
src/components/ui/tooltip.tsx(12,44): error TS2339: Property 'className' does not exist on type '{}'.
src/components/ui/tooltip.tsx(12,55): error TS2339: Property 'sideOffset' does not exist on type '{}'.
src/components/ui/tooltip.tsx(15,7): error TS2322: Type 'ForwardedRef<unknown>' is not assignable to type 'LegacyRef<HTMLDivElement> | undefined'.
  Type 'MutableRefObject<unknown>' is not assignable to type 'LegacyRef<HTMLDivElement> | undefined'.
    Type 'MutableRefObject<unknown>' is not assignable to type 'RefObject<HTMLDivElement>'.
      Types of property 'current' are incompatible.
        Type 'unknown' is not assignable to type 'HTMLDivElement | null'.
src/components/VenueSwitcherDropdown.tsx(29,55): error TS18047: 'group' is possibly 'null'.
src/components/VenueSwitcherDropdown.tsx(38,30): error TS7006: Parameter 'targetVenue' implicitly has an 'any' type.
src/components/VenueSwitcherDropdown.tsx(58,11): error TS2322: Type 'unknown' is not assignable to type 'ReactI18NextChildren | Iterable<ReactI18NextChildren>'.
src/components/VenueSwitcherDropdown.tsx(68,22): error TS2339: Property 'id' does not exist on type 'never'.
src/components/VenueSwitcherDropdown.tsx(73,50): error TS2339: Property 'name' does not exist on type 'never'.
src/components/VenueSwitcherDropdown.tsx(74,20): error TS2339: Property 'location' does not exist on type 'never'.
src/components/VenueSwitcherDropdown.tsx(75,70): error TS2339: Property 'location' does not exist on type 'never'.
src/components/VenueSwitcherDropdown.tsx(78,18): error TS2339: Property 'id' does not exist on type 'never'.
src/features/restin/radar/RadarDashboard.tsx(60,80): error TS2339: Property 'message' does not exist on type 'AxiosResponse<any, any, {}>'.
src/features/restin/radar/RadarDashboard.tsx(271,47): error TS7006: Parameter 'item' implicitly has an 'any' type.
src/features/restin/radar/RadarDashboard.tsx(271,53): error TS7006: Parameter 'i' implicitly has an 'any' type.
src/features/restin/radar/RadarDashboard.tsx(280,58): error TS7006: Parameter 'a' implicitly has an 'any' type.
src/features/restin/radar/RadarDashboard.tsx(281,148): error TS7053: Element implicitly has an 'any' type because expression of type 'any' can't be used to index type '{ gluten: string; dairy: string; nuts: string; shellfish: string; eggs: string; soy: string; fish: string; sesame: string; }'.
src/features/restin/studio/StudioDashboard.tsx(42,43): error TS2559: Type 'string[]' has no properties in common with type 'InvalidateQueryFilters<readonly unknown[]>'.
src/features/restin/studio/StudioDashboard.tsx(54,43): error TS2559: Type 'string[]' has no properties in common with type 'InvalidateQueryFilters<readonly unknown[]>'.
src/features/restin/studio/StudioDashboard.tsx(159,41): error TS7006: Parameter 'asset' implicitly has an 'any' type.
src/features/restin/studio/StudioDashboard.tsx(159,48): error TS7006: Parameter 'i' implicitly has an 'any' type.
src/features/restin/web/WebBuilder.tsx(44,13): error TS2322: Type 'string' is not assignable to type 'Record<string, unknown>'.
src/features/restin/web/WebBuilder.tsx(45,24): error TS2322: Type 'string' is not assignable to type '{ id: string; type: string; content: Record<string, unknown>; }'.
src/features/restin/web/WebBuilder.tsx(45,32): error TS2322: Type 'string' is not assignable to type '{ id: string; type: string; content: Record<string, unknown>; }'.
src/features/restin/web/WebBuilder.tsx(60,18): error TS2304: Cannot find name 'Card'.
src/features/restin/web/WebBuilder.tsx(93,34): error TS2304: Cannot find name 'Plus'.
src/features/restin/web/WebBuilder.tsx(100,30): error TS2304: Cannot find name 'Eye'.
src/features/restin/web/WebBuilder.tsx(107,30): error TS2304: Cannot find name 'Rocket'.
src/features/restin/web/WebBuilder.tsx(111,19): error TS2304: Cannot find name 'Card'.
src/features/restin/web/WebBuilder.tsx(137,26): error TS2304: Cannot find name 'Globe'.
src/features/restin/web/WebBuilder.tsx(169,47): error TS2339: Property 'items' does not exist on type 'never[] | { menuName: any; categories: any; items: any; }'.
  Property 'items' does not exist on type 'never[]'.
src/features/restin/web/WebBuilder.tsx(169,71): error TS7006: Parameter 'item' implicitly has an 'any' type.
src/features/restin/web/WebBuilder.tsx(169,77): error TS7006: Parameter 'i' implicitly has an 'any' type.
src/features/restin/web/WebBuilder.tsx(185,30): error TS2304: Cannot find name 'MousePointer2'.
src/hooks/useHRFeatureFlags.ts(29,13): error TS7006: Parameter 'moduleKey' implicitly has an 'any' type.
src/hooks/useHRFeatureFlags.ts(30,46): error TS2339: Property 'module_key' does not exist on type 'never'.
src/hooks/useHRFeatureFlags.ts(34,33): error TS2339: Property 'roles' does not exist on type 'never'.
src/hooks/useHRFeatureFlags.ts(34,55): error TS2339: Property 'roles' does not exist on type 'never'.
src/hooks/useHRFeatureFlags.ts(35,30): error TS2339: Property 'enabled' does not exist on type 'never'.
src/layouts/AppShell.tsx(3,21): error TS2307: Cannot find module './Sidebar' or its corresponding type declarations.
src/layouts/AppShell.tsx(8,36): error TS7031: Binding element 'children' implicitly has an 'any' type.
src/layouts/AppShell.tsx(8,46): error TS7031: Binding element 'user' implicitly has an 'any' type.
src/layouts/MobileNav.tsx(37,21): error TS7006: Parameter 'href' implicitly has an 'any' type.
src/layouts/PageContainer.tsx(15,41): error TS7031: Binding element 'children' implicitly has an 'any' type.
src/layouts/PageContainer.tsx(15,67): error TS7031: Binding element 'title' implicitly has an 'any' type.
src/layouts/PageContainer.tsx(15,74): error TS7031: Binding element 'description' implicitly has an 'any' type.
src/layouts/PageContainer.tsx(15,87): error TS7031: Binding element 'actions' implicitly has an 'any' type.
src/layouts/TopBar.tsx(27,34): error TS7031: Binding element 'onMenuToggle' implicitly has an 'any' type.
src/layouts/TopBar.tsx(27,48): error TS7031: Binding element 'user' implicitly has an 'any' type.
src/layouts/TopBar.tsx(37,25): error TS7006: Parameter 'e' implicitly has an 'any' type.
src/layouts/TopBar.tsx(41,30): error TS2345: Argument of type 'string' is not assignable to parameter of type 'Record<string, unknown>'.
src/layouts/TopBar.tsx(45,24): error TS7006: Parameter 'name' implicitly has an 'any' type.
src/layouts/TopBar.tsx(46,33): error TS7006: Parameter 'n' implicitly has an 'any' type.
src/lib/api/printers.ts(4,18): error TS7006: Parameter 'params' implicitly has an 'any' type.
src/lib/api/printers.ts(9,17): error TS7006: Parameter 'id' implicitly has an 'any' type.
src/lib/api/printers.ts(14,20): error TS7006: Parameter 'data' implicitly has an 'any' type.
src/lib/api/printers.ts(19,20): error TS7006: Parameter 'id' implicitly has an 'any' type.
src/lib/api/printers.ts(19,24): error TS7006: Parameter 'data' implicitly has an 'any' type.
src/lib/api/printers.ts(24,20): error TS7006: Parameter 'id' implicitly has an 'any' type.
src/lib/api/printers.ts(29,23): error TS7006: Parameter 'venueId' implicitly has an 'any' type.
src/lib/api/printers.ts(29,32): error TS7006: Parameter 'jobData' implicitly has an 'any' type.
src/lib/api/printers.ts(36,22): error TS7006: Parameter 'venueId' implicitly has an 'any' type.
src/lib/api/printers.ts(36,31): error TS7006: Parameter 'params' implicitly has an 'any' type.
src/lib/csv.ts(1,29): error TS7006: Parameter 'filename' implicitly has an 'any' type.
src/lib/csv.ts(1,39): error TS7006: Parameter 'rows' implicitly has an 'any' type.
src/lib/csv.ts(1,45): error TS7006: Parameter 'headers' implicitly has an 'any' type.
src/lib/csv.ts(2,24): error TS7006: Parameter 'value' implicitly has an 'any' type.
src/lib/csv.ts(8,34): error TS7006: Parameter 'header' implicitly has an 'any' type.
src/lib/csv.ts(9,30): error TS7006: Parameter 'row' implicitly has an 'any' type.
src/lib/csv.ts(9,51): error TS7006: Parameter 'header' implicitly has an 'any' type.
src/lib/currency.ts(16,32): error TS7006: Parameter 'amount' implicitly has an 'any' type.
src/lib/currency.ts(17,18): error TS7053: Element implicitly has an 'any' type because expression of type 'string' can't be used to index type '{ EUR: { symbol: string; position: string; decimal: string; thousand: string; }; USD: { symbol: string; position: string; decimal: string; thousand: string; }; GBP: { symbol: string; position: string; decimal: string; thousand: string; }; TRY: { ...; }; }'.
  No index signature with a parameter of type 'string' was found on type '{ EUR: { symbol: string; position: string; decimal: string; thousand: string; }; USD: { symbol: string; position: string; decimal: string; thousand: string; }; GBP: { symbol: string; position: string; decimal: string; thousand: string; }; TRY: { ...; }; }'.
src/lib/currency.ts(32,35): error TS7006: Parameter 'venue' implicitly has an 'any' type.
src/lib/currency.ts(35,10): error TS7053: Element implicitly has an 'any' type because expression of type 'any' can't be used to index type '{ EUR: { symbol: string; position: string; decimal: string; thousand: string; }; USD: { symbol: string; position: string; decimal: string; thousand: string; }; GBP: { symbol: string; position: string; decimal: string; thousand: string; }; TRY: { ...; }; }'.
src/lib/currency.ts(44,37): error TS7006: Parameter 'amount' implicitly has an 'any' type.
src/lib/currency.ts(44,45): error TS7006: Parameter 'venue' implicitly has an 'any' type.
src/lib/errorNormalizer.ts(4,37): error TS7006: Parameter 'err' implicitly has an 'any' type.
src/lib/errorNormalizer.ts(28,7): error TS2322: Type '"TIMEOUT"' is not assignable to type 'null'.
src/lib/errorNormalizer.ts(34,5): error TS2322: Type '"NO_RESPONSE"' is not assignable to type 'null'.
src/lib/errorNormalizer.ts(43,5): error TS2322: Type '"AUTH"' is not assignable to type 'null'.
src/lib/errorNormalizer.ts(53,5): error TS2322: Type '"CF_520"' is not assignable to type 'null'.
src/lib/errorNormalizer.ts(62,5): error TS2322: Type 'string' is not assignable to type 'null'.
src/lib/errorNormalizer.ts(71,5): error TS2322: Type 'string' is not assignable to type 'null'.
src/lib/exportUtils.ts(8,35): error TS7006: Parameter 'elementId' implicitly has an 'any' type.
src/lib/exportUtils.ts(34,36): error TS7006: Parameter 'elementId' implicitly has an 'any' type.
src/lib/exportUtils.ts(57,29): error TS7006: Parameter 'data' implicitly has an 'any' type.
src/lib/exportUtils.ts(66,21): error TS7006: Parameter 'row' implicitly has an 'any' type.
src/lib/palette.ts(6,32): error TS7006: Parameter 'settings' implicitly has an 'any' type.
src/lib/palette.ts(6,42): error TS7006: Parameter 'status' implicitly has an 'any' type.
src/lib/palette.ts(11,37): error TS7006: Parameter 'settings' implicitly has an 'any' type.
src/lib/palette.ts(11,47): error TS7006: Parameter 'status' implicitly has an 'any' type.
src/lib/safe.ts(2,28): error TS7006: Parameter 'v' implicitly has an 'any' type.
src/lib/safe.ts(7,28): error TS7006: Parameter 'v' implicitly has an 'any' type.
src/lib/safe.ts(10,27): error TS7006: Parameter 'v' implicitly has an 'any' type.
src/lib/safe.ts(12,28): error TS7006: Parameter 'v' implicitly has an 'any' type.
src/lib/safe.ts(15,23): error TS7006: Parameter 'v' implicitly has an 'any' type.
src/lib/utils.ts(4,20): error TS7019: Rest parameter 'inputs' implicitly has an 'any[]' type.
src/pages/collab/Inbox.tsx(32,59): error TS18047: 'activeVenue' is possibly 'null'.
src/pages/collab/Inbox.tsx(32,85): error TS18047: 'user' is possibly 'null'.
src/pages/collab/Inbox.tsx(41,29): error TS7006: Parameter 'notifId' implicitly has an 'any' type.
src/pages/collab/Inbox.tsx(44,24): error TS2345: Argument of type '(prev: never[]) => any[]' is not assignable to parameter of type 'SetStateAction<never[]>'.
  Type '(prev: never[]) => any[]' is not assignable to type '(prevState: never[]) => never[]'.
    Type 'any[]' is not assignable to type 'never[]'.
      Type 'any' is not assignable to type 'never'.
src/pages/collab/Inbox.tsx(44,48): error TS2339: Property 'id' does not exist on type 'never'.
src/pages/collab/Inbox.tsx(44,67): error TS2698: Spread types may only be created from object types.
src/pages/collab/Inbox.tsx(52,8): error TS2741: Property 'actions' is missing in type '{ children: Element; title: string; description: string; }' but required in type '{ children: any; className?: string | undefined; title: any; description: any; actions: any; }'.
src/pages/collab/Inbox.tsx(62,51): error TS2339: Property 'status' does not exist on type 'never'.
src/pages/collab/Inbox.tsx(65,6): error TS2741: Property 'actions' is missing in type '{ children: Element[]; title: string; description: string; }' but required in type '{ children: any; className?: string | undefined; title: any; description: any; actions: any; }'.
src/pages/collab/Inbox.tsx(103,30): error TS2339: Property 'id' does not exist on type 'never'.
src/pages/collab/Inbox.tsx(104,40): error TS2339: Property 'status' does not exist on type 'never'.
src/pages/collab/Inbox.tsx(104,80): error TS2339: Property 'id' does not exist on type 'never'.
src/pages/collab/Inbox.tsx(105,91): error TS2339: Property 'status' does not exist on type 'never'.
src/pages/collab/Inbox.tsx(112,30): error TS2339: Property 'status' does not exist on type 'never'.
src/pages/collab/Inbox.tsx(115,103): error TS2339: Property 'type' does not exist on type 'never'.
src/pages/collab/Inbox.tsx(118,39): error TS2339: Property 'created_at' does not exist on type 'never'.
src/pages/collab/Inbox.tsx(122,33): error TS2339: Property 'ref' does not exist on type 'never'.
src/pages/collab/Inbox.tsx(122,51): error TS2339: Property 'ref' does not exist on type 'never'.
src/pages/collab/TasksKanban.tsx(37,65): error TS18047: 'activeVenue' is possibly 'null'.
src/pages/collab/TasksKanban.tsx(53,8): error TS2741: Property 'actions' is missing in type '{ children: Element; title: string; description: string; }' but required in type '{ children: any; className?: string | undefined; title: any; description: any; actions: any; }'.
src/pages/collab/TasksKanban.tsx(65,15): error TS2339: Property 'cards' does not exist on type 'never'.
src/pages/collab/TasksKanban.tsx(65,35): error TS7006: Parameter 'c' implicitly has an 'any' type.
src/pages/collab/TasksKanban.tsx(66,15): error TS2339: Property 'cards' does not exist on type 'never'.
src/pages/collab/TasksKanban.tsx(69,15): error TS2339: Property 'cards' does not exist on type 'never'.
src/pages/collab/TasksKanban.tsx(69,35): error TS7006: Parameter 'c' implicitly has an 'any' type.
src/pages/collab/TasksKanban.tsx(115,19): error TS2339: Property 'columns' does not exist on type 'never'.
src/pages/collab/TasksKanban.tsx(115,33): error TS7006: Parameter 'column' implicitly has an 'any' type.
src/pages/collab/TasksKanban.tsx(121,43): error TS7006: Parameter 'c' implicitly has an 'any' type.
src/pages/collab/TasksKanban.tsx(128,39): error TS7006: Parameter 'c' implicitly has an 'any' type.
src/pages/collab/TasksKanban.tsx(128,74): error TS7006: Parameter 'task' implicitly has an 'any' type.
src/pages/collab/TasksKanban.tsx(144,60): error TS7006: Parameter 'i' implicitly has an 'any' type.
src/pages/ErrorPage.tsx(6,37): error TS7031: Binding element 'error' implicitly has an 'any' type.
src/pages/ErrorPage.tsx(6,44): error TS7031: Binding element 'resetError' implicitly has an 'any' type.
src/pages/finance/FinanceProviderSettings.tsx(38,72): error TS18047: 'activeVenue' is possibly 'null'.
src/pages/finance/FinanceProviderSettings.tsx(50,60): error TS18047: 'activeVenue' is possibly 'null'.
src/pages/finance/FinanceProviderSettings.tsx(63,6): error TS2741: Property 'actions' is missing in type '{ children: Element; title: string; description: string; }' but required in type '{ children: any; className?: string | undefined; title: any; description: any; actions: any; }'.
src/pages/finance/FinanceProviderSettings.tsx(78,25): error TS2339: Property 'enabled' does not exist on type 'never'.
src/pages/finance/FinanceProviderSettings.tsx(94,33): error TS2339: Property 'provider_label' does not exist on type 'never'.
src/pages/finance/FinanceProviderSettings.tsx(95,48): error TS2698: Spread types may only be created from object types.
src/pages/finance/FinanceProviderSettings.tsx(103,33): error TS2339: Property 'mode' does not exist on type 'never'.
src/pages/finance/FinanceProviderSettings.tsx(104,48): error TS2698: Spread types may only be created from object types.
src/pages/finance/FinanceProviderSettings.tsx(117,33): error TS2339: Property 'company_code' does not exist on type 'never'.
src/pages/finance/FinanceProviderSettings.tsx(118,48): error TS2698: Spread types may only be created from object types.
src/pages/finance/FinanceProviderSettings.tsx(148,52): error TS2339: Property 'mode' does not exist on type 'never'.
src/pages/finance/FinanceProviderSettings.tsx(152,65): error TS2339: Property 'provider_label' does not exist on type 'never'.
src/pages/finance/FinanceProviderSettings.tsx(156,42): error TS2339: Property 'enabled' does not exist on type 'never'.
src/pages/finance/FinanceProviderSettings.tsx(157,29): error TS2339: Property 'enabled' does not exist on type 'never'.
src/pages/integrations/DeliveryAggregators.tsx(36,59): error TS18047: 'activeVenue' is possibly 'null'.
src/pages/integrations/DeliveryAggregators.tsx(38,57): error TS18047: 'activeVenue' is possibly 'null'.
src/pages/integrations/DeliveryAggregators.tsx(51,98): error TS2339: Property 'connector_key' does not exist on type 'never'.
src/pages/integrations/DeliveryAggregators.tsx(52,99): error TS2339: Property 'connector_key' does not exist on type 'never'.
src/pages/integrations/DeliveryAggregators.tsx(55,6): error TS2741: Property 'actions' is missing in type '{ children: Element; title: string; description: string; }' but required in type '{ children: any; className?: string | undefined; title: any; description: any; actions: any; }'.
src/pages/integrations/DeliveryAggregators.tsx(71,33): error TS2339: Property 'connector_key' does not exist on type 'never'.
src/pages/integrations/DeliveryAggregators.tsx(74,60): error TS2339: Property 'connector_key' does not exist on type 'never'.
src/pages/integrations/DeliveryAggregators.tsx(81,44): error TS2339: Property 'supports' does not exist on type 'never'.
src/pages/integrations/DeliveryAggregators.tsx(101,33): error TS2339: Property 'connector_key' does not exist on type 'never'.
src/pages/integrations/DeliveryAggregators.tsx(103,58): error TS2339: Property 'connector_key' does not exist on type 'never'.
src/pages/integrations/DeliveryAggregators.tsx(107,43): error TS2339: Property 'supports' does not exist on type 'never'.
src/pages/integrations/DeliveryAggregators.tsx(135,37): error TS2339: Property 'id' does not exist on type 'never'.
src/pages/integrations/DeliveryAggregators.tsx(138,80): error TS2339: Property 'display_id' does not exist on type 'never'.
src/pages/integrations/DeliveryAggregators.tsx(139,76): error TS2339: Property 'source' does not exist on type 'never'.
src/pages/integrations/DeliveryAggregators.tsx(141,39): error TS2339: Property 'state' does not exist on type 'never'.
src/pages/integrations/DeliveryAggregators.tsx(144,45): error TS2339: Property 'customer' does not exist on type 'never'.
src/pages/integrations/DeliveryAggregators.tsx(145,42): error TS2339: Property 'items' does not exist on type 'never'.
src/pages/integrations/DeliveryAggregators.tsx(145,79): error TS2339: Property 'totals' does not exist on type 'never'.
src/pages/integrations/DeliveryAggregators.tsx(171,72): error TS2339: Property 'sku_id' does not exist on type 'never'.
src/pages/integrations/DeliveryAggregators.tsx(172,84): error TS2339: Property 'connector_key' does not exist on type 'never'.
src/pages/integrations/DeliveryAggregators.tsx(174,47): error TS2339: Property 'sync_status' does not exist on type 'never'.
src/pages/integrations/DeliveryAggregators.tsx(175,34): error TS2339: Property 'sync_status' does not exist on type 'never'.
src/pages/inventory/InventoryPage.tsx(46,19): error TS18047: 'activeVenue' is possibly 'null'.
src/pages/inventory/InventoryPage.tsx(63,28): error TS7006: Parameter 'item' implicitly has an 'any' type.
src/pages/inventory/InventoryPage.tsx(68,27): error TS7006: Parameter 'item' implicitly has an 'any' type.
src/pages/inventory/InventoryPage.tsx(96,11): error TS2322: Type '{ onSearch: Dispatch<SetStateAction<string>>; placeholder: string; }' is not assignable to type 'IntrinsicAttributes & { value: any; onChange: any; placeholder?: string | undefined; className: any; }'.
  Property 'onSearch' does not exist on type 'IntrinsicAttributes & { value: any; onChange: any; placeholder?: string | undefined; className: any; }'.
src/pages/inventory/InventoryPage.tsx(101,8): error TS2322: Type '{ children: Element; filters: {}; onFilterChange: Dispatch<SetStateAction<{}>>; }' is not assignable to type 'IntrinsicAttributes & { filters: any; onFilterChange: any; className: any; }'.
  Property 'children' does not exist on type 'IntrinsicAttributes & { filters: any; onFilterChange: any; className: any; }'.
src/pages/inventory/InventoryPage.tsx(106,30): error TS2339: Property 'status' does not exist on type '{}'.
src/pages/inventory/InventoryPage.tsx(121,30): error TS2339: Property 'category' does not exist on type '{}'.
src/pages/inventory/InventoryPage.tsx(130,32): error TS2339: Property 'min_stock_only' does not exist on type '{}'.
src/pages/inventory/InventoryPage.tsx(154,27): error TS2339: Property 'id' does not exist on type 'never'.
src/pages/inventory/InventoryPage.tsx(162,75): error TS2339: Property 'name' does not exist on type 'never'.
src/pages/inventory/InventoryPage.tsx(164,28): error TS2322: Type 'string' is not assignable to type '"default" | "destructive" | "outline" | "secondary" | null | undefined'.
src/pages/inventory/InventoryPage.tsx(173,31): error TS2339: Property 'quantity' does not exist on type 'never'.
src/pages/inventory/InventoryPage.tsx(173,69): error TS2339: Property 'unit' does not exist on type 'never'.
src/pages/inventory/InventoryPage.tsx(179,32): error TS2339: Property 'min_stock' does not exist on type 'never'.
src/pages/inventory/InventoryPage.tsx(179,50): error TS2339: Property 'min_quantity' does not exist on type 'never'.
src/pages/inventory/InventoryPage.tsx(179,87): error TS2339: Property 'unit' does not exist on type 'never'.
src/pages/inventory/InventoryPage.tsx(182,27): error TS2339: Property 'category' does not exist on type 'never'.
src/pages/inventory/InventoryPage.tsx(185,78): error TS2339: Property 'category' does not exist on type 'never'.
src/pages/inventory/InventoryPage.tsx(199,30): error TS2339: Property 'id' does not exist on type 'never'.
src/pages/inventory/ProductionManagementComplete.tsx(28,25): error TS2307: Cannot find module '../../hooks/useAuth' or its corresponding type declarations.
src/pages/inventory/ProductionManagementComplete.tsx(94,55): error TS7006: Parameter 'row' implicitly has an 'any' type.
src/pages/inventory/ProductionManagementComplete.tsx(97,24): error TS2741: Property 'className' is missing in type '{ fullScreen: true; }' but required in type '{ size?: string | undefined; text?: string | undefined; fullScreen?: boolean | undefined; className: any; }'.
src/pages/inventory/ProductionManagementComplete.tsx(130,49): error TS2339: Property 'id' does not exist on type 'never'.
src/pages/inventory/ProductionManagementComplete.tsx(130,67): error TS2339: Property 'id' does not exist on type 'never'.
src/pages/inventory/ProductionManagementComplete.tsx(131,35): error TS2339: Property 'name' does not exist on type 'never'.
src/pages/inventory/RecipeManagementComplete.tsx(26,25): error TS2307: Cannot find module '../../hooks/useAuth' or its corresponding type declarations.
src/pages/inventory/RecipeManagementComplete.tsx(57,9): error TS2698: Spread types may only be created from object types.
src/pages/inventory/RecipeManagementComplete.tsx(62,22): error TS18047: 'editingRecipe' is possibly 'null'.
src/pages/inventory/RecipeManagementComplete.tsx(67,26): error TS2339: Property 'id' does not exist on type 'never'.
src/pages/inventory/RecipeManagementComplete.tsx(68,84): error TS2339: Property 'id' does not exist on type 'never'.
src/pages/inventory/RecipeManagementComplete.tsx(86,46): error TS7006: Parameter 'row' implicitly has an 'any' type.
src/pages/inventory/RecipeManagementComplete.tsx(87,44): error TS7006: Parameter 'row' implicitly has an 'any' type.
src/pages/inventory/RecipeManagementComplete.tsx(88,56): error TS7006: Parameter 'row' implicitly has an 'any' type.
src/pages/inventory/RecipeManagementComplete.tsx(91,24): error TS2741: Property 'className' is missing in type '{ fullScreen: true; }' but required in type '{ size?: string | undefined; text?: string | undefined; fullScreen?: boolean | undefined; className: any; }'.
src/pages/inventory/RecipeManagementComplete.tsx(98,51): error TS2345: Argument of type '{}' is not assignable to parameter of type 'SetStateAction<null>'.
  Type '{}' provides no match for the signature '(prevState: null): null'.
src/pages/inventory/RecipeManagementComplete.tsx(115,84): error TS2339: Property 'components' does not exist on type 'never'.
src/pages/inventory/RecipeManagementComplete.tsx(123,42): error TS2339: Property 'id' does not exist on type 'never'.
src/pages/inventory/RecipeManagementComplete.tsx(130,39): error TS2339: Property 'name' does not exist on type 'never'.
src/pages/inventory/RecipeManagementComplete.tsx(131,62): error TS2698: Spread types may only be created from object types.
src/pages/inventory/RecipeManagementComplete.tsx(141,41): error TS2339: Property 'yield_quantity' does not exist on type 'never'.
src/pages/inventory/RecipeManagementComplete.tsx(142,64): error TS2698: Spread types may only be created from object types.
src/pages/inventory/RecipeManagementComplete.tsx(148,41): error TS2339: Property 'yield_unit' does not exist on type 'never'.
src/pages/inventory/RecipeManagementComplete.tsx(149,64): error TS2698: Spread types may only be created from object types.
src/pages/inventory/StockCount.tsx(51,29): error TS7006: Parameter 'item' implicitly has an 'any' type.
src/pages/inventory/StockCount.tsx(54,35): error TS7053: Element implicitly has an 'any' type because expression of type 'any' can't be used to index type '{}'.
src/pages/inventory/StockCount.tsx(59,50): error TS2339: Property 'id' does not exist on type 'never'.
src/pages/inventory/StockCount.tsx(83,50): error TS2339: Property 'id' does not exist on type 'never'.
src/pages/inventory/StockCount.tsx(97,12): error TS2339: Property 'name' does not exist on type 'never'.
src/pages/inventory/StockCount.tsx(98,12): error TS2339: Property 'sku' does not exist on type 'never'.
src/pages/inventory/StockCount.tsx(110,38): error TS2339: Property 'display_id' does not exist on type 'never'.
src/pages/inventory/StockCount.tsx(169,33): error TS2339: Property 'id' does not exist on type 'never'.
src/pages/inventory/StockCount.tsx(170,85): error TS2339: Property 'sku' does not exist on type 'never'.
src/pages/inventory/StockCount.tsx(171,81): error TS2339: Property 'name' does not exist on type 'never'.
src/pages/inventory/StockCount.tsx(172,75): error TS2339: Property 'current_stock' does not exist on type 'never'.
src/pages/inventory/StockCount.tsx(177,32): error TS7053: Element implicitly has an 'any' type because expression of type 'any' can't be used to index type '{}'.
src/pages/inventory/StockCount.tsx(177,48): error TS2339: Property 'id' does not exist on type 'never'.
src/pages/inventory/StockCount.tsx(178,79): error TS2339: Property 'id' does not exist on type 'never'.
src/pages/inventory/StockCount.tsx(183,75): error TS2339: Property 'base_unit' does not exist on type 'never'.
src/pages/inventory/StockCount.tsx(187,36): error TS7053: Element implicitly has an 'any' type because expression of type 'any' can't be used to index type '{}'.
src/pages/inventory/StockCount.tsx(187,52): error TS2339: Property 'id' does not exist on type 'never'.
src/pages/inventory/StockTransfers.tsx(91,38): error TS2339: Property 'id' does not exist on type 'never'.
src/pages/inventory/StockTransfers.tsx(92,40): error TS2339: Property 'id' does not exist on type 'never'.
src/pages/inventory/StockTransfers.tsx(94,20): error TS2345: Argument of type '(prev: never[]) => { id: number; item_name: any; to_venue_name: any; quantity: number; date: string; }[]' is not assignable to parameter of type 'SetStateAction<never[]>'.
  Type '(prev: never[]) => { id: number; item_name: any; to_venue_name: any; quantity: number; date: string; }[]' is not assignable to type '(prevState: never[]) => never[]'.
    Type '{ id: number; item_name: any; to_venue_name: any; quantity: number; date: string; }[]' is not assignable to type 'never[]'.
      Type '{ id: number; item_name: any; to_venue_name: any; quantity: number; date: string; }' is not assignable to type 'never'.
src/pages/inventory/StockTransfers.tsx(96,26): error TS2339: Property 'name' does not exist on type 'never'.
src/pages/inventory/StockTransfers.tsx(97,31): error TS2339: Property 'name' does not exist on type 'never'.
src/pages/inventory/StockTransfers.tsx(138,64): error TS2339: Property 'item_name' does not exist on type 'never'.
src/pages/inventory/StockTransfers.tsx(139,71): error TS2339: Property 'to_venue_name' does not exist on type 'never'.
src/pages/inventory/StockTransfers.tsx(143,75): error TS2339: Property 'quantity' does not exist on type 'never'.
src/pages/inventory/StockTransfers.tsx(144,68): error TS2339: Property 'date' does not exist on type 'never'.
src/pages/inventory/StockTransfers.tsx(164,43): error TS2339: Property 'id' does not exist on type 'never'.
src/pages/inventory/StockTransfers.tsx(164,59): error TS2339: Property 'id' does not exist on type 'never'.
src/pages/inventory/StockTransfers.tsx(165,29): error TS2339: Property 'name' does not exist on type 'never'.
src/pages/inventory/StockTransfers.tsx(165,49): error TS2339: Property 'current_stock' does not exist on type 'never'.
src/pages/inventory/StockTransfers.tsx(165,70): error TS2339: Property 'unit' does not exist on type 'never'.
src/pages/inventory/StockTransfers.tsx(177,41): error TS2339: Property 'id' does not exist on type 'never'.
src/pages/inventory/StockTransfers.tsx(178,40): error TS2339: Property 'id' does not exist on type 'never'.
src/pages/inventory/StockTransfers.tsx(178,53): error TS2339: Property 'id' does not exist on type 'never'.
src/pages/inventory/StockTransfers.tsx(178,60): error TS2339: Property 'name' does not exist on type 'never'.
src/pages/inventory/StockTransfers.tsx(189,61): error TS2322: Type 'string' is not assignable to type 'number'.
src/pages/inventory/StockTransfersComplete.tsx(26,25): error TS2307: Cannot find module '../../hooks/useAuth' or its corresponding type declarations.
src/pages/inventory/StockTransfersComplete.tsx(94,50): error TS7006: Parameter 'row' implicitly has an 'any' type.
src/pages/inventory/StockTransfersComplete.tsx(125,48): error TS2339: Property 'id' does not exist on type 'never'.
src/pages/inventory/StockTransfersComplete.tsx(126,46): error TS2339: Property 'id' does not exist on type 'never'.
src/pages/inventory/StockTransfersComplete.tsx(126,61): error TS2339: Property 'id' does not exist on type 'never'.
src/pages/inventory/StockTransfersComplete.tsx(127,32): error TS2339: Property 'name' does not exist on type 'never'.
src/pages/inventory/StockTransfersComplete.tsx(146,47): error TS2339: Property 'id' does not exist on type 'never'.
src/pages/inventory/StockTransfersComplete.tsx(146,63): error TS2339: Property 'id' does not exist on type 'never'.
src/pages/inventory/StockTransfersComplete.tsx(147,33): error TS2339: Property 'name' does not exist on type 'never'.
src/pages/inventory/StockTransfersComplete.tsx(147,46): error TS2339: Property 'current_stock' does not exist on type 'never'.
src/pages/inventory/StockTransfersComplete.tsx(147,67): error TS2339: Property 'unit' does not exist on type 'never'.
src/pages/inventory/Suppliers.tsx(47,30): error TS2339: Property 'id' does not exist on type 'never'.
src/pages/inventory/Suppliers.tsx(53,86): error TS2339: Property 'name' does not exist on type 'never'.
src/pages/inventory/Suppliers.tsx(54,69): error TS2339: Property 'code' does not exist on type 'never'.
src/pages/inventory/Suppliers.tsx(56,27): error TS2339: Property 'email' does not exist on type 'never'.
src/pages/inventory/Suppliers.tsx(59,31): error TS2339: Property 'email' does not exist on type 'never'.
src/pages/inventory/Suppliers.tsx(63,27): error TS2339: Property 'phone' does not exist on type 'never'.
src/pages/inventory/Suppliers.tsx(66,31): error TS2339: Property 'phone' does not exist on type 'never'.
src/pages/inventory/Suppliers.tsx(73,61): error TS2339: Property 'lead_time_days' does not exist on type 'never'.
src/pages/inventory/Suppliers.tsx(77,61): error TS2339: Property 'payment_terms' does not exist on type 'never'.
src/pages/inventory/WasteLog.tsx(55,44): error TS2339: Property 'id' does not exist on type 'never'.
src/pages/inventory/WasteLog.tsx(65,35): error TS2339: Property 'name' does not exist on type 'never'.
src/pages/inventory/WasteLog.tsx(67,30): error TS2339: Property 'unit' does not exist on type 'never'.
src/pages/inventory/WasteLog.tsx(70,27): error TS2339: Property 'notes' does not exist on type '{ item_id: string; qty: string; reason: string; }'.
src/pages/inventory/WasteLog.tsx(113,37): error TS2339: Property 'id' does not exist on type 'never'.
src/pages/inventory/WasteLog.tsx(113,53): error TS2339: Property 'id' does not exist on type 'never'.
src/pages/inventory/WasteLog.tsx(113,63): error TS2339: Property 'name' does not exist on type 'never'.
src/pages/inventory/WasteLog.tsx(113,76): error TS2339: Property 'sku' does not exist on type 'never'.
src/pages/inventory/WasteLog.tsx(148,33): error TS2339: Property 'notes' does not exist on type '{ item_id: string; qty: string; reason: string; }'.
src/pages/inventory/WasteLog.tsx(149,61): error TS2353: Object literal may only specify known properties, and 'notes' does not exist in type 'SetStateAction<{ item_id: string; qty: string; reason: string; }>'.
src/pages/inventory/WasteLog.tsx(182,29): error TS2339: Property 'id' does not exist on type 'never'.
src/pages/inventory/WasteLog.tsx(186,72): error TS2339: Property 'item_name' does not exist on type 'never'.
src/pages/inventory/WasteLog.tsx(188,28): error TS2339: Property 'qty' does not exist on type 'never'.
src/pages/inventory/WasteLog.tsx(188,40): error TS2339: Property 'unit' does not exist on type 'never'.
src/pages/inventory/WasteLog.tsx(188,55): error TS2339: Property 'reason' does not exist on type 'never'.
src/pages/inventory/WasteLog.tsx(190,26): error TS2339: Property 'notes' does not exist on type 'never'.
src/pages/inventory/WasteLog.tsx(191,72): error TS2339: Property 'notes' does not exist on type 'never'.
src/pages/inventory/WasteLog.tsx(198,35): error TS2339: Property 'created_at' does not exist on type 'never'.
src/pages/inventory/WasteLog.tsx(201,35): error TS2339: Property 'created_at' does not exist on type 'never'.
src/pages/kds/KDSMain.tsx(28,27): error TS7006: Parameter 's' implicitly has an 'any' type.
src/pages/kds/KDSMain.tsx(28,30): error TS7006: Parameter 'online' implicitly has an 'any' type.
src/pages/kds/KDSMain.tsx(29,25): error TS7006: Parameter 's' implicitly has an 'any' type.
src/pages/kds/KDSMain.tsx(29,28): error TS7006: Parameter 'data' implicitly has an 'any' type.
src/pages/kds/KDSMain.tsx(89,28): error TS7006: Parameter 'ticketId' implicitly has an 'any' type.
src/pages/kds/KDSMain.tsx(89,38): error TS7006: Parameter 'itemId' implicitly has an 'any' type.
src/pages/kds/KDSMain.tsx(110,28): error TS7006: Parameter 'ticketId' implicitly has an 'any' type.
src/pages/kds/KDSMain.tsx(110,38): error TS7006: Parameter 'itemId' implicitly has an 'any' type.
src/pages/kds/KDSMain.tsx(121,27): error TS7006: Parameter 'ticketId' implicitly has an 'any' type.
src/pages/kds/KDSMain.tsx(121,37): error TS7006: Parameter 'itemId' implicitly has an 'any' type.
src/pages/kds/KDSMain.tsx(135,30): error TS7006: Parameter 'ticketId' implicitly has an 'any' type.
src/pages/kds/KDSMain.tsx(146,32): error TS7006: Parameter 'ticketId' implicitly has an 'any' type.
src/pages/kds/KDSMain.tsx(159,48): error TS2339: Property 'status' does not exist on type 'never'.
src/pages/kds/KDSMain.tsx(160,49): error TS2339: Property 'status' does not exist on type 'never'.
src/pages/kds/KDSMain.tsx(161,19): error TS2339: Property 'station' does not exist on type 'never'.
src/pages/kds/KDSMain.tsx(161,70): error TS2339: Property 'status' does not exist on type 'never'.
src/pages/kds/KDSMain.tsx(165,9): error TS7034: Variable 'flattenedItems' implicitly has type 'any[]' in some locations where its type cannot be determined.
src/pages/kds/KDSMain.tsx(167,26): error TS2339: Property 'items' does not exist on type 'never'.
src/pages/kds/KDSMain.tsx(168,20): error TS7006: Parameter 'item' implicitly has an 'any' type.
src/pages/kds/KDSMain.tsx(171,27): error TS2339: Property 'id' does not exist on type 'never'.
src/pages/kds/KDSMain.tsx(172,35): error TS2339: Property 'display_id' does not exist on type 'never'.
src/pages/kds/KDSMain.tsx(173,28): error TS2339: Property 'table_name' does not exist on type 'never'.
src/pages/kds/KDSMain.tsx(174,28): error TS2339: Property 'order_type' does not exist on type 'never'.
src/pages/kds/KDSMain.tsx(175,25): error TS2339: Property 'station' does not exist on type 'never'.
src/pages/kds/KDSMain.tsx(176,31): error TS2339: Property 'status' does not exist on type 'never'.
src/pages/kds/KDSMain.tsx(177,31): error TS2339: Property 'pass_approved' does not exist on type 'never'.
src/pages/kds/KDSMain.tsx(178,31): error TS2339: Property 'pass_required' does not exist on type 'never'.
src/pages/kds/KDSMain.tsx(179,27): error TS2339: Property 'delivered' does not exist on type 'never'.
src/pages/kds/KDSMain.tsx(180,29): error TS2339: Property 'round_label' does not exist on type 'never'.
src/pages/kds/KDSMain.tsx(247,14): error TS7005: Variable 'flattenedItems' implicitly has an 'any[]' type.
src/pages/kds/KDSMain.tsx(272,21): error TS7031: Binding element 'item' implicitly has an 'any' type.
src/pages/kds/KDSMain.tsx(272,27): error TS7031: Binding element 'settings' implicitly has an 'any' type.
src/pages/kds/KDSMain.tsx(272,37): error TS7031: Binding element 'onStart' implicitly has an 'any' type.
src/pages/kds/KDSMain.tsx(272,46): error TS7031: Binding element 'onReady' implicitly has an 'any' type.
src/pages/kds/KDSMain.tsx(272,55): error TS7031: Binding element 'onHold' implicitly has an 'any' type.
src/pages/kds/KDSMain.tsx(272,63): error TS7031: Binding element 'onPassApprove' implicitly has an 'any' type.
src/pages/kds/KDSMain.tsx(272,78): error TS7031: Binding element 'onDeliver' implicitly has an 'any' type.
src/pages/kds/KDSMain.tsx(281,44): error TS2362: The left-hand side of an arithmetic operation must be of type 'any', 'number', 'bigint' or an enum type.
src/pages/kds/KDSMain.tsx(281,50): error TS2363: The right-hand side of an arithmetic operation must be of type 'any', 'number', 'bigint' or an enum type.
src/pages/kds/KDSMain.tsx(286,21): error TS2345: Argument of type 'number' is not assignable to parameter of type 'SetStateAction<null>'.
src/pages/kds/KDSMain.tsx(295,23): error TS7006: Parameter 'seconds' implicitly has an 'any' type.
src/pages/kds/KDSMain.tsx(351,34): error TS7006: Parameter 'mod' implicitly has an 'any' type.
src/pages/kds/KDSMain.tsx(351,39): error TS7006: Parameter 'i' implicitly has an 'any' type.
src/pages/kds/KDSMain_v2.tsx(71,28): error TS7006: Parameter 'ticketId' implicitly has an 'any' type.
src/pages/kds/KDSMain_v2.tsx(71,38): error TS7006: Parameter 'itemId' implicitly has an 'any' type.
src/pages/kds/KDSMain_v2.tsx(82,28): error TS7006: Parameter 'ticketId' implicitly has an 'any' type.
src/pages/kds/KDSMain_v2.tsx(82,38): error TS7006: Parameter 'itemId' implicitly has an 'any' type.
src/pages/kds/KDSMain_v2.tsx(93,27): error TS7006: Parameter 'ticketId' implicitly has an 'any' type.
src/pages/kds/KDSMain_v2.tsx(93,37): error TS7006: Parameter 'itemId' implicitly has an 'any' type.
src/pages/kds/KDSMain_v2.tsx(107,30): error TS7006: Parameter 'ticketId' implicitly has an 'any' type.
src/pages/kds/KDSMain_v2.tsx(118,32): error TS7006: Parameter 'ticketId' implicitly has an 'any' type.
src/pages/kds/KDSMain_v2.tsx(131,48): error TS2339: Property 'status' does not exist on type 'never'.
src/pages/kds/KDSMain_v2.tsx(132,49): error TS2339: Property 'status' does not exist on type 'never'.
src/pages/kds/KDSMain_v2.tsx(133,19): error TS2339: Property 'station' does not exist on type 'never'.
src/pages/kds/KDSMain_v2.tsx(133,70): error TS2339: Property 'status' does not exist on type 'never'.
src/pages/kds/KDSMain_v2.tsx(137,9): error TS7034: Variable 'flattenedItems' implicitly has type 'any[]' in some locations where its type cannot be determined.
src/pages/kds/KDSMain_v2.tsx(139,26): error TS2339: Property 'items' does not exist on type 'never'.
src/pages/kds/KDSMain_v2.tsx(140,19): error TS7006: Parameter 'item' implicitly has an 'any' type.
src/pages/kds/KDSMain_v2.tsx(143,27): error TS2339: Property 'id' does not exist on type 'never'.
src/pages/kds/KDSMain_v2.tsx(144,35): error TS2339: Property 'display_id' does not exist on type 'never'.
src/pages/kds/KDSMain_v2.tsx(145,28): error TS2339: Property 'table_name' does not exist on type 'never'.
src/pages/kds/KDSMain_v2.tsx(146,28): error TS2339: Property 'order_type' does not exist on type 'never'.
src/pages/kds/KDSMain_v2.tsx(147,25): error TS2339: Property 'station' does not exist on type 'never'.
src/pages/kds/KDSMain_v2.tsx(148,31): error TS2339: Property 'status' does not exist on type 'never'.
src/pages/kds/KDSMain_v2.tsx(149,31): error TS2339: Property 'pass_approved' does not exist on type 'never'.
src/pages/kds/KDSMain_v2.tsx(150,31): error TS2339: Property 'pass_required' does not exist on type 'never'.
src/pages/kds/KDSMain_v2.tsx(151,27): error TS2339: Property 'delivered' does not exist on type 'never'.
src/pages/kds/KDSMain_v2.tsx(152,29): error TS2339: Property 'round_label' does not exist on type 'never'.
src/pages/kds/KDSMain_v2.tsx(214,14): error TS7005: Variable 'flattenedItems' implicitly has an 'any[]' type.
src/pages/kds/KDSMain_v2.tsx(232,10): error TS2741: Property 'onFilterChange' is missing in type '{ mode: string; }' but required in type '{ mode?: string | undefined; onFilterChange: any; }'.
src/pages/kds/KDSMain_v2.tsx(239,21): error TS7031: Binding element 'item' implicitly has an 'any' type.
src/pages/kds/KDSMain_v2.tsx(239,27): error TS7031: Binding element 'settings' implicitly has an 'any' type.
src/pages/kds/KDSMain_v2.tsx(239,37): error TS7031: Binding element 'onStart' implicitly has an 'any' type.
src/pages/kds/KDSMain_v2.tsx(239,46): error TS7031: Binding element 'onReady' implicitly has an 'any' type.
src/pages/kds/KDSMain_v2.tsx(239,55): error TS7031: Binding element 'onHold' implicitly has an 'any' type.
src/pages/kds/KDSMain_v2.tsx(239,63): error TS7031: Binding element 'onPassApprove' implicitly has an 'any' type.
src/pages/kds/KDSMain_v2.tsx(239,78): error TS7031: Binding element 'onDeliver' implicitly has an 'any' type.
src/pages/kds/KDSMain_v2.tsx(248,44): error TS2362: The left-hand side of an arithmetic operation must be of type 'any', 'number', 'bigint' or an enum type.
src/pages/kds/KDSMain_v2.tsx(248,50): error TS2363: The right-hand side of an arithmetic operation must be of type 'any', 'number', 'bigint' or an enum type.
src/pages/kds/KDSMain_v2.tsx(253,21): error TS2345: Argument of type 'number' is not assignable to parameter of type 'SetStateAction<null>'.
src/pages/kds/KDSMain_v2.tsx(262,23): error TS7006: Parameter 'seconds' implicitly has an 'any' type.
src/pages/kds/KDSMain_v2.tsx(318,34): error TS7006: Parameter 'mod' implicitly has an 'any' type.
src/pages/kds/KDSMain_v2.tsx(318,39): error TS7006: Parameter 'i' implicitly has an 'any' type.
src/pages/kds/KDSStationDetail.tsx(56,33): error TS7006: Parameter 'newSettings' implicitly has an 'any' type.
src/pages/kds/KDSStationDetail.tsx(102,69): error TS2339: Property 'name' does not exist on type 'never'.
src/pages/kds/KDSStationDetail.tsx(103,47): error TS2339: Property 'station_key' does not exist on type 'never'.
src/pages/kds/KDSStationDetail.tsx(130,26): error TS2339: Property 'routing_rules' does not exist on type 'never'.
src/pages/kds/KDSStationDetail.tsx(130,46): error TS7006: Parameter 'rule' implicitly has an 'any' type.
src/pages/kds/KDSStationDetail.tsx(130,52): error TS7006: Parameter 'idx' implicitly has an 'any' type.
src/pages/kds/KDSStationDetail.tsx(144,42): error TS2339: Property 'ticket_summary' does not exist on type 'never'.
src/pages/kds/KDSStationDetail.tsx(148,23): error TS2322: Type 'unknown' is not assignable to type 'boolean | undefined'.
src/pages/kds/KDSStationDetail.tsx(152,41): error TS2339: Property 'ticket_summary' does not exist on type 'never'.
src/pages/kds/KDSStationDetail.tsx(172,42): error TS2339: Property 'order_status_enabled' does not exist on type 'never'.
src/pages/kds/KDSStationDetail.tsx(176,23): error TS2322: Type 'unknown' is not assignable to type 'boolean | undefined'.
src/pages/kds/KDSStationDetail.tsx(181,41): error TS2339: Property 'order_status_enabled' does not exist on type 'never'.
src/pages/kds/KDSStationDetail.tsx(208,90): error TS2339: Property 'theme' does not exist on type 'never'.
src/pages/kds/KDSStationDetail.tsx(226,90): error TS2339: Property 'layout' does not exist on type 'never'.
src/pages/kds/KDSStationDetail.tsx(244,90): error TS2339: Property 'time_format' does not exist on type 'never'.
src/pages/kds/KDSStationDetail.tsx(263,39): error TS2339: Property 'wait_times' does not exist on type 'never'.
src/pages/kds/KDSStationDetail.tsx(266,51): error TS2339: Property 'wait_times' does not exist on type 'never'.
src/pages/kds/KDSStationDetail.tsx(282,37): error TS2339: Property 'wait_times' does not exist on type 'never'.
src/pages/kds/KDSStationDetail.tsx(286,39): error TS2339: Property 'wait_times' does not exist on type 'never'.
src/pages/kds/KDSStationDetail.tsx(301,37): error TS2339: Property 'wait_times' does not exist on type 'never'.
src/pages/kds/KDSStationDetail.tsx(305,39): error TS2339: Property 'wait_times' does not exist on type 'never'.
src/pages/manager/AccountingHub.tsx(17,42): error TS2551: Property 'venue_id' does not exist on type 'User'. Did you mean 'venueId'?
src/pages/manager/AccountingHub.tsx(27,49): error TS2538: Type 'undefined' cannot be used as an index type.
src/pages/manager/AccountingHub.tsx(63,17): error TS2322: Type '{ venueId: any; tableKey: string; title: string; emptyMessage: string; }' is not assignable to type 'IntrinsicAttributes & { venueId: any; tableKey: any; dataEndpoint: any; onRowClick: any; className?: string | undefined; }'.
  Property 'title' does not exist on type 'IntrinsicAttributes & { venueId: any; tableKey: any; dataEndpoint: any; onRowClick: any; className?: string | undefined; }'.
src/pages/manager/AccountingMalta.tsx(24,53): error TS18047: 'activeVenue' is possibly 'null'.
src/pages/manager/AccountingMalta.tsx(25,53): error TS18047: 'activeVenue' is possibly 'null'.
src/pages/manager/AccountingMalta.tsx(38,6): error TS2741: Property 'actions' is missing in type '{ children: Element; title: string; description: string; }' but required in type '{ children: any; className?: string | undefined; title: any; description: any; actions: any; }'.
src/pages/manager/ai-invoice/AIInvoiceHub.tsx(23,6): error TS2741: Property 'actions' is missing in type '{ children: Element; title: string; description: string; }' but required in type '{ children: any; className?: string | undefined; title: any; description: any; actions: any; }'.
src/pages/manager/ai-invoice/InvoiceList.tsx(31,26): error TS7006: Parameter 'status' implicitly has an 'any' type.
src/pages/manager/ai-invoice/InvoiceList.tsx(38,27): error TS7006: Parameter 'status' implicitly has an 'any' type.
src/pages/manager/ai-invoice/InvoiceList.tsx(48,12): error TS7053: Element implicitly has an 'any' type because expression of type 'any' can't be used to index type '{ pending: string; ocr_processing: string; ocr_complete: string; matched: string; variance_detected: string; approved: string; rejected: string; }'.
src/pages/manager/ai-invoice/InvoiceList.tsx(52,6): error TS2741: Property 'actions' is missing in type '{ children: Element; title: string; description: string; }' but required in type '{ children: any; className?: string | undefined; title: any; description: any; actions: any; }'.
src/pages/manager/ai-invoice/InvoiceList.tsx(68,34): error TS2339: Property 'id' does not exist on type 'never'.
src/pages/manager/ai-invoice/InvoiceList.tsx(73,48): error TS2339: Property 'status' does not exist on type 'never'.
src/pages/manager/ai-invoice/InvoiceList.tsx(74,86): error TS2339: Property 'invoice_number' does not exist on type 'never'.
src/pages/manager/ai-invoice/InvoiceList.tsx(75,66): error TS2339: Property 'status' does not exist on type 'never'.
src/pages/manager/ai-invoice/InvoiceList.tsx(75,84): error TS2339: Property 'status' does not exist on type 'never'.
src/pages/manager/ai-invoice/InvoiceList.tsx(77,75): error TS2339: Property 'supplier_name' does not exist on type 'never'.
src/pages/manager/ai-invoice/InvoiceList.tsx(81,79): error TS2339: Property 'total_amount' does not exist on type 'never'.
src/pages/manager/ai-invoice/InvoiceList.tsx(85,72): error TS2339: Property 'invoice_date' does not exist on type 'never'.
src/pages/manager/ai-invoice/InvoiceList.tsx(89,63): error TS2339: Property 'line_items' does not exist on type 'never'.
src/pages/manager/ai-invoice/InvoiceList.tsx(93,79): error TS2339: Property 'variances' does not exist on type 'never'.
src/pages/manager/ai-invoice/InvoiceOCR.tsx(13,35): error TS7006: Parameter 'e' implicitly has an 'any' type.
src/pages/manager/ai-invoice/InvoiceOCR.tsx(21,24): error TS18047: 'event.target' is possibly 'null'.
src/pages/manager/ai-invoice/InvoiceOCR.tsx(21,24): error TS18047: 'event.target.result' is possibly 'null'.
src/pages/manager/ai-invoice/InvoiceOCR.tsx(21,44): error TS2339: Property 'split' does not exist on type 'string | ArrayBuffer'.
  Property 'split' does not exist on type 'ArrayBuffer'.
src/pages/manager/ai-invoice/InvoiceOCR.tsx(42,6): error TS2741: Property 'actions' is missing in type '{ children: Element; title: string; description: string; }' but required in type '{ children: any; className?: string | undefined; title: any; description: any; actions: any; }'.
src/pages/manager/ai-invoice/InvoiceOCR.tsx(79,54): error TS2339: Property 'invoice_number' does not exist on type 'never'.
src/pages/manager/ai-invoice/InvoiceOCR.tsx(83,54): error TS2339: Property 'supplier_name' does not exist on type 'never'.
src/pages/manager/ai-invoice/InvoiceOCR.tsx(87,70): error TS2339: Property 'total_amount' does not exist on type 'never'.
src/pages/manager/ai-invoice/InvoiceOCR.tsx(91,54): error TS2339: Property 'line_items' does not exist on type 'never'.
src/pages/manager/ai-invoice/InvoiceOCR.tsx(93,25): error TS2339: Property 'variances' does not exist on type 'never'.
src/pages/manager/ai-invoice/InvoiceOCR.tsx(93,45): error TS2339: Property 'variances' does not exist on type 'never'.
src/pages/manager/ai-invoice/InvoiceOCR.tsx(95,102): error TS2339: Property 'variances' does not exist on type 'never'.
src/pages/manager/ai-invoice/InvoiceOCR.tsx(96,29): error TS2339: Property 'variances' does not exist on type 'never'.
src/pages/manager/ai-invoice/InvoiceOCR.tsx(96,56): error TS7006: Parameter 'v' implicitly has an 'any' type.
src/pages/manager/ai-invoice/InvoiceOCR.tsx(96,59): error TS7006: Parameter 'i' implicitly has an 'any' type.
src/pages/manager/ai-invoice/VarianceAnalysis.tsx(27,6): error TS2554: Expected 0-1 arguments, but got 2.
src/pages/manager/ai-invoice/VarianceAnalysis.tsx(30,6): error TS2741: Property 'actions' is missing in type '{ children: Element; title: string; description: string; }' but required in type '{ children: any; className?: string | undefined; title: any; description: any; actions: any; }'.
src/pages/manager/ai-invoice/VarianceAnalysis.tsx(33,30): error TS2339: Property 'id' does not exist on type 'never'.
src/pages/manager/ai-invoice/VarianceAnalysis.tsx(33,337): error TS2339: Property 'invoice_number' does not exist on type 'never'.
src/pages/manager/ai-invoice/VarianceAnalysis.tsx(33,418): error TS2339: Property 'variances' does not exist on type 'never'.
src/pages/manager/ai-invoice/VarianceAnalysis.tsx(33,517): error TS2339: Property 'supplier_name' does not exist on type 'never'.
src/pages/manager/ai-invoice/VarianceAnalysis.tsx(33,571): error TS2339: Property 'variances' does not exist on type 'never'.
src/pages/manager/ai-invoice/VarianceAnalysis.tsx(33,587): error TS7006: Parameter 'v' implicitly has an 'any' type.
src/pages/manager/ai-invoice/VarianceAnalysis.tsx(33,590): error TS7006: Parameter 'i' implicitly has an 'any' type.
src/pages/manager/Analytics.tsx(23,51): error TS18047: 'activeVenue' is possibly 'null'.
src/pages/manager/Analytics.tsx(24,48): error TS18047: 'activeVenue' is possibly 'null'.
src/pages/manager/Analytics.tsx(37,6): error TS2741: Property 'actions' is missing in type '{ children: Element[]; title: string; description: string; }' but required in type '{ children: any; className?: string | undefined; title: any; description: any; actions: any; }'.
src/pages/manager/Analytics.tsx(73,29): error TS2339: Property 'id' does not exist on type 'never'.
src/pages/manager/Analytics.tsx(74,22): error TS2339: Property 'name' does not exist on type 'never'.
src/pages/manager/Automations.tsx(22,64): error TS18047: 'activeVenue' is possibly 'null'.
src/pages/manager/Automations.tsx(32,6): error TS2741: Property 'actions' is missing in type '{ children: Element; title: string; description: string; }' but required in type '{ children: any; className?: string | undefined; title: any; description: any; actions: any; }'.
src/pages/manager/Automations.tsx(46,32): error TS2339: Property 'id' does not exist on type 'never'.
src/pages/manager/Automations.tsx(48,72): error TS2339: Property 'name' does not exist on type 'never'.
src/pages/manager/Automations.tsx(49,42): error TS2339: Property 'status' does not exist on type 'never'.
src/pages/manager/Automations.tsx(50,29): error TS2339: Property 'status' does not exist on type 'never'.
src/pages/manager/Automations.tsx(54,27): error TS2339: Property 'channels' does not exist on type 'never'.
src/pages/manager/Automations.tsx(54,41): error TS7006: Parameter 'ch' implicitly has an 'any' type.
src/pages/manager/central-kitchen/CentralKitchenHub.tsx(16,6): error TS2741: Property 'actions' is missing in type '{ children: Element; title: string; description: string; }' but required in type '{ children: any; className?: string | undefined; title: any; description: any; actions: any; }'.
src/pages/manager/central-kitchen/InternalOrders.tsx(29,27): error TS7006: Parameter 'status' implicitly has an 'any' type.
src/pages/manager/central-kitchen/InternalOrders.tsx(31,12): error TS7053: Element implicitly has an 'any' type because expression of type 'any' can't be used to index type '{ pending: string; fulfilled: string; partial: string; cancelled: string; }'.
src/pages/manager/central-kitchen/InternalOrders.tsx(38,28): error TS2339: Property 'id' does not exist on type 'never'.
src/pages/manager/central-kitchen/InternalOrders.tsx(38,320): error TS2339: Property 'order_number' does not exist on type 'never'.
src/pages/manager/central-kitchen/InternalOrders.tsx(38,377): error TS2339: Property 'status' does not exist on type 'never'.
src/pages/manager/central-kitchen/InternalOrders.tsx(38,393): error TS2339: Property 'status' does not exist on type 'never'.
src/pages/manager/central-kitchen/InternalOrders.tsx(38,554): error TS2339: Property 'from_venue_id' does not exist on type 'never'.
src/pages/manager/central-kitchen/InternalOrders.tsx(38,656): error TS2339: Property 'items' does not exist on type 'never'.
src/pages/manager/central-kitchen/InternalOrders.tsx(38,785): error TS2339: Property 'requested_delivery' does not exist on type 'never'.
src/pages/manager/central-kitchen/ProductionBatches.tsx(42,27): error TS7006: Parameter 'status' implicitly has an 'any' type.
src/pages/manager/central-kitchen/ProductionBatches.tsx(44,12): error TS7053: Element implicitly has an 'any' type because expression of type 'any' can't be used to index type '{ planned: string; in_progress: string; completed: string; cancelled: string; }'.
src/pages/manager/central-kitchen/ProductionBatches.tsx(51,28): error TS2339: Property 'id' does not exist on type 'never'.
src/pages/manager/central-kitchen/ProductionBatches.tsx(51,316): error TS2339: Property 'batch_number' does not exist on type 'never'.
src/pages/manager/central-kitchen/ProductionBatches.tsx(51,373): error TS2339: Property 'status' does not exist on type 'never'.
src/pages/manager/central-kitchen/ProductionBatches.tsx(51,389): error TS2339: Property 'status' does not exist on type 'never'.
src/pages/manager/central-kitchen/ProductionBatches.tsx(51,550): error TS2339: Property 'batch_date' does not exist on type 'never'.
src/pages/manager/central-kitchen/ProductionBatches.tsx(51,649): error TS2339: Property 'items' does not exist on type 'never'.
src/pages/manager/central-kitchen/ProductionBatches.tsx(51,764): error TS2339: Property 'quality_checked' does not exist on type 'never'.
src/pages/manager/central-kitchen/ProductionBatches.tsx(51,892): error TS2339: Property 'internal_orders' does not exist on type 'never'.
src/pages/manager/CompanySettings.tsx(84,35): error TS18047: 'activeVenue' is possibly 'null'.
src/pages/manager/CompanySettings.tsx(85,36): error TS18047: 'activeVenue' is possibly 'null'.
src/pages/manager/CompanySettings.tsx(96,32): error TS7006: Parameter 'field' implicitly has an 'any' type.
src/pages/manager/CompanySettings.tsx(96,39): error TS7006: Parameter 'value' implicitly has an 'any' type.
src/pages/manager/CompanySettings.tsx(107,35): error TS18047: 'activeVenue' is possibly 'null'.
src/pages/manager/CompanySettings.tsx(109,63): error TS18047: 'activeVenue' is possibly 'null'.
src/pages/manager/CompanySettings.tsx(166,40): error TS2322: Type '{ className: string; }' is not assignable to type 'IntrinsicAttributes & RefAttributes<unknown>'.
  Property 'className' does not exist on type 'IntrinsicAttributes & RefAttributes<unknown>'.
src/pages/manager/CompanySettings.tsx(205,58): error TS2339: Property 'name' does not exist on type '{}'.
src/pages/manager/CompanySettings.tsx(213,58): error TS2339: Property 'type' does not exist on type '{}'.
src/pages/manager/CompanySettings.tsx(223,60): error TS2339: Property 'pacing_enabled' does not exist on type '{}'.
src/pages/manager/CompanySettings.tsx(245,61): error TS2339: Property 'currency' does not exist on type '{}'.
src/pages/manager/CompanySettings.tsx(253,62): error TS2339: Property 'timezone' does not exist on type '{}'.
src/pages/manager/compliance/HACCPChecklists.tsx(24,13): error TS2339: Property 'currentVenue' does not exist on type 'VenueContextValue'.
src/pages/manager/compliance/HACCPChecklists.tsx(59,43): error TS2559: Type 'string[]' has no properties in common with type 'InvalidateQueryFilters<readonly unknown[]>'.
src/pages/manager/compliance/HACCPChecklists.tsx(60,43): error TS2559: Type 'string[]' has no properties in common with type 'InvalidateQueryFilters<readonly unknown[]>'.
src/pages/manager/compliance/HACCPChecklists.tsx(66,34): error TS7006: Parameter 'l' implicitly has an 'any' type.
src/pages/manager/compliance/HACCPChecklists.tsx(70,35): error TS7006: Parameter 's' implicitly has an 'any' type.
src/pages/manager/compliance/HACCPChecklists.tsx(70,38): error TS7006: Parameter 'l' implicitly has an 'any' type.
src/pages/manager/compliance/HACCPChecklists.tsx(98,52): error TS2339: Property 'isLoading' does not exist on type 'UseMutationResult<AxiosResponse<any, any, {}>, Error, void, unknown>'.
  Property 'isLoading' does not exist on type 'Override<MutationObserverIdleResult<AxiosResponse<any, any, {}>, Error, void, unknown>, { mutate: UseMutateFunction<AxiosResponse<any, any, {}>, Error, void, unknown>; }> & { ...; }'.
src/pages/manager/compliance/HACCPChecklists.tsx(100,43): error TS2339: Property 'isLoading' does not exist on type 'UseMutationResult<AxiosResponse<any, any, {}>, Error, void, unknown>'.
  Property 'isLoading' does not exist on type 'Override<MutationObserverIdleResult<AxiosResponse<any, any, {}>, Error, void, unknown>, { mutate: UseMutateFunction<AxiosResponse<any, any, {}>, Error, void, unknown>; }> & { ...; }'.
src/pages/manager/compliance/HACCPChecklists.tsx(164,44): error TS7006: Parameter 'template' implicitly has an 'any' type.
src/pages/manager/compliance/HACCPChecklists.tsx(165,45): error TS7053: Element implicitly has an 'any' type because expression of type 'any' can't be used to index type '{ temperature: { icon: ForwardRefExoticComponent<Omit<LucideProps, "ref"> & RefAttributes<SVGSVGElement>>; color: string; bg: string; }; receiving: { ...; }; cleaning: { ...; }; general: { ...; }; }'.
src/pages/manager/compliance/HACCPChecklists.tsx(184,94): error TS7006: Parameter 'item' implicitly has an 'any' type.
src/pages/manager/compliance/HACCPChecklists.tsx(184,100): error TS7006: Parameter 'idx' implicitly has an 'any' type.
src/pages/manager/compliance/HACCPChecklists.tsx(232,39): error TS7006: Parameter 'log' implicitly has an 'any' type.
src/pages/manager/compliance/HACCPChecklists.tsx(265,69): error TS7006: Parameter 'item' implicitly has an 'any' type.
src/pages/manager/compliance/HACCPChecklists.tsx(265,75): error TS7006: Parameter 'idx' implicitly has an 'any' type.
src/pages/manager/components/RealTimeEfficiency.tsx(3,46): error TS7031: Binding element 'data' implicitly has an 'any' type.
src/pages/manager/components/RightSidePanels.tsx(4,34): error TS7031: Binding element 'data' implicitly has an 'any' type.
src/pages/manager/components/RightSidePanels.tsx(63,35): error TS7031: Binding element 'data' implicitly has an 'any' type.
src/pages/manager/components/RightSidePanels.tsx(79,32): error TS7006: Parameter 'item' implicitly has an 'any' type.
src/pages/manager/components/RightSidePanels.tsx(79,38): error TS7006: Parameter 'idx' implicitly has an 'any' type.
src/pages/manager/components/SentimentNodeGraph.tsx(4,46): error TS7031: Binding element 'data' implicitly has an 'any' type.
src/pages/manager/Connectors.tsx(22,57): error TS18047: 'activeVenue' is possibly 'null'.
src/pages/manager/Connectors.tsx(32,6): error TS2741: Property 'actions' is missing in type '{ children: Element; title: string; description: string; }' but required in type '{ children: any; className?: string | undefined; title: any; description: any; actions: any; }'.
src/pages/manager/Connectors.tsx(46,32): error TS2339: Property 'id' does not exist on type 'never'.
src/pages/manager/Connectors.tsx(48,72): error TS2339: Property 'name' does not exist on type 'never'.
src/pages/manager/Connectors.tsx(49,65): error TS2339: Property 'type' does not exist on type 'never'.
src/pages/manager/Connectors.tsx(51,40): error TS2339: Property 'status' does not exist on type 'never'.
src/pages/manager/Connectors.tsx(52,27): error TS2339: Property 'status' does not exist on type 'never'.
src/pages/manager/Dashboard.tsx(89,18): error TS2554: Expected 3 arguments, but got 1.
src/pages/manager/DeviceHub.tsx(37,49): error TS18047: 'activeVenue' is possibly 'null'.
src/pages/manager/DeviceHub.tsx(66,37): error TS7053: Element implicitly has an 'any' type because expression of type 'any' can't be used to index type '{ pos: string; kds: string; printer: string; scanner: string; }'.
src/pages/manager/DeviceHub.tsx(75,37): error TS7053: Element implicitly has an 'any' type because expression of type 'any' can't be used to index type '{ online: string; offline: string; }'.
src/pages/manager/DeviceMapping.tsx(30,49): error TS18047: 'activeVenue' is possibly 'null'.
src/pages/manager/DeviceMapping.tsx(59,37): error TS7053: Element implicitly has an 'any' type because expression of type 'any' can't be used to index type '{ pos: string; kds: string; printer: string; }'.
src/pages/manager/Devices.tsx(177,53): error TS2339: Property 'name' does not exist on type 'never'.
src/pages/manager/Devices.tsx(184,33): error TS7006: Parameter 'device' implicitly has an 'any' type.
src/pages/manager/Devices.tsx(332,17): error TS2322: Type '{ children: Element; title: string; description: string; breadcrumb: { label: string; href: string; }[]; }' is not assignable to type 'IntrinsicAttributes & { children: any; className?: string | undefined; title: any; description: any; actions: any; }'.
  Property 'breadcrumb' does not exist on type 'IntrinsicAttributes & { children: any; className?: string | undefined; title: any; description: any; actions: any; }'.
src/pages/manager/Documents.tsx(32,49): error TS18047: 'activeVenue' is possibly 'null'.
src/pages/manager/Documents.tsx(62,37): error TS7053: Element implicitly has an 'any' type because expression of type 'any' can't be used to index type '{ pending: string; processing: string; completed: string; failed: string; }'.
src/pages/manager/door-access/tabs/DoorsTab.tsx(37,49): error TS2554: Expected 6 arguments, but got 4.
src/pages/manager/EventMonitor.tsx(53,30): error TS7006: Parameter 'eventType' implicitly has an 'any' type.
src/pages/manager/EventMonitor.tsx(60,12): error TS7053: Element implicitly has an 'any' type because expression of type 'any' can't be used to index type '{ 'order.closed': string; 'order.created': string; 'order.payment_received': string; 'reservation.created': string; }'.
src/pages/manager/EventMonitor.tsx(63,24): error TS7031: Binding element 'event' implicitly has an 'any' type.
src/pages/manager/EventMonitor.tsx(126,47): error TS2339: Property 'status' does not exist on type 'never'.
src/pages/manager/EventMonitor.tsx(167,50): error TS2339: Property 'status' does not exist on type 'never'.
src/pages/manager/EventMonitor.tsx(179,41): error TS2339: Property 'status' does not exist on type 'never'.
src/pages/manager/EventMonitor.tsx(187,42): error TS2339: Property 'status' does not exist on type 'never'.
src/pages/manager/EventMonitor.tsx(188,39): error TS2339: Property 'id' does not exist on type 'never'.
src/pages/manager/EventMonitor.tsx(204,39): error TS2339: Property 'id' does not exist on type 'never'.
src/pages/manager/EventMonitor.tsx(221,39): error TS2339: Property 'id' does not exist on type 'never'.
src/pages/manager/FinanceDashboard.tsx(18,42): error TS2551: Property 'venue_id' does not exist on type 'User'. Did you mean 'venueId'?
src/pages/manager/FinanceDashboard.tsx(39,27): error TS7006: Parameter 'value' implicitly has an 'any' type.
src/pages/manager/FinanceDashboard.tsx(40,31): error TS2339: Property 'currency' does not exist on type 'never'.
src/pages/manager/FinanceDashboard.tsx(60,42): error TS2339: Property 'gross_sales_today' does not exist on type 'never'.
src/pages/manager/FinanceDashboard.tsx(67,27): error TS2339: Property 'open_orders_count' does not exist on type 'never'.
src/pages/manager/FinanceDashboard.tsx(69,48): error TS2339: Property 'open_orders_value' does not exist on type 'never'.
src/pages/manager/FinanceDashboard.tsx(73,27): error TS2339: Property 'closed_checks_count' does not exist on type 'never'.
src/pages/manager/FinanceDashboard.tsx(75,48): error TS2339: Property 'closed_checks_value' does not exist on type 'never'.
src/pages/manager/FinanceDashboard.tsx(79,42): error TS2339: Property 'avg_check' does not exist on type 'never'.
src/pages/manager/FinanceDashboard.tsx(100,17): error TS2322: Type '{ venueId: any; tableKey: string; title: string; emptyMessage: string; }' is not assignable to type 'IntrinsicAttributes & { venueId: any; tableKey: any; dataEndpoint: any; onRowClick: any; className?: string | undefined; }'.
  Property 'title' does not exist on type 'IntrinsicAttributes & { venueId: any; tableKey: any; dataEndpoint: any; onRowClick: any; className?: string | undefined; }'.
src/pages/manager/FinanceDashboard.tsx(109,17): error TS2322: Type '{ venueId: any; tableKey: string; title: string; emptyMessage: string; }' is not assignable to type 'IntrinsicAttributes & { venueId: any; tableKey: any; dataEndpoint: any; onRowClick: any; className?: string | undefined; }'.
  Property 'title' does not exist on type 'IntrinsicAttributes & { venueId: any; tableKey: any; dataEndpoint: any; onRowClick: any; className?: string | undefined; }'.
src/pages/manager/FloorPlans.tsx(26,49): error TS18047: 'activeVenue' is possibly 'null'.
src/pages/manager/FloorPlans.tsx(53,29): error TS2339: Property 'id' does not exist on type 'never'.
src/pages/manager/FloorPlans.tsx(57,151): error TS2339: Property 'name' does not exist on type 'never'.
src/pages/manager/FloorPlans.tsx(58,27): error TS2339: Property 'is_active' does not exist on type 'never'.
src/pages/manager/FloorPlans.tsx(71,76): error TS2339: Property 'width' does not exist on type 'never'.
src/pages/manager/FloorPlans.tsx(71,91): error TS2339: Property 'height' does not exist on type 'never'.
src/pages/manager/FloorPlans.tsx(75,77): error TS2339: Property 'version' does not exist on type 'never'.
src/pages/manager/FloorPlans.tsx(82,72): error TS2339: Property 'id' does not exist on type 'never'.
src/pages/manager/forecasting/ForecastingDashboard.tsx(21,22): error TS7006: Parameter 'cents' implicitly has an 'any' type.
src/pages/manager/forecasting/ForecastingDashboard.tsx(59,39): error TS7006: Parameter 'd' implicitly has an 'any' type.
src/pages/manager/forecasting/ForecastingDashboard.tsx(69,14): error TS2741: Property 'actions' is missing in type '{ children: (false | Element)[]; title: string; description: string; }' but required in type '{ children: any; className?: string | undefined; title: any; description: any; actions: any; }'.
src/pages/manager/forecasting/ForecastingDashboard.tsx(172,95): error TS7006: Parameter 'd' implicitly has an 'any' type.
src/pages/manager/forecasting/ForecastingHub.tsx(16,6): error TS2741: Property 'actions' is missing in type '{ children: Element; title: string; description: string; }' but required in type '{ children: any; className?: string | undefined; title: any; description: any; actions: any; }'.
src/pages/manager/forecasting/SeasonalPatterns.tsx(28,6): error TS2741: Property 'actions' is missing in type '{ children: Element; title: string; description: string; }' but required in type '{ children: any; className?: string | undefined; title: any; description: any; actions: any; }'.
src/pages/manager/forecasting/SeasonalPatterns.tsx(31,30): error TS2339: Property 'id' does not exist on type 'never'.
src/pages/manager/forecasting/SeasonalPatterns.tsx(31,270): error TS2339: Property 'pattern_name' does not exist on type 'never'.
src/pages/manager/forecasting/SeasonalPatterns.tsx(31,340): error TS2339: Property 'description' does not exist on type 'never'.
src/pages/manager/forecasting/SeasonalPatterns.tsx(31,493): error TS2339: Property 'affected_items' does not exist on type 'never'.
src/pages/manager/forecasting/SeasonalPatterns.tsx(31,631): error TS2339: Property 'multiplier' does not exist on type 'never'.
src/pages/manager/GuestDrawer.tsx(71,17): error TS2554: Expected 0 arguments, but got 2.
src/pages/manager/Guests.tsx(30,49): error TS18047: 'activeVenue' is possibly 'null'.
src/pages/manager/Guests.tsx(47,19): error TS18047: 'activeVenue' is possibly 'null'.
src/pages/manager/guests/GuestProfiles.tsx(25,13): error TS2339: Property 'currentVenue' does not exist on type 'VenueContextValue'.
src/pages/manager/guests/GuestProfiles.tsx(49,52): error TS2339: Property 'id' does not exist on type 'never'.
src/pages/manager/guests/GuestProfiles.tsx(51,59): error TS18047: 'selectedGuest' is possibly 'null'.
src/pages/manager/guests/GuestProfiles.tsx(54,35): error TS2339: Property 'id' does not exist on type 'never'.
src/pages/manager/guests/GuestProfiles.tsx(57,36): error TS7006: Parameter 'g' implicitly has an 'any' type.
src/pages/manager/guests/GuestProfiles.tsx(62,24): error TS7006: Parameter 'risk' implicitly has an 'any' type.
src/pages/manager/guests/GuestProfiles.tsx(68,24): error TS7006: Parameter 'tier' implicitly has an 'any' type.
src/pages/manager/guests/GuestProfiles.tsx(94,62): error TS7006: Parameter 'g' implicitly has an 'any' type.
src/pages/manager/guests/GuestProfiles.tsx(95,68): error TS7006: Parameter 'g' implicitly has an 'any' type.
src/pages/manager/guests/GuestProfiles.tsx(96,101): error TS7006: Parameter 's' implicitly has an 'any' type.
src/pages/manager/guests/GuestProfiles.tsx(96,104): error TS7006: Parameter 'g' implicitly has an 'any' type.
src/pages/manager/guests/GuestProfiles.tsx(134,42): error TS7006: Parameter 'guest' implicitly has an 'any' type.
src/pages/manager/guests/GuestProfiles.tsx(140,56): error TS2339: Property 'id' does not exist on type 'never'.
src/pages/manager/guests/GuestProfiles.tsx(176,79): error TS7006: Parameter 'tag' implicitly has an 'any' type.
src/pages/manager/guests/GuestProfiles.tsx(201,90): error TS2339: Property 'name' does not exist on type 'never'.
src/pages/manager/guests/GuestProfiles.tsx(204,132): error TS2339: Property 'name' does not exist on type 'never'.
src/pages/manager/guests/GuestProfiles.tsx(242,81): error TS7006: Parameter 'tag' implicitly has an 'any' type.
src/pages/manager/guests/GuestProfiles.tsx(255,97): error TS7006: Parameter 'order' implicitly has an 'any' type.
src/pages/manager/guests/GuestProfiles.tsx(255,104): error TS7006: Parameter 'i' implicitly has an 'any' type.
src/pages/manager/hr/AccountingMalta.tsx(19,15): error TS2554: Expected 0 arguments, but got 2.
src/pages/manager/hr/AccountingMalta.tsx(32,78): error TS18047: 'activeVenue' is possibly 'null'.
src/pages/manager/hr/AccountingMalta.tsx(45,19): error TS18047: 'activeVenue' is possibly 'null'.
src/pages/manager/hr/AccountingMalta.tsx(62,8): error TS2741: Property 'actions' is missing in type '{ children: Element; title: string; description: string; }' but required in type '{ children: any; className?: string | undefined; title: any; description: any; actions: any; }'.
src/pages/manager/hr/AccountingMalta.tsx(146,42): error TS2339: Property 'id' does not exist on type 'never'.
src/pages/manager/hr/AccountingMalta.tsx(147,71): error TS2339: Property 'date' does not exist on type 'never'.
src/pages/manager/hr/AccountingMalta.tsx(148,41): error TS2339: Property 'type' does not exist on type 'never'.
src/pages/manager/hr/AccountingMalta.tsx(149,41): error TS2339: Property 'period' does not exist on type 'never'.
src/pages/manager/hr/AccountingMalta.tsx(152,71): error TS2339: Property 'status' does not exist on type 'never'.
src/pages/manager/hr/AdminSettings.tsx(26,55): error TS2345: Argument of type 'string | undefined' is not assignable to parameter of type 'string'.
  Type 'undefined' is not assignable to type 'string'.
src/pages/manager/hr/AdminSettings.tsx(34,5): error TS2698: Spread types may only be created from object types.
src/pages/manager/hr/AdminSettings.tsx(35,17): error TS2339: Property 'roles' does not exist on type 'never'.
src/pages/manager/hr/AdminSettings.tsx(40,8): error TS2741: Property 'actions' is missing in type '{ children: Element; title: string; description: string; }' but required in type '{ children: any; className?: string | undefined; title: any; description: any; actions: any; }'.
src/pages/manager/hr/AdminSettings.tsx(46,25): error TS7006: Parameter 'moduleKey' implicitly has an 'any' type.
src/pages/manager/hr/AdminSettings.tsx(47,19): error TS2345: Argument of type '(prev: never[]) => any[]' is not assignable to parameter of type 'SetStateAction<never[]>'.
  Type '(prev: never[]) => any[]' is not assignable to type '(prevState: never[]) => never[]'.
    Type 'any[]' is not assignable to type 'never[]'.
      Type 'any' is not assignable to type 'never'.
src/pages/manager/hr/AdminSettings.tsx(47,53): error TS2339: Property 'module_key' does not exist on type 'never'.
src/pages/manager/hr/AdminSettings.tsx(48,11): error TS2698: Spread types may only be created from object types.
src/pages/manager/hr/AdminSettings.tsx(48,35): error TS2339: Property 'enabled' does not exist on type 'never'.
src/pages/manager/hr/AdminSettings.tsx(53,29): error TS7006: Parameter 'moduleKey' implicitly has an 'any' type.
src/pages/manager/hr/AdminSettings.tsx(53,40): error TS7006: Parameter 'role' implicitly has an 'any' type.
src/pages/manager/hr/AdminSettings.tsx(54,19): error TS2345: Argument of type '(prev: never[]) => any[]' is not assignable to parameter of type 'SetStateAction<never[]>'.
  Type '(prev: never[]) => any[]' is not assignable to type '(prevState: never[]) => never[]'.
    Type 'any[]' is not assignable to type 'never[]'.
      Type 'any' is not assignable to type 'never'.
src/pages/manager/hr/AdminSettings.tsx(55,16): error TS2339: Property 'module_key' does not exist on type 'never'.
src/pages/manager/hr/AdminSettings.tsx(56,26): error TS2339: Property 'roles' does not exist on type 'never'.
src/pages/manager/hr/AdminSettings.tsx(58,18): error TS2698: Spread types may only be created from object types.
src/pages/manager/hr/AdminSettings.tsx(58,48): error TS7006: Parameter 'item' implicitly has an 'any' type.
src/pages/manager/hr/AdminSettings.tsx(60,16): error TS2698: Spread types may only be created from object types.
src/pages/manager/hr/Analytics.tsx(25,42): error TS2551: Property 'venue_id' does not exist on type 'User'. Did you mean 'venueId'?
src/pages/manager/hr/Analytics.tsx(78,76): error TS2339: Property 'total_employees' does not exist on type 'never'.
src/pages/manager/hr/Analytics.tsx(84,76): error TS2339: Property 'shifts_today' does not exist on type 'never'.
src/pages/manager/hr/Analytics.tsx(90,76): error TS2339: Property 'pending_leave' does not exist on type 'never'.
src/pages/manager/hr/Analytics.tsx(96,76): error TS2339: Property 'expiring_docs' does not exist on type 'never'.
src/pages/manager/hr/AuditTrail.tsx(56,8): error TS2741: Property 'actions' is missing in type '{ children: Element; title: string; description: string; }' but required in type '{ children: any; className?: string | undefined; title: any; description: any; actions: any; }'.
src/pages/manager/hr/AuditTrail.tsx(63,55): error TS7006: Parameter 'row' implicitly has an 'any' type.
src/pages/manager/hr/AuditTrail.tsx(65,50): error TS7006: Parameter 'row' implicitly has an 'any' type.
src/pages/manager/hr/AuditTrail.tsx(67,72): error TS7006: Parameter 'row' implicitly has an 'any' type.
src/pages/manager/hr/AuditTrail.tsx(72,8): error TS2741: Property 'actions' is missing in type '{ children: Element; title: string; description: string; }' but required in type '{ children: any; className?: string | undefined; title: any; description: any; actions: any; }'.
src/pages/manager/hr/AuditTrail.tsx(82,15): error TS2322: Type 'Dispatch<SetStateAction<{ pageIndex: number; pageSize: number; sorting: never[]; globalSearch: string; filters: {}; }>>' is not assignable to type '(query: QueryPayload) => void'.
  Types of parameters 'value' and 'query' are incompatible.
    Type 'QueryPayload' is not assignable to type 'SetStateAction<{ pageIndex: number; pageSize: number; sorting: never[]; globalSearch: string; filters: {}; }>'.
      Type 'QueryPayload' is not assignable to type '{ pageIndex: number; pageSize: number; sorting: never[]; globalSearch: string; filters: {}; }'.
        Types of property 'sorting' are incompatible.
          Type 'SortingState' is not assignable to type 'never[]'.
            Type 'ColumnSort' is not assignable to type 'never'.
src/pages/manager/hr/Contracts.tsx(35,42): error TS2551: Property 'venue_id' does not exist on type 'User'. Did you mean 'venueId'?
src/pages/manager/hr/Contracts.tsx(71,35): error TS7006: Parameter 'contractId' implicitly has an 'any' type.
src/pages/manager/hr/Contracts.tsx(102,34): error TS2339: Property 'id' does not exist on type 'never'.
src/pages/manager/hr/Contracts.tsx(105,76): error TS2339: Property 'display_id' does not exist on type 'never'.
src/pages/manager/hr/Contracts.tsx(106,92): error TS2339: Property 'contract_type' does not exist on type 'never'.
src/pages/manager/hr/Contracts.tsx(108,40): error TS7053: Element implicitly has an 'any' type because expression of type 'any' can't be used to index type '{ draft: string; active: string; ended: string; }'.
src/pages/manager/hr/Contracts.tsx(108,63): error TS2339: Property 'status' does not exist on type 'never'.
src/pages/manager/hr/Contracts.tsx(109,31): error TS2339: Property 'status' does not exist on type 'never'.
src/pages/manager/hr/Contracts.tsx(116,63): error TS2339: Property 'base_rate' does not exist on type 'never'.
src/pages/manager/hr/Contracts.tsx(120,71): error TS2339: Property 'start_date' does not exist on type 'never'.
src/pages/manager/hr/Contracts.tsx(124,62): error TS2339: Property 'standard_hours_per_week' does not exist on type 'never'.
src/pages/manager/hr/Contracts.tsx(128,27): error TS2339: Property 'status' does not exist on type 'never'.
src/pages/manager/hr/Contracts.tsx(129,68): error TS2339: Property 'id' does not exist on type 'never'.
src/pages/manager/hr/DocumentManagement.tsx(35,27): error TS7006: Parameter 'status' implicitly has an 'any' type.
src/pages/manager/hr/DocumentManagement.tsx(37,12): error TS7053: Element implicitly has an 'any' type because expression of type 'any' can't be used to index type '{ valid: string; expiring_soon: string; expired: string; }'.
src/pages/manager/hr/DocumentManagement.tsx(41,6): error TS2741: Property 'actions' is missing in type '{ children: Element; title: string; description: string; }' but required in type '{ children: any; className?: string | undefined; title: any; description: any; actions: any; }'.
src/pages/manager/hr/DocumentManagement.tsx(44,26): error TS2339: Property 'id' does not exist on type 'never'.
src/pages/manager/hr/DocumentManagement.tsx(44,213): error TS2339: Property 'status' does not exist on type 'never'.
src/pages/manager/hr/DocumentManagement.tsx(44,241): error TS2339: Property 'status' does not exist on type 'never'.
src/pages/manager/hr/DocumentManagement.tsx(44,430): error TS2339: Property 'document_name' does not exist on type 'never'.
src/pages/manager/hr/DocumentManagement.tsx(44,486): error TS2339: Property 'status' does not exist on type 'never'.
src/pages/manager/hr/DocumentManagement.tsx(44,500): error TS2339: Property 'status' does not exist on type 'never'.
src/pages/manager/hr/DocumentManagement.tsx(44,659): error TS2339: Property 'document_type' does not exist on type 'never'.
src/pages/manager/hr/DocumentManagement.tsx(44,760): error TS2339: Property 'expiry_date' does not exist on type 'never'.
src/pages/manager/hr/DocumentManagement.tsx(44,787): error TS2339: Property 'expiry_date' does not exist on type 'never'.
src/pages/manager/hr/DocumentManagement.tsx(44,918): error TS2339: Property 'verified' does not exist on type 'never'.
src/pages/manager/hr/Documents.tsx(29,42): error TS2551: Property 'venue_id' does not exist on type 'User'. Did you mean 'venueId'?
src/pages/manager/hr/Documents.tsx(65,27): error TS7006: Parameter 'expiryDate' implicitly has an 'any' type.
src/pages/manager/hr/Documents.tsx(94,29): error TS2339: Property 'id' does not exist on type 'never'.
src/pages/manager/hr/Documents.tsx(97,24): error TS2339: Property 'expiry_date' does not exist on type 'never'.
src/pages/manager/hr/Documents.tsx(97,58): error TS2339: Property 'expiry_date' does not exist on type 'never'.
src/pages/manager/hr/Documents.tsx(102,77): error TS2339: Property 'title' does not exist on type 'never'.
src/pages/manager/hr/Documents.tsx(103,72): error TS2339: Property 'display_id' does not exist on type 'never'.
src/pages/manager/hr/Documents.tsx(104,83): error TS2339: Property 'type' does not exist on type 'never'.
src/pages/manager/hr/Documents.tsx(104,96): error TS2339: Property 'visibility' does not exist on type 'never'.
src/pages/manager/hr/Documents.tsx(106,22): error TS2339: Property 'expiry_date' does not exist on type 'never'.
src/pages/manager/hr/Documents.tsx(109,54): error TS2339: Property 'expiry_date' does not exist on type 'never'.
src/pages/manager/hr/Documents.tsx(110,37): error TS2339: Property 'expiry_date' does not exist on type 'never'.
src/pages/manager/hr/ESGModule.tsx(15,15): error TS2554: Expected 0 arguments, but got 2.
src/pages/manager/hr/ESGModule.tsx(49,99): error TS2339: Property 'diversity_score' does not exist on type 'never'.
src/pages/manager/hr/ESGModule.tsx(58,91): error TS2339: Property 'gender_pay_gap' does not exist on type 'never'.
src/pages/manager/hr/ESGModule.tsx(64,93): error TS2339: Property 'employee_satisfaction' does not exist on type 'never'.
src/pages/manager/hr/ESGModule.tsx(76,94): error TS2339: Property 'training_hours_per_employee' does not exist on type 'never'.
src/pages/manager/hr/ESGModule.tsx(80,77): error TS2339: Property 'safety_incidents' does not exist on type 'never'.
src/pages/manager/hr/ESGModule.tsx(92,96): error TS2339: Property 'carbon_footprint' does not exist on type 'never'.
src/pages/manager/hr/ESGModule.tsx(96,96): error TS2339: Property 'carbon_footprint' does not exist on type 'never'.
src/pages/manager/hr/ESGModule.tsx(100,78): error TS2339: Property 'carbon_footprint' does not exist on type 'never'.
src/pages/manager/hr/ExpenseManagement.tsx(19,15): error TS2554: Expected 0 arguments, but got 2.
src/pages/manager/hr/ExpenseManagement.tsx(40,27): error TS7006: Parameter 'status' implicitly has an 'any' type.
src/pages/manager/hr/ExpenseManagement.tsx(42,12): error TS7053: Element implicitly has an 'any' type because expression of type 'any' can't be used to index type '{ draft: string; submitted: string; approved: string; rejected: string; reimbursed: string; }'.
src/pages/manager/hr/ExpenseManagement.tsx(50,30): error TS2339: Property 'id' does not exist on type 'never'.
src/pages/manager/hr/ExpenseManagement.tsx(50,316): error TS2339: Property 'claim_number' does not exist on type 'never'.
src/pages/manager/hr/ExpenseManagement.tsx(50,373): error TS2339: Property 'status' does not exist on type 'never'.
src/pages/manager/hr/ExpenseManagement.tsx(50,389): error TS2339: Property 'status' does not exist on type 'never'.
src/pages/manager/hr/ExpenseManagement.tsx(50,460): error TS2339: Property 'employee_name' does not exist on type 'never'.
src/pages/manager/hr/ExpenseManagement.tsx(50,484): error TS2339: Property 'category_name' does not exist on type 'never'.
src/pages/manager/hr/ExpenseManagement.tsx(50,660): error TS2339: Property 'amount' does not exist on type 'never'.
src/pages/manager/hr/ExpenseManagement.tsx(50,763): error TS2339: Property 'expense_date' does not exist on type 'never'.
src/pages/manager/hr/ExpenseManagement.tsx(50,888): error TS2339: Property 'receipt' does not exist on type 'never'.
src/pages/manager/hr/ForecastingCosts.tsx(57,81): error TS2339: Property 'projected_costs_next_quarter' does not exist on type 'never'.
src/pages/manager/hr/ForecastingCosts.tsx(66,76): error TS2339: Property 'projected_headcount_next_quarter' does not exist on type 'never'.
src/pages/manager/hr/ForecastingCosts.tsx(72,61): error TS2339: Property 'cost_variance' does not exist on type 'never'.
src/pages/manager/hr/ForecastingCosts.tsx(73,27): error TS2339: Property 'cost_variance' does not exist on type 'never'.
src/pages/manager/hr/ForecastingCosts.tsx(73,63): error TS2339: Property 'cost_variance' does not exist on type 'never'.
src/pages/manager/hr/ForecastingCosts.tsx(82,37): error TS2339: Property 'trend_forecast' does not exist on type 'never'.
src/pages/manager/hr/GovReportsPage.tsx(25,17): error TS2554: Expected 0 arguments, but got 2.
src/pages/manager/hr/GovReportsPage.tsx(46,41): error TS7006: Parameter 'r' implicitly has an 'any' type.
src/pages/manager/hr/GovReportsPage.tsx(56,35): error TS7006: Parameter 'reportType' implicitly has an 'any' type.
src/pages/manager/hr/GovReportsPage.tsx(94,14): error TS2741: Property 'actions' is missing in type '{ children: Element; title: string; description: string; }' but required in type '{ children: any; className?: string | undefined; title: any; description: any; actions: any; }'.
src/pages/manager/hr/GovReportsPage.tsx(112,52): error TS2339: Property 'id' does not exist on type 'never'.
src/pages/manager/hr/GovReportsPage.tsx(119,108): error TS2339: Property 'run_name' does not exist on type 'never'.
src/pages/manager/hr/GovReportsPage.tsx(121,77): error TS2339: Property 'state' does not exist on type 'never'.
src/pages/manager/hr/GovReportsPage.tsx(122,66): error TS2339: Property 'state' does not exist on type 'never'.
src/pages/manager/hr/GovReportsPage.tsx(124,118): error TS2339: Property 'period_start' does not exist on type 'never'.
src/pages/manager/hr/GovReportsPage.tsx(124,139): error TS2339: Property 'period_end' does not exist on type 'never'.
src/pages/manager/hr/GovReportsPage.tsx(128,94): error TS2339: Property 'id' does not exist on type 'never'.
src/pages/manager/hr/GovReportsPage.tsx(153,107): error TS2339: Property 'total_gross_emoluments' does not exist on type 'never'.
src/pages/manager/hr/GovReportsPage.tsx(157,107): error TS2339: Property 'total_fss_tax' does not exist on type 'never'.
src/pages/manager/hr/GovReportsPage.tsx(161,107): error TS2339: Property 'total_ssc' does not exist on type 'never'.
src/pages/manager/hr/GovReportsPage.tsx(165,117): error TS2339: Property 'total_due' does not exist on type 'never'.
src/pages/manager/hr/HeadcountModule.tsx(57,76): error TS2339: Property 'total_headcount' does not exist on type 'never'.
src/pages/manager/hr/HeadcountModule.tsx(63,95): error TS2339: Property 'new_employees_ytd' does not exist on type 'never'.
src/pages/manager/hr/HeadcountModule.tsx(69,91): error TS2339: Property 'terminated_ytd' does not exist on type 'never'.
src/pages/manager/hr/HeadcountModule.tsx(82,38): error TS2339: Property 'by_department' does not exist on type 'never'.
src/pages/manager/hr/HeadcountModule.tsx(99,39): error TS2339: Property 'trend_data' does not exist on type 'never'.
src/pages/manager/hr/HRHome.tsx(10,5): error TS2724: '"lucide-react"' has no exported member named 'Devices'. Did you mean 'Dices'?
src/pages/manager/hr/HRHome.tsx(58,20): error TS7031: Binding element 'title' implicitly has an 'any' type.
src/pages/manager/hr/HRHome.tsx(58,27): error TS7031: Binding element 'children' implicitly has an 'any' type.
src/pages/manager/hr/HRHome.tsx(67,17): error TS7031: Binding element 'title' implicitly has an 'any' type.
src/pages/manager/hr/HRHome.tsx(67,30): error TS7031: Binding element 'Icon' implicitly has an 'any' type.
src/pages/manager/hr/HRHome.tsx(67,36): error TS7031: Binding element 'onClick' implicitly has an 'any' type.
src/pages/manager/hr/HRHome.tsx(85,23): error TS7031: Binding element 'title' implicitly has an 'any' type.
src/pages/manager/hr/HRHome.tsx(85,30): error TS7031: Binding element 'onClick' implicitly has an 'any' type.
src/pages/manager/hr/HRMap.tsx(117,41): error TS2339: Property 'id' does not exist on type 'never'.
src/pages/manager/hr/HRMap.tsx(120,153): error TS2339: Property 'name' does not exist on type 'never'.
src/pages/manager/hr/HRMap.tsx(123,48): error TS2339: Property 'loc' does not exist on type 'never'.
src/pages/manager/hr/HRMap.tsx(129,80): error TS2339: Property 'time' does not exist on type 'never'.
src/pages/manager/hr/HRMap.tsx(155,18): error TS2304: Cannot find name 'mockMarkers'.
src/pages/manager/hr/HRMap.tsx(155,35): error TS7006: Parameter 'm' implicitly has an 'any' type.
src/pages/manager/hr/HRMap.tsx(155,38): error TS7006: Parameter 'i' implicitly has an 'any' type.
src/pages/manager/hr/HRMap.tsx(194,20): error TS2322: Type '{ children: string; jsx: true; }' is not assignable to type 'DetailedHTMLProps<StyleHTMLAttributes<HTMLStyleElement>, HTMLStyleElement>'.
  Property 'jsx' does not exist on type 'DetailedHTMLProps<StyleHTMLAttributes<HTMLStyleElement>, HTMLStyleElement>'.
src/pages/manager/hr/HRModulePlaceholder.tsx(19,10): error TS2741: Property 'actions' is missing in type '{ children: Element; title: string; description: string; }' but required in type '{ children: any; className?: string | undefined; title: any; description: any; actions: any; }'.
src/pages/manager/hr/PayrollMalta.tsx(51,65): error TS18047: 'activeVenue' is possibly 'null'.
src/pages/manager/hr/PayrollMalta.tsx(54,20): error TS2345: Argument of type 'unknown' is not assignable to parameter of type 'string'.
src/pages/manager/hr/PayrollMalta.tsx(64,69): error TS18047: 'activeVenue' is possibly 'null'.
src/pages/manager/hr/PayrollMalta.tsx(67,20): error TS2345: Argument of type 'unknown' is not assignable to parameter of type 'string'.
src/pages/manager/hr/PayrollMalta.tsx(79,19): error TS18047: 'activeVenue' is possibly 'null'.
src/pages/manager/hr/PayrollMalta.tsx(87,20): error TS2345: Argument of type 'unknown' is not assignable to parameter of type 'string'.
src/pages/manager/hr/PayrollMalta.tsx(94,34): error TS7006: Parameter 'runId' implicitly has an 'any' type.
src/pages/manager/hr/PayrollMalta.tsx(94,41): error TS7006: Parameter 'employeeId' implicitly has an 'any' type.
src/pages/manager/hr/PayrollMalta.tsx(94,53): error TS7006: Parameter 'employeeName' implicitly has an 'any' type.
src/pages/manager/hr/PayrollMalta.tsx(99,11): error TS2353: Object literal may only specify known properties, and 'venue_id' does not exist in type 'AxiosRequestConfig<any>'.
src/pages/manager/hr/PayrollMalta.tsx(99,21): error TS18047: 'activeVenue' is possibly 'null'.
src/pages/manager/hr/PayrollMalta.tsx(112,20): error TS2345: Argument of type 'unknown' is not assignable to parameter of type 'string'.
src/pages/manager/hr/PayrollMalta.tsx(119,8): error TS2741: Property 'actions' is missing in type '{ children: Element[]; title: string; description: string; }' but required in type '{ children: any; className?: string | undefined; title: any; description: any; actions: any; }'.
src/pages/manager/hr/PayrollMalta.tsx(193,79): error TS2339: Property 'period' does not exist on type 'never'.
src/pages/manager/hr/PayrollMalta.tsx(195,32): error TS2339: Property 'payslips' does not exist on type 'never'.
src/pages/manager/hr/PayrollMalta.tsx(195,46): error TS7006: Parameter 'slip' implicitly has an 'any' type.
src/pages/manager/hr/PayrollMalta.tsx(195,52): error TS7006: Parameter 'i' implicitly has an 'any' type.
src/pages/manager/hr/PayrollMalta.tsx(211,104): error TS2339: Property 'id' does not exist on type 'never'.
src/pages/manager/hr/PayrollMalta.tsx(240,69): error TS2339: Property 'year' does not exist on type 'never'.
src/pages/manager/hr/PayrollMalta.tsx(240,86): error TS2339: Property 'month' does not exist on type 'never'.
src/pages/manager/hr/PayrollMalta.tsx(244,83): error TS2339: Property 'totals' does not exist on type 'never'.
src/pages/manager/hr/PayrollMalta.tsx(250,70): error TS2339: Property 'totals' does not exist on type 'never'.
src/pages/manager/hr/PayrollMalta.tsx(254,70): error TS2339: Property 'totals' does not exist on type 'never'.
src/pages/manager/hr/PayrollMalta.tsx(258,70): error TS2339: Property 'totals' does not exist on type 'never'.
src/pages/manager/hr/PerformanceManagement.tsx(17,15): error TS2554: Expected 0 arguments, but got 2.
src/pages/manager/hr/PerformanceManagement.tsx(49,8): error TS2741: Property 'actions' is missing in type '{ children: Element; title: string; description: string; }' but required in type '{ children: any; className?: string | undefined; title: any; description: any; actions: any; }'.
src/pages/manager/hr/PerformanceManagement.tsx(55,203): error TS2339: Property 'id' does not exist on type 'never'.
src/pages/manager/hr/PerformanceManagement.tsx(55,356): error TS2339: Property 'goal_title' does not exist on type 'never'.
src/pages/manager/hr/PerformanceManagement.tsx(55,422): error TS2339: Property 'progress' does not exist on type 'never'.
src/pages/manager/hr/PerformanceManagement.tsx(56,211): error TS2339: Property 'id' does not exist on type 'never'.
src/pages/manager/hr/PerformanceManagement.tsx(56,365): error TS2339: Property 'employee_name' does not exist on type 'never'.
src/pages/manager/hr/PerformanceManagement.tsx(56,424): error TS2339: Property 'review_type' does not exist on type 'never'.
src/pages/manager/hr/PerformanceManagement.tsx(56,450): error TS2339: Property 'overall_rating' does not exist on type 'never'.
src/pages/manager/hr/PerformanceReviews.tsx(47,15): error TS2554: Expected 0 arguments, but got 2.
src/pages/manager/hr/reports/BirthdaysAnniversariesReport.tsx(27,24): error TS7006: Parameter 'list' implicitly has an 'any' type.
src/pages/manager/hr/reports/BirthdaysAnniversariesReport.tsx(27,30): error TS7006: Parameter 'field' implicitly has an 'any' type.
src/pages/manager/hr/reports/BirthdaysAnniversariesReport.tsx(31,15): error TS7006: Parameter 'e' implicitly has an 'any' type.
src/pages/manager/hr/reports/BirthdaysAnniversariesReport.tsx(32,12): error TS7006: Parameter 'e' implicitly has an 'any' type.
src/pages/manager/hr/reports/BirthdaysAnniversariesReport.tsx(33,15): error TS7006: Parameter 'e' implicitly has an 'any' type.
src/pages/manager/hr/reports/BirthdaysAnniversariesReport.tsx(34,14): error TS7006: Parameter 'a' implicitly has an 'any' type.
src/pages/manager/hr/reports/BirthdaysAnniversariesReport.tsx(34,17): error TS7006: Parameter 'b' implicitly has an 'any' type.
src/pages/manager/hr/reports/BirthdaysAnniversariesReport.tsx(54,37): error TS7006: Parameter 'e' implicitly has an 'any' type.
src/pages/manager/hr/reports/BirthdaysAnniversariesReport.tsx(70,41): error TS7006: Parameter 'e' implicitly has an 'any' type.
src/pages/manager/hr/reports/EmployeeDetailsReport.tsx(40,16): error TS7031: Binding element 'row' implicitly has an 'any' type.
src/pages/manager/hr/reports/EmployeeDetailsReport.tsx(71,30): error TS2339: Property 'id' does not exist on type 'never'.
src/pages/manager/hr/reports/EmployeeDetailsReport.tsx(72,54): error TS2339: Property 'display_id' does not exist on type 'never'.
src/pages/manager/hr/reports/EmployeeDetailsReport.tsx(72,72): error TS2339: Property 'id' does not exist on type 'never'.
src/pages/manager/hr/reports/EmployeeDetailsReport.tsx(73,72): error TS2339: Property 'full_name' does not exist on type 'never'.
src/pages/manager/hr/reports/EmployeeDetailsReport.tsx(74,55): error TS2339: Property 'role' does not exist on type 'never'.
src/pages/manager/hr/reports/EmployeeDetailsReport.tsx(75,44): error TS2339: Property 'department' does not exist on type 'never'.
src/pages/manager/hr/reports/EmployeeDetailsReport.tsx(76,44): error TS2339: Property 'start_date' does not exist on type 'never'.
src/pages/manager/hr/reports/EmployeeDetailsReport.tsx(77,44): error TS2339: Property 'phone' does not exist on type 'never'.
src/pages/manager/hr/reports/EmployeeDetailsReport.tsx(78,44): error TS2339: Property 'email' does not exist on type 'never'.
src/pages/manager/hr/reports/EmploymentDatesReport.tsx(49,33): error TS2339: Property 'start_date' does not exist on type 'never'.
src/pages/manager/hr/reports/EmploymentDatesReport.tsx(49,59): error TS2339: Property 'start_date' does not exist on type 'never'.
src/pages/manager/hr/reports/EmploymentDatesReport.tsx(51,50): error TS2362: The left-hand side of an arithmetic operation must be of type 'any', 'number', 'bigint' or an enum type.
src/pages/manager/hr/reports/EmploymentDatesReport.tsx(51,63): error TS2363: The right-hand side of an arithmetic operation must be of type 'any', 'number', 'bigint' or an enum type.
src/pages/manager/hr/reports/EmploymentDatesReport.tsx(54,36): error TS2339: Property 'id' does not exist on type 'never'.
src/pages/manager/hr/reports/EmploymentDatesReport.tsx(55,75): error TS2339: Property 'full_name' does not exist on type 'never'.
src/pages/manager/hr/reports/EmploymentDatesReport.tsx(56,35): error TS2339: Property 'department' does not exist on type 'never'.
src/pages/manager/hr/reports/EmploymentDatesReport.tsx(59,35): error TS2339: Property 'end_date' does not exist on type 'never'.
src/pages/manager/hr/reports/HeadcountReport.tsx(31,24): error TS7006: Parameter 'employees' implicitly has an 'any' type.
src/pages/manager/hr/reports/HeadcountReport.tsx(34,23): error TS7006: Parameter 'emp' implicitly has an 'any' type.
src/pages/manager/hr/reports/HeadcountReport.tsx(37,7): error TS7053: Element implicitly has an 'any' type because expression of type 'any' can't be used to index type '{}'.
src/pages/manager/hr/reports/HeadcountReport.tsx(37,23): error TS7053: Element implicitly has an 'any' type because expression of type 'any' can't be used to index type '{}'.
src/pages/manager/hr/reports/HeadcountReport.tsx(42,14): error TS7053: Element implicitly has an 'any' type because expression of type 'string' can't be used to index type '{}'.
  No index signature with a parameter of type 'string' was found on type '{}'.
src/pages/manager/hr/reports/HeadcountReport.tsx(44,13): error TS2345: Argument of type '{ name: string; count: any; }[]' is not assignable to parameter of type 'SetStateAction<never[]>'.
  Type '{ name: string; count: any; }[]' is not assignable to type 'never[]'.
    Type '{ name: string; count: any; }' is not assignable to type 'never'.
src/pages/manager/hr/reports/HeadcountReport.tsx(86,84): error TS2339: Property 'name' does not exist on type 'never'.
src/pages/manager/hr/reports/HeadcountReport.tsx(87,77): error TS2339: Property 'count' does not exist on type 'never'.
src/pages/manager/hr/reports/TrainingOngoingReport.tsx(26,9): error TS2322: Type '{ id: string; title: string; employee: string; progress: number; started: string; deadline: string; status: string; }' is not assignable to type 'never'.
src/pages/manager/hr/reports/TrainingOngoingReport.tsx(27,9): error TS2322: Type '{ id: string; title: string; employee: string; progress: number; started: string; deadline: string; status: string; }' is not assignable to type 'never'.
src/pages/manager/hr/reports/TrainingOngoingReport.tsx(28,9): error TS2322: Type '{ id: string; title: string; employee: string; progress: number; started: string; deadline: string; status: string; }' is not assignable to type 'never'.
src/pages/manager/hr/reports/TrainingOngoingReport.tsx(29,9): error TS2322: Type '{ id: string; title: string; employee: string; progress: number; started: string; deadline: string; status: string; }' is not assignable to type 'never'.
src/pages/manager/hr/reports/TrainingOngoingReport.tsx(30,9): error TS2322: Type '{ id: string; title: string; employee: string; progress: number; started: string; deadline: string; status: string; }' is not assignable to type 'never'.
src/pages/manager/hr/reports/TrainingOngoingReport.tsx(31,9): error TS2322: Type '{ id: string; title: string; employee: string; progress: number; started: string; deadline: string; status: string; }' is not assignable to type 'never'.
src/pages/manager/hr/reports/TrainingOngoingReport.tsx(38,28): error TS7006: Parameter 'status' implicitly has an 'any' type.
src/pages/manager/hr/reports/TrainingOngoingReport.tsx(45,12): error TS7053: Element implicitly has an 'any' type because expression of type 'any' can't be used to index type '{ on_track: { label: string; className: string; icon: ForwardRefExoticComponent<Omit<LucideProps, "ref"> & RefAttributes<SVGSVGElement>>; }; at_risk: { ...; }; completed: { ...; }; overdue: { ...; }; }'.
src/pages/manager/hr/reports/TrainingOngoingReport.tsx(49,7): error TS2339: Property 'title' does not exist on type 'never'.
src/pages/manager/hr/reports/TrainingOngoingReport.tsx(50,7): error TS2339: Property 'employee' does not exist on type 'never'.
src/pages/manager/hr/reports/TrainingOngoingReport.tsx(53,49): error TS2339: Property 'status' does not exist on type 'never'.
src/pages/manager/hr/reports/TrainingOngoingReport.tsx(54,46): error TS2339: Property 'status' does not exist on type 'never'.
src/pages/manager/hr/reports/TrainingOngoingReport.tsx(55,84): error TS2339: Property 'progress' does not exist on type 'never'.
src/pages/manager/hr/reports/TrainingOngoingReport.tsx(57,24): error TS2739: Type '{ children: Element; title: string; }' is missing the following properties from type '{ children: any; className?: string | undefined; title: any; description: any; actions: any; }': description, actions
src/pages/manager/hr/reports/TrainingOngoingReport.tsx(60,6): error TS2741: Property 'actions' is missing in type '{ children: Element[]; title: string; description: string; }' but required in type '{ children: any; className?: string | undefined; title: any; description: any; actions: any; }'.
src/pages/manager/hr/reports/TrainingOngoingReport.tsx(118,53): error TS2339: Property 'status' does not exist on type 'never'.
src/pages/manager/hr/reports/TrainingOngoingReport.tsx(120,29): error TS2339: Property 'id' does not exist on type 'never'.
src/pages/manager/hr/reports/TrainingOngoingReport.tsx(125,69): error TS2339: Property 'title' does not exist on type 'never'.
src/pages/manager/hr/reports/TrainingOngoingReport.tsx(129,101): error TS2339: Property 'employee' does not exist on type 'never'.
src/pages/manager/hr/reports/TrainingOngoingReport.tsx(130,118): error TS2339: Property 'started' does not exist on type 'never'.
src/pages/manager/hr/reports/TrainingOngoingReport.tsx(131,54): error TS2339: Property 'deadline' does not exist on type 'never'.
src/pages/manager/hr/reports/TrainingOngoingReport.tsx(135,64): error TS2339: Property 'progress' does not exist on type 'never'.
src/pages/manager/hr/reports/TrainingOngoingReport.tsx(141,75): error TS2339: Property 'progress' does not exist on type 'never'.
src/pages/manager/hr/reports/TrainingOngoingReport.tsx(142,30): error TS2339: Property 'status' does not exist on type 'never'.
src/pages/manager/hr/reports/TrainingOngoingReport.tsx(144,45): error TS2339: Property 'progress' does not exist on type 'never'.
src/pages/manager/hr/reports/TrainingStartingReport.tsx(26,9): error TS2322: Type '{ id: string; title: string; trainer: string; start_date: string; duration: string; attendees: number; status: string; type: string; }' is not assignable to type 'never'.
src/pages/manager/hr/reports/TrainingStartingReport.tsx(27,9): error TS2322: Type '{ id: string; title: string; trainer: string; start_date: string; duration: string; attendees: number; status: string; type: string; }' is not assignable to type 'never'.
src/pages/manager/hr/reports/TrainingStartingReport.tsx(28,9): error TS2322: Type '{ id: string; title: string; trainer: string; start_date: string; duration: string; attendees: number; status: string; type: string; }' is not assignable to type 'never'.
src/pages/manager/hr/reports/TrainingStartingReport.tsx(29,9): error TS2322: Type '{ id: string; title: string; trainer: string; start_date: string; duration: string; attendees: number; status: string; type: string; }' is not assignable to type 'never'.
src/pages/manager/hr/reports/TrainingStartingReport.tsx(30,9): error TS2322: Type '{ id: string; title: string; trainer: string; start_date: string; duration: string; attendees: number; status: string; type: string; }' is not assignable to type 'never'.
src/pages/manager/hr/reports/TrainingStartingReport.tsx(38,7): error TS2339: Property 'title' does not exist on type 'never'.
src/pages/manager/hr/reports/TrainingStartingReport.tsx(39,7): error TS2339: Property 'trainer' does not exist on type 'never'.
src/pages/manager/hr/reports/TrainingStartingReport.tsx(42,25): error TS7006: Parameter 'type' implicitly has an 'any' type.
src/pages/manager/hr/reports/TrainingStartingReport.tsx(48,12): error TS7053: Element implicitly has an 'any' type because expression of type 'any' can't be used to index type '{ Compliance: string; Operations: string; Skills: string; }'.
src/pages/manager/hr/reports/TrainingStartingReport.tsx(51,24): error TS2739: Type '{ children: Element; title: string; }' is missing the following properties from type '{ children: any; className?: string | undefined; title: any; description: any; actions: any; }': description, actions
src/pages/manager/hr/reports/TrainingStartingReport.tsx(54,6): error TS2741: Property 'actions' is missing in type '{ children: Element[]; title: string; description: string; }' but required in type '{ children: any; className?: string | undefined; title: any; description: any; actions: any; }'.
src/pages/manager/hr/reports/TrainingStartingReport.tsx(73,88): error TS2339: Property 'attendees' does not exist on type 'never'.
src/pages/manager/hr/reports/TrainingStartingReport.tsx(84,75): error TS2339: Property 'type' does not exist on type 'never'.
src/pages/manager/hr/reports/TrainingStartingReport.tsx(103,33): error TS2339: Property 'id' does not exist on type 'never'.
src/pages/manager/hr/reports/TrainingStartingReport.tsx(108,59): error TS2339: Property 'title' does not exist on type 'never'.
src/pages/manager/hr/reports/TrainingStartingReport.tsx(109,84): error TS2339: Property 'trainer' does not exist on type 'never'.
src/pages/manager/hr/reports/TrainingStartingReport.tsx(114,39): error TS2339: Property 'start_date' does not exist on type 'never'.
src/pages/manager/hr/reports/TrainingStartingReport.tsx(116,75): error TS2339: Property 'duration' does not exist on type 'never'.
src/pages/manager/hr/reports/TrainingStartingReport.tsx(120,28): error TS2339: Property 'attendees' does not exist on type 'never'.
src/pages/manager/hr/reports/TrainingStartingReport.tsx(122,56): error TS2339: Property 'type' does not exist on type 'never'.
src/pages/manager/hr/reports/TrainingStartingReport.tsx(122,90): error TS2339: Property 'type' does not exist on type 'never'.
src/pages/manager/hr/reports/TurnoverReport.tsx(26,39): error TS7006: Parameter 'e' implicitly has an 'any' type.
src/pages/manager/hr/reports/TurnoverReport.tsx(27,37): error TS7006: Parameter 'e' implicitly has an 'any' type.
src/pages/manager/hr/reports/TurnoverReport.tsx(33,9): error TS2353: Object literal may only specify known properties, and 'turnoverRate' does not exist in type 'SetStateAction<{ joined: number; left: number; turnoverRadio: number; }>'.
src/pages/manager/hr/reports/TurnoverReport.tsx(73,72): error TS2339: Property 'turnoverRate' does not exist on type '{ joined: number; left: number; turnoverRadio: number; }'.
src/pages/manager/hr/ReportViewer.tsx(52,110): error TS18048: 'reportSlug' is possibly 'undefined'.
src/pages/manager/hr/ReportViewer.tsx(65,10): error TS2741: Property 'actions' is missing in type '{ children: Element; title: any; description: string; }' but required in type '{ children: any; className?: string | undefined; title: any; description: any; actions: any; }'.
src/pages/manager/hr/ReportViewer.tsx(66,27): error TS2339: Property 'title' does not exist on type 'never'.
src/pages/manager/hr/ReportViewer.tsx(67,50): error TS2339: Property 'title' does not exist on type 'never'.
src/pages/manager/hr/ReportViewer.tsx(80,115): error TS2339: Property 'title' does not exist on type 'never'.
src/pages/manager/hr/ReportViewer.tsx(97,37): error TS2339: Property 'columns' does not exist on type 'never'.
src/pages/manager/hr/ReportViewer.tsx(98,34): error TS2339: Property 'data' does not exist on type 'never'.
src/pages/manager/hr/setup/CustomFieldsPage.tsx(38,9): error TS2322: Type '{ id: string; label: string; key: string; type: string; required: true; entity: string; }' is not assignable to type 'never'.
src/pages/manager/hr/setup/CustomFieldsPage.tsx(39,9): error TS2322: Type '{ id: string; label: string; key: string; type: string; required: false; entity: string; }' is not assignable to type 'never'.
src/pages/manager/hr/setup/CustomFieldsPage.tsx(40,9): error TS2322: Type '{ id: string; label: string; key: string; type: string; required: false; options: string[]; entity: string; }' is not assignable to type 'never'.
src/pages/manager/hr/setup/CustomFieldsPage.tsx(41,9): error TS2322: Type '{ id: string; label: string; key: string; type: string; required: false; entity: string; }' is not assignable to type 'never'.
src/pages/manager/hr/setup/CustomFieldsPage.tsx(42,9): error TS2322: Type '{ id: string; label: string; key: string; type: string; required: false; entity: string; }' is not assignable to type 'never'.
src/pages/manager/hr/setup/CustomFieldsPage.tsx(69,16): error TS2322: Type '{ id: string; label: string; key: string; type: string; required: boolean; options: string[] | undefined; entity: string; }' is not assignable to type 'never'.
src/pages/manager/hr/setup/CustomFieldsPage.tsx(69,27): error TS2322: Type '{ id: string; label: string; key: string; type: string; required: boolean; options: string[] | undefined; entity: string; }' is not assignable to type 'never'.
src/pages/manager/hr/setup/CustomFieldsPage.tsx(75,25): error TS7006: Parameter 'id' implicitly has an 'any' type.
src/pages/manager/hr/setup/CustomFieldsPage.tsx(76,36): error TS2339: Property 'id' does not exist on type 'never'.
src/pages/manager/hr/setup/CustomFieldsPage.tsx(80,24): error TS7006: Parameter 'type' implicitly has an 'any' type.
src/pages/manager/hr/setup/CustomFieldsPage.tsx(85,24): error TS2739: Type '{ children: Element; title: string; }' is missing the following properties from type '{ children: any; className?: string | undefined; title: any; description: any; actions: any; }': description, actions
src/pages/manager/hr/setup/CustomFieldsPage.tsx(183,48): error TS2339: Property 'type' does not exist on type 'never'.
src/pages/manager/hr/setup/CustomFieldsPage.tsx(186,32): error TS2339: Property 'id' does not exist on type 'never'.
src/pages/manager/hr/setup/CustomFieldsPage.tsx(194,59): error TS2339: Property 'label' does not exist on type 'never'.
src/pages/manager/hr/setup/CustomFieldsPage.tsx(195,87): error TS2339: Property 'key' does not exist on type 'never'.
src/pages/manager/hr/setup/CustomFieldsPage.tsx(197,76): error TS2339: Property 'type' does not exist on type 'never'.
src/pages/manager/hr/setup/CustomFieldsPage.tsx(198,28): error TS2339: Property 'required' does not exist on type 'never'.
src/pages/manager/hr/setup/CustomFieldsPage.tsx(199,28): error TS2339: Property 'options' does not exist on type 'never'.
src/pages/manager/hr/setup/CustomFieldsPage.tsx(201,46): error TS2339: Property 'options' does not exist on type 'never'.
src/pages/manager/hr/setup/CustomFieldsPage.tsx(201,63): error TS2339: Property 'options' does not exist on type 'never'.
src/pages/manager/hr/setup/CustomFieldsPage.tsx(208,57): error TS2339: Property 'id' does not exist on type 'never'.
src/pages/manager/hr/setup/EmployeesSetupPage.tsx(57,7): error TS2339: Property 'full_name' does not exist on type 'never'.
src/pages/manager/hr/setup/EmployeesSetupPage.tsx(58,7): error TS2339: Property 'email' does not exist on type 'never'.
src/pages/manager/hr/setup/EmployeesSetupPage.tsx(158,33): error TS2339: Property 'id' does not exist on type 'never'.
src/pages/manager/hr/setup/EmployeesSetupPage.tsx(161,30): error TS2339: Property 'full_name' does not exist on type 'never'.
src/pages/manager/hr/setup/EmployeesSetupPage.tsx(161,56): error TS7006: Parameter 'n' implicitly has an 'any' type.
src/pages/manager/hr/setup/EmployeesSetupPage.tsx(165,57): error TS2339: Property 'full_name' does not exist on type 'never'.
src/pages/manager/hr/setup/EmployeesSetupPage.tsx(166,75): error TS2339: Property 'email' does not exist on type 'never'.
src/pages/manager/hr/setup/EmployeesSetupPage.tsx(168,74): error TS2339: Property 'role' does not exist on type 'never'.
src/pages/manager/hr/setup/EmployeesSetupPage.tsx(169,41): error TS2339: Property 'status' does not exist on type 'never'.
src/pages/manager/hr/setup/EmployeesSetupPage.tsx(170,28): error TS2339: Property 'status' does not exist on type 'never'.
src/pages/manager/hr/setup/OrganisationPage.tsx(43,23): error TS7006: Parameter 'id' implicitly has an 'any' type.
src/pages/manager/hr/setup/SettingsSetupPage.tsx(51,24): error TS7006: Parameter 'key' implicitly has an 'any' type.
src/pages/manager/hr/setup/SettingsSetupPage.tsx(51,29): error TS7006: Parameter 'value' implicitly has an 'any' type.
src/pages/manager/hr/setup/SettingsSetupPage.tsx(193,28): error TS7053: Element implicitly has an 'any' type because expression of type 'string' can't be used to index type '{ annual_leave_days: number; sick_leave_days: number; leave_year_start: string; carry_over_max: number; min_notice_days: number; work_hours_per_week: number; overtime_multiplier: number; ... 9 more ...; document_expiry_reminder_days: number; }'.
  No index signature with a parameter of type 'string' was found on type '{ annual_leave_days: number; sick_leave_days: number; leave_year_start: string; carry_over_max: number; min_notice_days: number; work_hours_per_week: number; overtime_multiplier: number; ... 9 more ...; document_expiry_reminder_days: number; }'.
src/pages/manager/hr/SFMAccounting.tsx(19,15): error TS2554: Expected 0 arguments, but got 2.
src/pages/manager/hr/SFMAccounting.tsx(109,32): error TS2339: Property 'id' does not exist on type 'never'.
src/pages/manager/hr/SFMAccounting.tsx(109,320): error TS2339: Property 'account_name' does not exist on type 'never'.
src/pages/manager/hr/SFMAccounting.tsx(109,391): error TS2339: Property 'account_code' does not exist on type 'never'.
src/pages/manager/hr/SFMAccounting.tsx(109,556): error TS2339: Property 'account_type' does not exist on type 'never'.
src/pages/manager/hr/SFMAccounting.tsx(109,673): error TS2339: Property 'balance' does not exist on type 'never'.
src/pages/manager/hr/SFMAccounting.tsx(109,768): error TS2339: Property 'active' does not exist on type 'never'.
src/pages/manager/hr/SFMAccounting.tsx(117,34): error TS2339: Property 'id' does not exist on type 'never'.
src/pages/manager/hr/SFMAccounting.tsx(117,245): error TS2339: Property 'entry_date' does not exist on type 'never'.
src/pages/manager/hr/SFMAccounting.tsx(117,368): error TS2339: Property 'account_code' does not exist on type 'never'.
src/pages/manager/hr/SFMAccounting.tsx(117,483): error TS2339: Property 'debit' does not exist on type 'never'.
src/pages/manager/hr/SFMAccounting.tsx(117,594): error TS2339: Property 'credit' does not exist on type 'never'.
src/pages/manager/hr/SFMAccounting.tsx(117,690): error TS2339: Property 'source' does not exist on type 'never'.
src/pages/manager/hr/SFMAccounting.tsx(125,30): error TS2339: Property 'id' does not exist on type 'never'.
src/pages/manager/hr/SFMAccounting.tsx(125,226): error TS2339: Property 'period_start' does not exist on type 'never'.
src/pages/manager/hr/SFMAccounting.tsx(125,245): error TS2339: Property 'period_end' does not exist on type 'never'.
src/pages/manager/hr/SFMAccounting.tsx(125,420): error TS2339: Property 'total_sales' does not exist on type 'never'.
src/pages/manager/hr/SFMAccounting.tsx(125,524): error TS2339: Property 'vat_on_sales' does not exist on type 'never'.
src/pages/manager/hr/SFMAccounting.tsx(125,632): error TS2339: Property 'total_purchases' does not exist on type 'never'.
src/pages/manager/hr/SFMAccounting.tsx(125,752): error TS2339: Property 'vat_payable' does not exist on type 'never'.
src/pages/manager/hr/Shifts.tsx(30,19): error TS7006: Parameter 'dateStr' implicitly has an 'any' type.
src/pages/manager/hr/Shifts.tsx(36,25): error TS7006: Parameter 'dateStr' implicitly has an 'any' type.
src/pages/manager/hr/Shifts.tsx(41,21): error TS7006: Parameter 'dateStr' implicitly has an 'any' type.
src/pages/manager/hr/Shifts.tsx(52,42): error TS2551: Property 'venue_id' does not exist on type 'User'. Did you mean 'venueId'?
src/pages/manager/hr/Shifts.tsx(89,26): error TS7006: Parameter 'shiftId' implicitly has an 'any' type.
src/pages/manager/hr/Shifts.tsx(99,27): error TS7006: Parameter 'shiftId' implicitly has an 'any' type.
src/pages/manager/hr/Shifts.tsx(130,31): error TS2339: Property 'id' does not exist on type 'never'.
src/pages/manager/hr/Shifts.tsx(133,73): error TS2339: Property 'display_id' does not exist on type 'never'.
src/pages/manager/hr/Shifts.tsx(134,78): error TS2339: Property 'station' does not exist on type 'never'.
src/pages/manager/hr/Shifts.tsx(136,40): error TS7053: Element implicitly has an 'any' type because expression of type 'any' can't be used to index type '{ scheduled: string; clocked_in: string; completed: string; no_show: string; }'.
src/pages/manager/hr/Shifts.tsx(136,60): error TS2339: Property 'status' does not exist on type 'never'.
src/pages/manager/hr/Shifts.tsx(137,28): error TS2339: Property 'status' does not exist on type 'never'.
src/pages/manager/hr/Shifts.tsx(145,45): error TS2339: Property 'scheduled_start' does not exist on type 'never'.
src/pages/manager/hr/Shifts.tsx(146,41): error TS2339: Property 'scheduled_end' does not exist on type 'never'.
src/pages/manager/hr/Shifts.tsx(150,26): error TS2339: Property 'actual_start' does not exist on type 'never'.
src/pages/manager/hr/Shifts.tsx(154,43): error TS2339: Property 'actual_start' does not exist on type 'never'.
src/pages/manager/hr/Shifts.tsx(155,32): error TS2339: Property 'actual_end' does not exist on type 'never'.
src/pages/manager/hr/Shifts.tsx(155,69): error TS2339: Property 'actual_end' does not exist on type 'never'.
src/pages/manager/hr/Shifts.tsx(162,26): error TS2339: Property 'status' does not exist on type 'never'.
src/pages/manager/hr/Shifts.tsx(163,58): error TS2339: Property 'id' does not exist on type 'never'.
src/pages/manager/hr/Shifts.tsx(168,26): error TS2339: Property 'status' does not exist on type 'never'.
src/pages/manager/hr/Shifts.tsx(169,59): error TS2339: Property 'id' does not exist on type 'never'.
src/pages/manager/hr/SickLeaveAnalysis.tsx(53,91): error TS2339: Property 'total_sick_days' does not exist on type 'never'.
src/pages/manager/hr/SickLeaveAnalysis.tsx(59,97): error TS2339: Property 'employees_on_sick_leave' does not exist on type 'never'.
src/pages/manager/hr/SickLeaveAnalysis.tsx(65,77): error TS2339: Property 'average_sick_days_per_employee' does not exist on type 'never'.
src/pages/manager/hr/SickLeaveAnalysis.tsx(75,38): error TS2339: Property 'top_reasons' does not exist on type 'never'.
src/pages/manager/hr/SickLeaveAnalysis.tsx(90,39): error TS2339: Property 'trend_data' does not exist on type 'never'.
src/pages/manager/hr/SummaryDashboard.tsx(23,20): error TS7031: Binding element 'title' implicitly has an 'any' type.
src/pages/manager/hr/SummaryDashboard.tsx(23,27): error TS7031: Binding element 'children' implicitly has an 'any' type.
src/pages/manager/hr/SummaryDashboard.tsx(32,17): error TS7031: Binding element 'title' implicitly has an 'any' type.
src/pages/manager/hr/SummaryDashboard.tsx(32,30): error TS7031: Binding element 'Icon' implicitly has an 'any' type.
src/pages/manager/hr/SummaryDashboard.tsx(32,36): error TS7031: Binding element 'onClick' implicitly has an 'any' type.
src/pages/manager/hr/SummaryDashboard.tsx(50,23): error TS7031: Binding element 'title' implicitly has an 'any' type.
src/pages/manager/hr/SummaryDashboard.tsx(50,30): error TS7031: Binding element 'onClick' implicitly has an 'any' type.
src/pages/manager/hr/SummaryDashboard.tsx(180,15): error TS2339: Property 'kpi_metrics' does not exist on type 'never'.
src/pages/manager/hr/SummaryDashboard.tsx(180,32): error TS7006: Parameter 'metric' implicitly has an 'any' type.
src/pages/manager/hr/SummaryDashboard.tsx(180,40): error TS7006: Parameter 'idx' implicitly has an 'any' type.
src/pages/manager/hr/SummaryDashboard.tsx(207,37): error TS2339: Property 'headcount_by_year' does not exist on type 'never'.
src/pages/manager/hr/SummaryDashboard.tsx(222,36): error TS2339: Property 'headcount_by_employment_type' does not exist on type 'never'.
src/pages/manager/hr/SummaryDashboard.tsx(237,36): error TS2339: Property 'headcount_by_age_bracket' does not exist on type 'never'.
src/pages/manager/hr/SummaryDashboard.tsx(255,36): error TS2339: Property 'engagements_terminations' does not exist on type 'never'.
src/pages/manager/hr/SummaryDashboard.tsx(274,30): error TS2339: Property 'headcount_by_gender' does not exist on type 'never'.
src/pages/manager/hr/SummaryDashboard.tsx(277,29): error TS2339: Property 'gender' does not exist on type 'PieLabelRenderProps'.
src/pages/manager/hr/SummaryDashboard.tsx(277,37): error TS2339: Property 'percentage' does not exist on type 'PieLabelRenderProps'.
src/pages/manager/hr/SummaryDashboard.tsx(279,25): error TS2339: Property 'headcount_by_gender' does not exist on type 'never'.
src/pages/manager/hr/SummaryDashboard.tsx(279,50): error TS7006: Parameter 'entry' implicitly has an 'any' type.
src/pages/manager/hr/SummaryDashboard.tsx(279,57): error TS7006: Parameter 'index' implicitly has an 'any' type.
src/pages/manager/hr/Timesheets.tsx(37,42): error TS2551: Property 'venue_id' does not exist on type 'User'. Did you mean 'venueId'?
src/pages/manager/hr/Timesheets.tsx(73,34): error TS7006: Parameter 'timesheetId' implicitly has an 'any' type.
src/pages/manager/hr/Timesheets.tsx(83,35): error TS7006: Parameter 'timesheetId' implicitly has an 'any' type.
src/pages/manager/hr/Timesheets.tsx(108,28): error TS2339: Property 'id' does not exist on type 'never'.
src/pages/manager/hr/Timesheets.tsx(111,70): error TS2339: Property 'display_id' does not exist on type 'never'.
src/pages/manager/hr/Timesheets.tsx(112,92): error TS2339: Property 'period_start' does not exist on type 'never'.
src/pages/manager/hr/Timesheets.tsx(112,143): error TS2339: Property 'period_end' does not exist on type 'never'.
src/pages/manager/hr/Timesheets.tsx(114,40): error TS7053: Element implicitly has an 'any' type because expression of type 'any' can't be used to index type '{ open: string; submitted: string; approved: string; rejected: string; locked: string; }'.
src/pages/manager/hr/Timesheets.tsx(114,57): error TS2339: Property 'status' does not exist on type 'never'.
src/pages/manager/hr/Timesheets.tsx(115,25): error TS2339: Property 'status' does not exist on type 'never'.
src/pages/manager/hr/Timesheets.tsx(122,76): error TS2339: Property 'total_hours' does not exist on type 'never'.
src/pages/manager/hr/Timesheets.tsx(126,64): error TS2339: Property 'entries' does not exist on type 'never'.
src/pages/manager/hr/Timesheets.tsx(131,23): error TS2339: Property 'status' does not exist on type 'never'.
src/pages/manager/hr/Timesheets.tsx(132,63): error TS2339: Property 'id' does not exist on type 'never'.
src/pages/manager/hr/Timesheets.tsx(137,23): error TS2339: Property 'status' does not exist on type 'never'.
src/pages/manager/hr/Timesheets.tsx(138,64): error TS2339: Property 'id' does not exist on type 'never'.
src/pages/manager/hr/TipsManagement.tsx(35,42): error TS2551: Property 'venue_id' does not exist on type 'User'. Did you mean 'venueId'?
src/pages/manager/hr/TipsManagement.tsx(71,27): error TS7006: Parameter 'poolId' implicitly has an 'any' type.
src/pages/manager/hr/TipsManagement.tsx(102,30): error TS2339: Property 'id' does not exist on type 'never'.
src/pages/manager/hr/TipsManagement.tsx(105,72): error TS2339: Property 'display_id' does not exist on type 'never'.
src/pages/manager/hr/TipsManagement.tsx(106,86): error TS2339: Property 'date' does not exist on type 'never'.
src/pages/manager/hr/TipsManagement.tsx(108,40): error TS7053: Element implicitly has an 'any' type because expression of type 'any' can't be used to index type '{ open: string; allocated: string; locked: string; }'.
src/pages/manager/hr/TipsManagement.tsx(108,59): error TS2339: Property 'status' does not exist on type 'never'.
src/pages/manager/hr/TipsManagement.tsx(109,27): error TS2339: Property 'status' does not exist on type 'never'.
src/pages/manager/hr/TipsManagement.tsx(115,76): error TS2339: Property 'total_amount' does not exist on type 'never'.
src/pages/manager/hr/TipsManagement.tsx(119,25): error TS2339: Property 'sources' does not exist on type 'never'.
src/pages/manager/hr/TipsManagement.tsx(122,23): error TS2339: Property 'status' does not exist on type 'never'.
src/pages/manager/hr/TipsManagement.tsx(123,56): error TS2339: Property 'id' does not exist on type 'never'.
src/pages/manager/hr/TurnoverModule.tsx(58,97): error TS2339: Property 'voluntary_terminations' does not exist on type 'never'.
src/pages/manager/hr/TurnoverModule.tsx(64,91): error TS2339: Property 'non_voluntary_terminations' does not exist on type 'never'.
src/pages/manager/hr/TurnoverModule.tsx(70,77): error TS2339: Property 'turnover_rate' does not exist on type 'never'.
src/pages/manager/hr/TurnoverModule.tsx(81,35): error TS2339: Property 'by_reason' does not exist on type 'never'.
src/pages/manager/hr/TurnoverModule.tsx(82,27): error TS2339: Property 'by_reason' does not exist on type 'never'.
src/pages/manager/hr/TurnoverModule.tsx(82,42): error TS7006: Parameter 'entry' implicitly has an 'any' type.
src/pages/manager/hr/TurnoverModule.tsx(82,49): error TS7006: Parameter 'index' implicitly has an 'any' type.
src/pages/manager/hr/TurnoverModule.tsx(96,39): error TS2339: Property 'trend_data' does not exist on type 'never'.
src/pages/manager/inventory/GoodsReceivedNotes.tsx(287,50): error TS2345: Argument of type 'unknown' is not assignable to parameter of type 'Record<string, unknown> | undefined'.
src/pages/manager/inventory/GoodsReceivedNotes.tsx(300,48): error TS2345: Argument of type 'unknown' is not assignable to parameter of type 'Record<string, unknown> | undefined'.
src/pages/manager/inventory/InventoryValuation.tsx(113,13): error TS2339: Property 'selectedVenue' does not exist on type 'VenueContextValue'.
src/pages/manager/inventory/InventoryValuation.tsx(257,13): error TS2322: Type '{ children: Element[]; title: string; subtitle: string; icon: Element; actions: Element; }' is not assignable to type 'IntrinsicAttributes & { children: any; className?: string | undefined; title: any; description: any; actions: any; }'.
  Property 'subtitle' does not exist on type 'IntrinsicAttributes & { children: any; className?: string | undefined; title: any; description: any; actions: any; }'.
src/pages/manager/inventory/MobileStockCount.tsx(45,13): error TS2339: Property 'selectedVenue' does not exist on type 'VenueContextValue'.
src/pages/manager/inventory/MobileStockCount.tsx(171,41): error TS2345: Argument of type 'unknown' is not assignable to parameter of type 'Record<string, unknown> | undefined'.
src/pages/manager/inventory/MobileStockCount.tsx(179,13): error TS2322: Type '{ children: (false | Element)[]; title: string; subtitle: string; icon: Element; actions: Element; }' is not assignable to type 'IntrinsicAttributes & { children: any; className?: string | undefined; title: any; description: any; actions: any; }'.
  Property 'subtitle' does not exist on type 'IntrinsicAttributes & { children: any; className?: string | undefined; title: any; description: any; actions: any; }'.
src/pages/manager/inventory/OrderingSuggestions.tsx(263,52): error TS2345: Argument of type 'unknown' is not assignable to parameter of type 'Record<string, unknown> | undefined'.
src/pages/manager/inventory/SalesMixAnalysis.tsx(270,13): error TS2322: Type '{ children: Element; title: string; subtitle: string; icon: Element; }' is not assignable to type 'IntrinsicAttributes & { children: any; className?: string | undefined; title: any; description: any; actions: any; }'.
  Property 'subtitle' does not exist on type 'IntrinsicAttributes & { children: any; className?: string | undefined; title: any; description: any; actions: any; }'.
src/pages/manager/inventory/SalesMixAnalysis.tsx(358,25): error TS2322: Type '{ data: SalesMixItem[]; columns: ({ key: string; label: string; enableSorting: boolean; size: number; render: (row: SalesMixItem) => Element; } | { key: string; label: string; size: number; render: (row: SalesMixItem) => Element; enableSorting?: undefined; })[]; pageSize: number; searchable: true; searchPlaceholder:...' is not assignable to type 'IntrinsicAttributes & DataTableProps<SalesMixItem, unknown>'.
  Property 'pageSize' does not exist on type 'IntrinsicAttributes & DataTableProps<SalesMixItem, unknown>'.
src/pages/manager/inventory/SupplierManagement.tsx(162,13): error TS2339: Property 'selectedVenue' does not exist on type 'VenueContextValue'.
src/pages/manager/inventory/SupplierManagement.tsx(192,54): error TS2345: Argument of type 'unknown' is not assignable to parameter of type 'Record<string, unknown> | undefined'.
src/pages/manager/inventory/SupplierManagement.tsx(373,50): error TS2345: Argument of type 'unknown' is not assignable to parameter of type 'Record<string, unknown> | undefined'.
src/pages/manager/inventory/SupplierManagement.tsx(386,52): error TS2345: Argument of type 'unknown' is not assignable to parameter of type 'Record<string, unknown> | undefined'.
src/pages/manager/inventory/SupplierManagement.tsx(449,13): error TS2322: Type '{ children: Element[]; title: string; subtitle: string; icon: Element; actions: Element; }' is not assignable to type 'IntrinsicAttributes & { children: any; className?: string | undefined; title: any; description: any; actions: any; }'.
  Property 'subtitle' does not exist on type 'IntrinsicAttributes & { children: any; className?: string | undefined; title: any; description: any; actions: any; }'.
src/pages/manager/inventory/TheoreticalVsActual.tsx(83,13): error TS2339: Property 'selectedVenue' does not exist on type 'VenueContextValue'.
src/pages/manager/inventory/TheoreticalVsActual.tsx(159,13): error TS2322: Type '{ children: Element[]; title: string; subtitle: string; icon: Element; actions: Element; }' is not assignable to type 'IntrinsicAttributes & { children: any; className?: string | undefined; title: any; description: any; actions: any; }'.
  Property 'subtitle' does not exist on type 'IntrinsicAttributes & { children: any; className?: string | undefined; title: any; description: any; actions: any; }'.
src/pages/manager/inventory/TraceabilityView.tsx(96,13): error TS2339: Property 'selectedVenue' does not exist on type 'VenueContextValue'.
src/pages/manager/inventory/TraceabilityView.tsx(208,13): error TS2322: Type '{ children: Element[]; title: string; subtitle: string; icon: Element; actions: Element; }' is not assignable to type 'IntrinsicAttributes & { children: any; className?: string | undefined; title: any; description: any; actions: any; }'.
  Property 'subtitle' does not exist on type 'IntrinsicAttributes & { children: any; className?: string | undefined; title: any; description: any; actions: any; }'.
src/pages/manager/inventory/UnitConversionMatrix.tsx(167,13): error TS2322: Type '{ children: Element[]; title: string; subtitle: string; icon: Element; }' is not assignable to type 'IntrinsicAttributes & { children: any; className?: string | undefined; title: any; description: any; actions: any; }'.
  Property 'subtitle' does not exist on type 'IntrinsicAttributes & { children: any; className?: string | undefined; title: any; description: any; actions: any; }'.
src/pages/manager/LogsViewer.tsx(28,42): error TS2551: Property 'venue_id' does not exist on type 'User'. Did you mean 'venueId'?
src/pages/manager/LogsViewer.tsx(39,9): error TS2322: Type 'string | null' is not assignable to type 'string | undefined'.
  Type 'null' is not assignable to type 'string | undefined'.
src/pages/manager/LogsViewer.tsx(40,9): error TS2322: Type 'string | null' is not assignable to type 'string | undefined'.
  Type 'null' is not assignable to type 'string | undefined'.
src/pages/manager/LogsViewer.tsx(41,9): error TS2322: Type 'string | null' is not assignable to type 'string | undefined'.
  Type 'null' is not assignable to type 'string | undefined'.
src/pages/manager/LogsViewer.tsx(44,24): error TS2339: Property 'items' does not exist on type 'LogListResponse'.
src/pages/manager/LogsViewer.tsx(120,31): error TS2339: Property 'id' does not exist on type 'never'.
src/pages/manager/LogsViewer.tsx(124,43): error TS7053: Element implicitly has an 'any' type because expression of type 'any' can't be used to index type '{ ERROR: string; WARN: string; INFO: string; AUDIT: string; SECURITY: string; }'.
src/pages/manager/LogsViewer.tsx(124,60): error TS2339: Property 'level' does not exist on type 'never'.
src/pages/manager/LogsViewer.tsx(125,32): error TS2339: Property 'level' does not exist on type 'never'.
src/pages/manager/LogsViewer.tsx(127,80): error TS2339: Property 'code' does not exist on type 'never'.
src/pages/manager/LogsViewer.tsx(129,65): error TS2339: Property 'message' does not exist on type 'never'.
src/pages/manager/LogsViewer.tsx(131,39): error TS2339: Property 'ts' does not exist on type 'never'.
src/pages/manager/LogsViewer.tsx(131,68): error TS2339: Property 'user_display_id' does not exist on type 'never'.
src/pages/manager/Loyalty.tsx(54,69): error TS18047: 'activeVenue' is possibly 'null'.
src/pages/manager/Loyalty.tsx(79,82): error TS2339: Property 'points' does not exist on type 'never'.
src/pages/manager/Loyalty.tsx(80,82): error TS2339: Property 'visits' does not exist on type 'never'.
src/pages/manager/Loyalty.tsx(81,67): error TS2339: Property 'visits' does not exist on type 'never'.
src/pages/manager/Loyalty.tsx(128,82): error TS2339: Property 'tier' does not exist on type 'never'.
src/pages/manager/Loyalty.tsx(130,55): error TS2339: Property 'guest_id' does not exist on type 'never'.
src/pages/manager/Loyalty.tsx(132,103): error TS2339: Property 'name' does not exist on type 'never'.
src/pages/manager/Loyalty.tsx(133,109): error TS2339: Property 'guest_id' does not exist on type 'never'.
src/pages/manager/Loyalty.tsx(139,83): error TS2339: Property 'points' does not exist on type 'never'.
src/pages/manager/Loyalty.tsx(142,54): error TS2339: Property 'visits' does not exist on type 'never'.
src/pages/manager/marketplace/PluginMarketplace.tsx(80,28): error TS7006: Parameter 'pluginId' implicitly has an 'any' type.
src/pages/manager/marketplace/PluginMarketplace.tsx(168,83): error TS2322: Type '{ className: string; title: string; }' is not assignable to type 'IntrinsicAttributes & Omit<LucideProps, "ref"> & RefAttributes<SVGSVGElement>'.
  Property 'title' does not exist on type 'IntrinsicAttributes & Omit<LucideProps, "ref"> & RefAttributes<SVGSVGElement>'.
src/pages/manager/Microservices.tsx(58,34): error TS7006: Parameter 'service' implicitly has an 'any' type.
src/pages/manager/Microservices.tsx(61,19): error TS2362: The left-hand side of an arithmetic operation must be of type 'any', 'number', 'bigint' or an enum type.
src/pages/manager/Microservices.tsx(61,25): error TS2363: The right-hand side of an arithmetic operation must be of type 'any', 'number', 'bigint' or an enum type.
src/pages/manager/Microservices.tsx(125,30): error TS2339: Property 'name' does not exist on type 'never'.
src/pages/manager/Microservices.tsx(130,59): error TS2339: Property 'name' does not exist on type 'never'.
src/pages/manager/Microservices.tsx(133,28): error TS2339: Property 'status' does not exist on type 'never'.
src/pages/manager/Microservices.tsx(143,30): error TS2339: Property 'capabilities' does not exist on type 'never'.
src/pages/manager/Microservices.tsx(143,49): error TS7006: Parameter 'cap' implicitly has an 'any' type.
src/pages/manager/Microservices.tsx(155,30): error TS2339: Property 'subscribed_events' does not exist on type 'never'.
src/pages/manager/Microservices.tsx(155,54): error TS7006: Parameter 'event' implicitly has an 'any' type.
src/pages/manager/Microservices.tsx(168,45): error TS2339: Property 'registered_at' does not exist on type 'never'.
src/pages/manager/Microservices.tsx(172,45): error TS2339: Property 'last_heartbeat' does not exist on type 'never'.
src/pages/manager/Microservices.tsx(201,35): error TS2339: Property 'id' does not exist on type 'never'.
src/pages/manager/Microservices.tsx(203,83): error TS2339: Property 'event_type' does not exist on type 'never'.
src/pages/manager/Microservices.tsx(204,45): error TS2339: Property 'status' does not exist on type 'never'.
src/pages/manager/Microservices.tsx(205,32): error TS2339: Property 'status' does not exist on type 'never'.
src/pages/manager/Microservices.tsx(208,86): error TS2339: Property 'published_at' does not exist on type 'never'.
src/pages/manager/Microservices.tsx(209,28): error TS2339: Property 'retry_count' does not exist on type 'never'.
src/pages/manager/Microservices.tsx(210,83): error TS2339: Property 'retry_count' does not exist on type 'never'.
src/pages/manager/Microservices.tsx(237,35): error TS2339: Property 'id' does not exist on type 'never'.
src/pages/manager/Microservices.tsx(239,83): error TS2339: Property 'event_type' does not exist on type 'never'.
src/pages/manager/Microservices.tsx(244,89): error TS2339: Property 'moved_to_dlq_at' does not exist on type 'never'.
src/pages/manager/Microservices.tsx(245,76): error TS2339: Property 'final_error' does not exist on type 'never'.
src/pages/manager/ObservabilityLogs.tsx(50,42): error TS2551: Property 'venue_id' does not exist on type 'User'. Did you mean 'venueId'?
src/pages/manager/Operations.tsx(31,49): error TS18047: 'activeVenue' is possibly 'null'.
src/pages/manager/Operations.tsx(44,34): error TS18047: 'activeVenue' is possibly 'null'.
src/pages/manager/Operations.tsx(45,16): error TS2698: Spread types may only be created from object types.
src/pages/manager/Operations.tsx(55,30): error TS2322: Type 'string' is not assignable to type 'never'.
src/pages/manager/Operations.tsx(55,53): error TS2322: Type 'string' is not assignable to type 'never'.
src/pages/manager/Operations.tsx(60,23): error TS7006: Parameter 'idx' implicitly has an 'any' type.
src/pages/manager/Operations.tsx(126,36): error TS2339: Property 'auto_complimentary_on_open' does not exist on type 'never'.
src/pages/manager/Operations.tsx(127,61): error TS2698: Spread types may only be created from object types.
src/pages/manager/Operations.tsx(136,36): error TS2339: Property 'push_low_stock_enabled' does not exist on type 'never'.
src/pages/manager/Operations.tsx(137,61): error TS2698: Spread types may only be created from object types.
src/pages/manager/Operations.tsx(144,34): error TS2339: Property 'low_stock_threshold' does not exist on type 'never'.
src/pages/manager/Operations.tsx(145,48): error TS2698: Spread types may only be created from object types.
src/pages/manager/PayrollMalta.tsx(25,50): error TS18047: 'activeVenue' is possibly 'null'.
src/pages/manager/PayrollMalta.tsx(26,49): error TS18047: 'activeVenue' is possibly 'null'.
src/pages/manager/PayrollMalta.tsx(39,6): error TS2741: Property 'actions' is missing in type '{ children: Element; title: string; description: string; }' but required in type '{ children: any; className?: string | undefined; title: any; description: any; actions: any; }'.
src/pages/manager/PayrollMalta.tsx(51,32): error TS2339: Property 'id' does not exist on type 'never'.
src/pages/manager/PayrollMalta.tsx(53,57): error TS2339: Property 'display_id' does not exist on type 'never'.
src/pages/manager/PayrollMalta.tsx(54,65): error TS2339: Property 'period' does not exist on type 'never'.
src/pages/manager/PayrollMalta.tsx(56,32): error TS2339: Property 'status' does not exist on type 'never'.
src/pages/manager/pos/KioskModePage.tsx(21,13): error TS2339: Property 'currentVenue' does not exist on type 'VenueContextValue'.
src/pages/manager/pos/KioskModePage.tsx(40,21): error TS7006: Parameter 'field' implicitly has an 'any' type.
src/pages/manager/pos/KioskModePage.tsx(40,28): error TS7006: Parameter 'value' implicitly has an 'any' type.
src/pages/manager/pos/KioskModePage.tsx(44,28): error TS7006: Parameter 'method' implicitly has an 'any' type.
src/pages/manager/pos/KioskModePage.tsx(83,44): error TS2339: Property 'isLoading' does not exist on type 'UseMutationResult<AxiosResponse<any, any, {}>, Error, void, unknown>'.
  Property 'isLoading' does not exist on type 'Override<MutationObserverIdleResult<AxiosResponse<any, any, {}>, Error, void, unknown>, { mutate: UseMutateFunction<AxiosResponse<any, any, {}>, Error, void, unknown>; }> & { ...; }'.
src/pages/manager/pos/KioskModePage.tsx(86,35): error TS2339: Property 'isLoading' does not exist on type 'UseMutationResult<AxiosResponse<any, any, {}>, Error, void, unknown>'.
  Property 'isLoading' does not exist on type 'Override<MutationObserverIdleResult<AxiosResponse<any, any, {}>, Error, void, unknown>, { mutate: UseMutateFunction<AxiosResponse<any, any, {}>, Error, void, unknown>; }> & { ...; }'.
src/pages/manager/pos/KioskModePage.tsx(167,80): error TS7053: Element implicitly has an 'any' type because expression of type 'string' can't be used to index type '{ enabled: boolean; display_mode: string; show_prices: boolean; show_images: boolean; show_descriptions: boolean; allow_customization: boolean; payment_methods: string[]; idle_timeout: number; welcome_message: string; language: string; theme: string; font_size: string; }'.
  No index signature with a parameter of type 'string' was found on type '{ enabled: boolean; display_mode: string; show_prices: boolean; show_images: boolean; show_descriptions: boolean; allow_customization: boolean; payment_methods: string[]; idle_timeout: number; welcome_message: string; language: string; theme: string; font_size: string; }'.
src/pages/manager/pos/KioskModePage.tsx(168,42): error TS7053: Element implicitly has an 'any' type because expression of type 'string' can't be used to index type '{ enabled: boolean; display_mode: string; show_prices: boolean; show_images: boolean; show_descriptions: boolean; allow_customization: boolean; payment_methods: string[]; idle_timeout: number; welcome_message: string; language: string; theme: string; font_size: string; }'.
  No index signature with a parameter of type 'string' was found on type '{ enabled: boolean; display_mode: string; show_prices: boolean; show_images: boolean; show_descriptions: boolean; allow_customization: boolean; payment_methods: string[]; idle_timeout: number; welcome_message: string; language: string; theme: string; font_size: string; }'.
src/pages/manager/pos/PrintPreviewPage.tsx(22,13): error TS2339: Property 'currentVenue' does not exist on type 'VenueContextValue'.
src/pages/manager/pos/PrintPreviewPage.tsx(46,43): error TS2559: Type 'string[]' has no properties in common with type 'InvalidateQueryFilters<readonly unknown[]>'.
src/pages/manager/pos/PrintPreviewPage.tsx(51,30): error TS7006: Parameter 'printerId' implicitly has an 'any' type.
src/pages/manager/pos/PrintPreviewPage.tsx(52,23): error TS2345: Argument of type '"testing"' is not assignable to parameter of type 'SetStateAction<null>'.
src/pages/manager/pos/PrintPreviewPage.tsx(55,27): error TS2345: Argument of type '"success"' is not assignable to parameter of type 'SetStateAction<null>'.
src/pages/manager/pos/PrintPreviewPage.tsx(58,27): error TS2345: Argument of type '"fail"' is not assignable to parameter of type 'SetStateAction<null>'.
src/pages/manager/pos/PrintPreviewPage.tsx(100,48): error TS2339: Property 'isLoading' does not exist on type 'UseMutationResult<AxiosResponse<any, any, {}>, Error, void, unknown>'.
  Property 'isLoading' does not exist on type 'Override<MutationObserverIdleResult<AxiosResponse<any, any, {}>, Error, void, unknown>, { mutate: UseMutateFunction<AxiosResponse<any, any, {}>, Error, void, unknown>; }> & { ...; }'.
src/pages/manager/pos/PrintPreviewPage.tsx(102,39): error TS2339: Property 'isLoading' does not exist on type 'UseMutationResult<AxiosResponse<any, any, {}>, Error, void, unknown>'.
  Property 'isLoading' does not exist on type 'Override<MutationObserverIdleResult<AxiosResponse<any, any, {}>, Error, void, unknown>, { mutate: UseMutateFunction<AxiosResponse<any, any, {}>, Error, void, unknown>; }> & { ...; }'.
src/pages/manager/pos/PrintPreviewPage.tsx(155,43): error TS7006: Parameter 'printer' implicitly has an 'any' type.
src/pages/manager/pos/SplitBillPage.tsx(37,25): error TS7006: Parameter 'itemId' implicitly has an 'any' type.
src/pages/manager/pos/SplitBillPage.tsx(37,33): error TS7006: Parameter 'guestIdx' implicitly has an 'any' type.
src/pages/manager/pos/SplitBillPage.tsx(63,27): error TS7053: Element implicitly has an 'any' type because expression of type 'number' can't be used to index type '{}'.
  No index signature with a parameter of type 'number' was found on type '{}'.
src/pages/manager/pos/SplitBillPage.tsx(69,50): error TS7053: Element implicitly has an 'any' type because expression of type 'number' can't be used to index type '{}'.
  No index signature with a parameter of type 'number' was found on type '{}'.
src/pages/manager/pos/SplitBillPage.tsx(69,85): error TS7053: Element implicitly has an 'any' type because expression of type 'number' can't be used to index type '{}'.
  No index signature with a parameter of type 'number' was found on type '{}'.
src/pages/manager/pos/SplitBillPage.tsx(81,22): error TS7053: Element implicitly has an 'any' type because expression of type 'number' can't be used to index type '{}'.
  No index signature with a parameter of type 'number' was found on type '{}'.
src/pages/manager/pos/SplitBillPage.tsx(168,57): error TS7053: Element implicitly has an 'any' type because expression of type 'number' can't be used to index type '{}'.
  No index signature with a parameter of type 'number' was found on type '{}'.
src/pages/manager/pos/SplitBillPage.tsx(203,56): error TS7053: Element implicitly has an 'any' type because expression of type 'number' can't be used to index type '{}'.
  No index signature with a parameter of type 'number' was found on type '{}'.
src/pages/manager/pos/SplitBillPage.tsx(220,61): error TS7053: Element implicitly has an 'any' type because expression of type 'number' can't be used to index type '{}'.
  No index signature with a parameter of type 'number' was found on type '{}'.
src/pages/manager/pricing/DynamicPricingPage.tsx(23,13): error TS2339: Property 'currentVenue' does not exist on type 'VenueContextValue'.
src/pages/manager/pricing/DynamicPricingPage.tsx(58,43): error TS2559: Type 'string[]' has no properties in common with type 'InvalidateQueryFilters<readonly unknown[]>'.
src/pages/manager/pricing/DynamicPricingPage.tsx(64,30): error TS2339: Property 'id' does not exist on type 'void'.
src/pages/manager/pricing/DynamicPricingPage.tsx(64,34): error TS2339: Property 'active' does not exist on type 'void'.
src/pages/manager/pricing/DynamicPricingPage.tsx(68,43): error TS2559: Type 'string[]' has no properties in common with type 'InvalidateQueryFilters<readonly unknown[]>'.
src/pages/manager/pricing/DynamicPricingPage.tsx(185,71): error TS2339: Property 'isLoading' does not exist on type 'UseMutationResult<AxiosResponse<any, any, {}>, Error, void, unknown>'.
  Property 'isLoading' does not exist on type 'Override<MutationObserverIdleResult<AxiosResponse<any, any, {}>, Error, void, unknown>, { mutate: UseMutateFunction<AxiosResponse<any, any, {}>, Error, void, unknown>; }> & { ...; }'.
src/pages/manager/pricing/DynamicPricingPage.tsx(188,45): error TS2339: Property 'isLoading' does not exist on type 'UseMutationResult<AxiosResponse<any, any, {}>, Error, void, unknown>'.
  Property 'isLoading' does not exist on type 'Override<MutationObserverIdleResult<AxiosResponse<any, any, {}>, Error, void, unknown>, { mutate: UseMutateFunction<AxiosResponse<any, any, {}>, Error, void, unknown>; }> & { ...; }'.
src/pages/manager/pricing/DynamicPricingPage.tsx(210,36): error TS7053: Element implicitly has an 'any' type because expression of type 'any' can't be used to index type '{ happy_hour: { icon: ForwardRefExoticComponent<Omit<LucideProps, "ref"> & RefAttributes<SVGSVGElement>>; color: string; bg: string; label: string; }; surge: { ...; }; seasonal: { ...; }; vip: { ...; }; default: { ...; }; }'.
src/pages/manager/pricing/DynamicPricingPage.tsx(248,82): error TS2345: Argument of type '{ id: any; active: any; }' is not assignable to parameter of type 'void'.
src/pages/manager/procurement/ApprovalWorkflow.tsx(82,29): error TS2339: Property 'id' does not exist on type 'never'.
src/pages/manager/procurement/ApprovalWorkflow.tsx(88,81): error TS2339: Property 'rule_name' does not exist on type 'never'.
src/pages/manager/procurement/ApprovalWorkflow.tsx(89,46): error TS2339: Property 'active' does not exist on type 'never'.
src/pages/manager/procurement/ApprovalWorkflow.tsx(90,31): error TS2339: Property 'active' does not exist on type 'never'.
src/pages/manager/procurement/ApprovalWorkflow.tsx(94,43): error TS2339: Property 'condition' does not exist on type 'never'.
src/pages/manager/procurement/ApprovalWorkflow.tsx(94,60): error TS2339: Property 'threshold' does not exist on type 'never'.
src/pages/manager/procurement/ApprovalWorkflow.tsx(94,83): error TS2339: Property 'threshold' does not exist on type 'never'.
src/pages/manager/procurement/ApprovalWorkflow.tsx(95,43): error TS2339: Property 'approvers' does not exist on type 'never'.
src/pages/manager/procurement/ApprovalWorkflow.tsx(96,29): error TS2339: Property 'escalation_hours' does not exist on type 'never'.
src/pages/manager/procurement/ApprovalWorkflow.tsx(96,70): error TS2339: Property 'escalation_hours' does not exist on type 'never'.
src/pages/manager/procurement/AutoOrderRules.tsx(68,29): error TS2339: Property 'id' does not exist on type 'never'.
src/pages/manager/procurement/AutoOrderRules.tsx(74,90): error TS2339: Property 'item_id' does not exist on type 'never'.
src/pages/manager/procurement/AutoOrderRules.tsx(75,46): error TS2339: Property 'active' does not exist on type 'never'.
src/pages/manager/procurement/AutoOrderRules.tsx(76,31): error TS2339: Property 'active' does not exist on type 'never'.
src/pages/manager/procurement/AutoOrderRules.tsx(82,72): error TS2339: Property 'reorder_point' does not exist on type 'never'.
src/pages/manager/procurement/AutoOrderRules.tsx(86,72): error TS2339: Property 'order_quantity' does not exist on type 'never'.
src/pages/manager/procurement/AutoOrderRules.tsx(90,72): error TS2339: Property 'lead_time_days' does not exist on type 'never'.
src/pages/manager/procurement/AutoOrderRules.tsx(94,72): error TS2339: Property 'supplier_id' does not exist on type 'never'.
src/pages/manager/procurement/ProcurementHub.tsx(37,6): error TS2741: Property 'actions' is missing in type '{ children: Element; title: string; description: string; }' but required in type '{ children: any; className?: string | undefined; title: any; description: any; actions: any; }'.
src/pages/manager/ProductManagement.tsx(65,55): error TS18047: 'activeVenue' is possibly 'null'.
src/pages/manager/PurchaseOrders.tsx(24,72): error TS18047: 'activeVenue' is possibly 'null'.
src/pages/manager/PurchaseOrders.tsx(33,27): error TS7006: Parameter 'status' implicitly has an 'any' type.
src/pages/manager/PurchaseOrders.tsx(43,12): error TS7053: Element implicitly has an 'any' type because expression of type 'any' can't be used to index type '{ DRAFT: string; SUBMITTED: string; APPROVED: string; SENT: string; PARTIAL_RECEIVED: string; RECEIVED_CLOSED: string; CANCELLED: string; }'.
src/pages/manager/quality/HACCPScheduler.tsx(89,13): error TS2339: Property 'selectedVenue' does not exist on type 'VenueContextValue'.
src/pages/manager/quality/HACCPScheduler.tsx(173,52): error TS2345: Argument of type 'unknown' is not assignable to parameter of type 'Record<string, unknown> | undefined'.
src/pages/manager/quality/HACCPScheduler.tsx(190,13): error TS2322: Type '{ children: Element[]; title: string; subtitle: string; icon: Element; actions: Element; }' is not assignable to type 'IntrinsicAttributes & { children: any; className?: string | undefined; title: any; description: any; actions: any; }'.
  Property 'subtitle' does not exist on type 'IntrinsicAttributes & { children: any; className?: string | undefined; title: any; description: any; actions: any; }'.
src/pages/manager/quality/QualityAudits.tsx(46,28): error TS2339: Property 'id' does not exist on type 'never'.
src/pages/manager/quality/QualityAudits.tsx(46,320): error TS2339: Property 'audit_type' does not exist on type 'never'.
src/pages/manager/quality/QualityAudits.tsx(46,398): error TS2339: Property 'overall_score' does not exist on type 'never'.
src/pages/manager/quality/QualityAudits.tsx(46,593): error TS2339: Property 'audit_date' does not exist on type 'never'.
src/pages/manager/quality/QualityAudits.tsx(46,716): error TS2339: Property 'auditor_name' does not exist on type 'never'.
src/pages/manager/quality/QualityAudits.tsx(46,827): error TS2339: Property 'checklist' does not exist on type 'never'.
src/pages/manager/quality/QualityAudits.tsx(46,942): error TS2339: Property 'follow_up_required' does not exist on type 'never'.
src/pages/manager/quality/QualityHub.tsx(16,6): error TS2741: Property 'actions' is missing in type '{ children: Element; title: string; description: string; }' but required in type '{ children: any; className?: string | undefined; title: any; description: any; actions: any; }'.
src/pages/manager/radar/CompetitorMonitoring.tsx(46,43): error TS2559: Type 'string[]' has no properties in common with type 'InvalidateQueryFilters<readonly unknown[]>'.
src/pages/manager/radar/CompetitorMonitoring.tsx(47,43): error TS2559: Type 'string[]' has no properties in common with type 'InvalidateQueryFilters<readonly unknown[]>'.
src/pages/manager/radar/CompetitorMonitoring.tsx(53,32): error TS7006: Parameter 's' implicitly has an 'any' type.
src/pages/manager/radar/CompetitorMonitoring.tsx(53,35): error TS7006: Parameter 'c' implicitly has an 'any' type.
src/pages/manager/radar/CompetitorMonitoring.tsx(56,28): error TS7006: Parameter 'comp' implicitly has an 'any' type.
src/pages/manager/radar/CompetitorMonitoring.tsx(122,41): error TS7006: Parameter 'comp' implicitly has an 'any' type.
src/pages/manager/radar/CompetitorMonitoring.tsx(205,44): error TS7006: Parameter 'insight' implicitly has an 'any' type.
src/pages/manager/radar/CompetitorMonitoring.tsx(205,53): error TS7006: Parameter 'i' implicitly has an 'any' type.
src/pages/manager/Receiving.tsx(24,71): error TS18047: 'activeVenue' is possibly 'null'.
src/pages/manager/recipe-engineering/CostAnalysis.tsx(29,6): error TS2741: Property 'actions' is missing in type '{ children: Element; title: string; description: string; }' but required in type '{ children: any; className?: string | undefined; title: any; description: any; actions: any; }'.
src/pages/manager/recipe-engineering/CostAnalysis.tsx(32,27): error TS2339: Property 'recipe_id' does not exist on type 'never'.
src/pages/manager/recipe-engineering/CostAnalysis.tsx(32,233): error TS2339: Property 'recipe_name' does not exist on type 'never'.
src/pages/manager/recipe-engineering/CostAnalysis.tsx(32,411): error TS2339: Property 'cost_per_serving' does not exist on type 'never'.
src/pages/manager/recipe-engineering/CostAnalysis.tsx(32,563): error TS2339: Property 'suggested_price' does not exist on type 'never'.
src/pages/manager/recipe-engineering/CostAnalysis.tsx(32,703): error TS2339: Property 'markup_percentage' does not exist on type 'never'.
src/pages/manager/recipe-engineering/RecipeEngineeringHub.tsx(16,6): error TS2741: Property 'actions' is missing in type '{ children: Element; title: string; description: string; }' but required in type '{ children: any; className?: string | undefined; title: any; description: any; actions: any; }'.
src/pages/manager/recipe-engineering/RecipeList.tsx(30,6): error TS2741: Property 'actions' is missing in type '{ children: Element; title: string; description: string; }' but required in type '{ children: any; className?: string | undefined; title: any; description: any; actions: any; }'.
src/pages/manager/recipe-engineering/RecipeList.tsx(33,29): error TS2339: Property 'id' does not exist on type 'never'.
src/pages/manager/recipe-engineering/RecipeList.tsx(33,317): error TS2339: Property 'recipe_name' does not exist on type 'never'.
src/pages/manager/recipe-engineering/RecipeList.tsx(33,359): error TS2339: Property 'active' does not exist on type 'never'.
src/pages/manager/recipe-engineering/RecipeList.tsx(33,443): error TS2339: Property 'active' does not exist on type 'never'.
src/pages/manager/recipe-engineering/RecipeList.tsx(33,539): error TS2339: Property 'description' does not exist on type 'never'.
src/pages/manager/recipe-engineering/RecipeList.tsx(33,703): error TS2339: Property 'ingredients' does not exist on type 'never'.
src/pages/manager/recipe-engineering/RecipeList.tsx(33,820): error TS2339: Property 'servings' does not exist on type 'never'.
src/pages/manager/recipe-engineering/RecipeList.tsx(33,941): error TS2339: Property 'cost_analysis' does not exist on type 'never'.
src/pages/manager/recipe-engineering/RecipeList.tsx(33,1087): error TS2339: Property 'version' does not exist on type 'never'.
src/pages/manager/ReportingHub.tsx(34,42): error TS2551: Property 'venue_id' does not exist on type 'User'. Did you mean 'venueId'?
src/pages/manager/ReservationModal.tsx(15,44): error TS7031: Binding element 'open' implicitly has an 'any' type.
src/pages/manager/ReservationModal.tsx(15,50): error TS7031: Binding element 'onOpenChange' implicitly has an 'any' type.
src/pages/manager/ReservationModal.tsx(15,64): error TS7031: Binding element 'venueId' implicitly has an 'any' type.
src/pages/manager/ReservationModal.tsx(15,73): error TS7031: Binding element 'onCreated' implicitly has an 'any' type.
src/pages/manager/ReservationModal.tsx(163,52): error TS2339: Property 'time' does not exist on type 'never'.
src/pages/manager/ReservationModal.tsx(164,58): error TS2339: Property 'available' does not exist on type 'never'.
src/pages/manager/ReservationModal.tsx(165,95): error TS2339: Property 'time' does not exist on type 'never'.
src/pages/manager/ReservationModal.tsx(166,108): error TS2339: Property 'available' does not exist on type 'never'.
src/pages/manager/ReservationModal.tsx(168,71): error TS2339: Property 'time' does not exist on type 'never'.
src/pages/manager/ReservationModal.tsx(173,48): error TS2339: Property 'time' does not exist on type 'never'.
src/pages/manager/Reservations.tsx(39,49): error TS18047: 'activeVenue' is possibly 'null'.
src/pages/manager/Reservations.tsx(50,77): error TS18047: 'activeVenue' is possibly 'null'.
src/pages/manager/Reservations.tsx(55,31): error TS7006: Parameter 'id' implicitly has an 'any' type.
src/pages/manager/Reservations.tsx(55,35): error TS7006: Parameter 'status' implicitly has an 'any' type.
src/pages/manager/Reservations.tsx(89,78): error TS2339: Property 'total_reservations' does not exist on type 'never'.
src/pages/manager/Reservations.tsx(90,27): error TS2339: Property 'growth_rate' does not exist on type 'never'.
src/pages/manager/Reservations.tsx(90,107): error TS2339: Property 'growth_rate' does not exist on type 'never'.
src/pages/manager/Reservations.tsx(90,174): error TS2339: Property 'growth_rate' does not exist on type 'never'.
src/pages/manager/Reservations.tsx(90,213): error TS2339: Property 'growth_rate' does not exist on type 'never'.
src/pages/manager/Reservations.tsx(97,73): error TS2339: Property 'no_show_rate' does not exist on type 'never'.
src/pages/manager/Reservations.tsx(104,39): error TS2339: Property 'channel_distribution' does not exist on type 'never'.
src/pages/manager/Reservations.tsx(111,75): error TS2339: Property 'conversion_rate' does not exist on type 'never'.
src/pages/manager/Reservations.tsx(111,114): error TS2339: Property 'conversion_rate' does not exist on type 'never'.
src/pages/manager/Reservations.tsx(145,37): error TS7053: Element implicitly has an 'any' type because expression of type 'any' can't be used to index type '{ confirmed: string; seated: string; completed: string; cancelled: string; no_show: string; }'.
src/pages/manager/RestaurantAppSettings.tsx(114,61): error TS2322: Type 'string | boolean' is not assignable to type 'boolean | undefined'.
  Type 'string' is not assignable to type 'boolean | undefined'.
src/pages/manager/RestaurantAppSettings.tsx(116,61): error TS2322: Type 'string | boolean' is not assignable to type 'string | undefined'.
  Type 'boolean' is not assignable to type 'string'.
src/pages/manager/RestaurantAppSettings.tsx(121,70): error TS2339: Property 'options' does not exist on type '{ id: string; label: string; desc: string; type: string; default: boolean; } | { id: string; label: string; desc: string; type: string; options: string[]; default: string; }'.
  Property 'options' does not exist on type '{ id: string; label: string; desc: string; type: string; default: boolean; }'.
src/pages/manager/RestaurantAppSettings.tsx(121,82): error TS7006: Parameter 'opt' implicitly has an 'any' type.
src/pages/manager/ReviewRisk.tsx(29,49): error TS18047: 'activeVenue' is possibly 'null'.
src/pages/manager/ReviewRisk.tsx(39,6): error TS2741: Property 'actions' is missing in type '{ children: Element; title: string; description: string; }' but required in type '{ children: any; className?: string | undefined; title: any; description: any; actions: any; }'.
src/pages/manager/ReviewRisk.tsx(68,57): error TS7006: Parameter 'factor' implicitly has an 'any' type.
src/pages/manager/ReviewRisk.tsx(68,65): error TS7006: Parameter 'idx' implicitly has an 'any' type.
src/pages/manager/settings/DataExportPage.tsx(35,13): error TS2339: Property 'currentVenue' does not exist on type 'VenueContextValue'.
src/pages/manager/settings/DataExportPage.tsx(56,43): error TS2559: Type 'string[]' has no properties in common with type 'InvalidateQueryFilters<readonly unknown[]>'.
src/pages/manager/settings/DataExportPage.tsx(89,46): error TS2339: Property 'isLoading' does not exist on type 'UseMutationResult<AxiosResponse<any, any, {}>, Error, void, unknown>'.
  Property 'isLoading' does not exist on type 'Override<MutationObserverIdleResult<AxiosResponse<any, any, {}>, Error, void, unknown>, { mutate: UseMutateFunction<AxiosResponse<any, any, {}>, Error, void, unknown>; }> & { ...; }'.
src/pages/manager/settings/DataExportPage.tsx(92,37): error TS2339: Property 'isLoading' does not exist on type 'UseMutationResult<AxiosResponse<any, any, {}>, Error, void, unknown>'.
  Property 'isLoading' does not exist on type 'Override<MutationObserverIdleResult<AxiosResponse<any, any, {}>, Error, void, unknown>, { mutate: UseMutateFunction<AxiosResponse<any, any, {}>, Error, void, unknown>; }> & { ...; }'.
src/pages/manager/settings/DataExportPage.tsx(146,38): error TS7006: Parameter 'job' implicitly has an 'any' type.
src/pages/manager/settings/FeatureFlagAdmin.tsx(35,13): error TS2339: Property 'currentVenue' does not exist on type 'VenueContextValue'.
src/pages/manager/settings/FeatureFlagAdmin.tsx(47,9): error TS2769: No overload matches this call.
  Overload 1 of 3, '(options: DefinedInitialDataOptions<unknown, Error, unknown, any[]>, queryClient?: QueryClient | undefined): DefinedUseQueryResult<unknown, Error>', gave the following error.
    Object literal may only specify known properties, and 'onSuccess' does not exist in type 'DefinedInitialDataOptions<unknown, Error, unknown, any[]>'.
  Overload 2 of 3, '(options: UndefinedInitialDataOptions<any, Error, any, any[]>, queryClient?: QueryClient | undefined): UseQueryResult<any, Error>', gave the following error.
    Object literal may only specify known properties, and 'onSuccess' does not exist in type 'UndefinedInitialDataOptions<any, Error, any, any[]>'.
  Overload 3 of 3, '(options: UseQueryOptions<any, Error, any, any[]>, queryClient?: QueryClient | undefined): UseQueryResult<any, Error>', gave the following error.
    Object literal may only specify known properties, and 'onSuccess' does not exist in type 'UseQueryOptions<any, Error, any, any[]>'.
src/pages/manager/settings/FeatureFlagAdmin.tsx(47,21): error TS7006: Parameter 'data' implicitly has an 'any' type.
src/pages/manager/settings/FeatureFlagAdmin.tsx(64,43): error TS2559: Type 'string[]' has no properties in common with type 'InvalidateQueryFilters<readonly unknown[]>'.
src/pages/manager/settings/FeatureFlagAdmin.tsx(69,44): error TS2339: Property 'flags' does not exist on type '{}'.
src/pages/manager/settings/FeatureFlagAdmin.tsx(71,25): error TS7006: Parameter 'moduleKey' implicitly has an 'any' type.
src/pages/manager/settings/FeatureFlagAdmin.tsx(72,35): error TS7006: Parameter 'f' implicitly has an 'any' type.
src/pages/manager/settings/FeatureFlagAdmin.tsx(80,33): error TS7006: Parameter 'f' implicitly has an 'any' type.
src/pages/manager/settings/FeatureFlagAdmin.tsx(86,33): error TS7006: Parameter 'f' implicitly has an 'any' type.
src/pages/manager/settings/FeatureFlagAdmin.tsx(93,39): error TS7006: Parameter 'f' implicitly has an 'any' type.
src/pages/manager/settings/FeatureFlagAdmin.tsx(117,63): error TS2339: Property 'isLoading' does not exist on type 'UseMutationResult<AxiosResponse<any, any, {}>, Error, void, unknown>'.
  Property 'isLoading' does not exist on type 'Override<MutationObserverIdleResult<AxiosResponse<any, any, {}>, Error, void, unknown>, { mutate: UseMutateFunction<AxiosResponse<any, any, {}>, Error, void, unknown>; }> & { ...; }'.
src/pages/manager/settings/FeatureFlagAdmin.tsx(121,39): error TS2339: Property 'isLoading' does not exist on type 'UseMutationResult<AxiosResponse<any, any, {}>, Error, void, unknown>'.
  Property 'isLoading' does not exist on type 'Override<MutationObserverIdleResult<AxiosResponse<any, any, {}>, Error, void, unknown>, { mutate: UseMutateFunction<AxiosResponse<any, any, {}>, Error, void, unknown>; }> & { ...; }'.
src/pages/manager/settings/FeatureFlagAdmin.tsx(154,33): error TS7006: Parameter 'flag' implicitly has an 'any' type.
src/pages/manager/settings/FeatureFlagAdmin.tsx(155,38): error TS7053: Element implicitly has an 'any' type because expression of type 'any' can't be used to index type '{ people: { icon: ForwardRefExoticComponent<Omit<LucideProps, "ref"> & RefAttributes<SVGSVGElement>>; label: string; desc: string; }; ... 9 more ...; audit_trail: { ...; }; }'.
src/pages/manager/Suppliers.tsx(27,27): error TS7031: Binding element 'Icon' implicitly has an 'any' type.
src/pages/manager/Suppliers.tsx(27,33): error TS7031: Binding element 'label' implicitly has an 'any' type.
src/pages/manager/Suppliers.tsx(27,40): error TS7031: Binding element 'value' implicitly has an 'any' type.
src/pages/manager/Suppliers.tsx(27,47): error TS7031: Binding element 'subtext' implicitly has an 'any' type.
src/pages/manager/Suppliers.tsx(70,66): error TS18047: 'activeVenue' is possibly 'null'.
src/pages/manager/Suppliers.tsx(87,19): error TS18047: 'activeVenue' is possibly 'null'.
src/pages/manager/Suppliers.tsx(108,32): error TS7006: Parameter 'id' implicitly has an 'any' type.
src/pages/manager/Suppliers.tsx(123,44): error TS2339: Property 'is_active' does not exist on type 'never'.
src/pages/manager/Suppliers.tsx(125,47): error TS2339: Property 'email' does not exist on type 'never'.
src/pages/manager/Suppliers.tsx(137,16): error TS7006: Parameter 'row' implicitly has an 'any' type.
src/pages/manager/Suppliers.tsx(153,16): error TS7006: Parameter 'row' implicitly has an 'any' type.
src/pages/manager/Suppliers.tsx(167,16): error TS7006: Parameter 'row' implicitly has an 'any' type.
src/pages/manager/Suppliers.tsx(182,16): error TS7006: Parameter 'row' implicitly has an 'any' type.
src/pages/manager/Suppliers.tsx(194,16): error TS7006: Parameter 'row' implicitly has an 'any' type.
src/pages/manager/Suppliers.tsx(209,16): error TS7006: Parameter 'row' implicitly has an 'any' type.
src/pages/manager/Suppliers.tsx(241,10): error TS2741: Property 'subtext' is missing in type '{ icon: ForwardRefExoticComponent<Omit<LucideProps, "ref"> & RefAttributes<SVGSVGElement>>; label: string; value: number; color: string; }' but required in type '{ icon: any; label: any; value: any; subtext: any; color?: string | undefined; }'.
src/pages/manager/Suppliers.tsx(247,10): error TS2741: Property 'subtext' is missing in type '{ icon: ForwardRefExoticComponent<Omit<LucideProps, "ref"> & RefAttributes<SVGSVGElement>>; label: string; value: number; color: string; }' but required in type '{ icon: any; label: any; value: any; subtext: any; color?: string | undefined; }'.
src/pages/manager/Suppliers.tsx(253,10): error TS2741: Property 'subtext' is missing in type '{ icon: ForwardRefExoticComponent<Omit<LucideProps, "ref"> & RefAttributes<SVGSVGElement>>; label: string; value: number; color: string; }' but required in type '{ icon: any; label: any; value: any; subtext: any; color?: string | undefined; }'.
src/pages/manager/sustainability/CarbonFootprint.tsx(20,13): error TS2339: Property 'currentVenue' does not exist on type 'VenueContextValue'.
src/pages/manager/sustainability/CarbonFootprint.tsx(37,44): error TS7006: Parameter 's' implicitly has an 'any' type.
src/pages/manager/sustainability/CarbonFootprint.tsx(37,47): error TS7006: Parameter 'w' implicitly has an 'any' type.
src/pages/manager/sustainability/CarbonFootprint.tsx(40,86): error TS7006: Parameter 'w' implicitly has an 'any' type.
src/pages/manager/sustainability/CarbonFootprint.tsx(186,53): error TS7006: Parameter 'log' implicitly has an 'any' type.
src/pages/manager/sustainability/CarbonFootprint.tsx(186,58): error TS7006: Parameter 'i' implicitly has an 'any' type.
src/pages/manager/training/RecipeVideoBites.tsx(21,13): error TS2339: Property 'currentVenue' does not exist on type 'VenueContextValue'.
src/pages/manager/training/RecipeVideoBites.tsx(32,41): error TS7006: Parameter 'r' implicitly has an 'any' type.
src/pages/manager/training/RecipeVideoBites.tsx(44,37): error TS7006: Parameter 'r' implicitly has an 'any' type.
src/pages/manager/training/RecipeVideoBites.tsx(48,30): error TS7006: Parameter 'd' implicitly has an 'any' type.
src/pages/manager/training/RecipeVideoBites.tsx(76,67): error TS7006: Parameter 'r' implicitly has an 'any' type.
src/pages/manager/training/RecipeVideoBites.tsx(77,68): error TS7006: Parameter 's' implicitly has an 'any' type.
src/pages/manager/training/RecipeVideoBites.tsx(77,71): error TS7006: Parameter 'r' implicitly has an 'any' type.
src/pages/manager/training/RecipeVideoBites.tsx(78,100): error TS7006: Parameter 'r' implicitly has an 'any' type.
src/pages/manager/training/RecipeVideoBites.tsx(114,38): error TS7006: Parameter 'recipe' implicitly has an 'any' type.
src/pages/manager/training/RecipeVideoBites.tsx(120,53): error TS2339: Property 'id' does not exist on type 'never'.
src/pages/manager/training/RecipeVideoBites.tsx(161,61): error TS2339: Property 'video_count' does not exist on type 'never'.
src/pages/manager/training/RecipeVideoBites.tsx(165,95): error TS2339: Property 'name' does not exist on type 'never'.
src/pages/manager/training/RecipeVideoBites.tsx(166,144): error TS2339: Property 'difficulty' does not exist on type 'never'.
src/pages/manager/training/RecipeVideoBites.tsx(167,53): error TS2339: Property 'difficulty' does not exist on type 'never'.
src/pages/manager/training/RecipeVideoBites.tsx(174,49): error TS2339: Property 'video_count' does not exist on type 'never'.
src/pages/manager/training/RecipeVideoBites.tsx(175,73): error TS2339: Property 'video_count' does not exist on type 'never'.
src/pages/manager/UpdatesPage.tsx(21,15): error TS2554: Expected 0 arguments, but got 2.
src/pages/manager/UpdatesPage.tsx(35,55): error TS2345: Argument of type 'string | undefined' is not assignable to parameter of type 'string'.
  Type 'undefined' is not assignable to type 'string'.
src/pages/manager/UpdatesPage.tsx(65,29): error TS7006: Parameter 'key' implicitly has an 'any' type.
src/pages/manager/UpdatesPage.tsx(65,34): error TS7006: Parameter 'value' implicitly has an 'any' type.
src/pages/manager/UpdatesPage.tsx(84,8): error TS2741: Property 'actions' is missing in type '{ children: Element; title: string; description: string; }' but required in type '{ children: any; className?: string | undefined; title: any; description: any; actions: any; }'.
src/pages/manager/UpdatesPage.tsx(178,39): error TS2339: Property 'id' does not exist on type 'never'.
src/pages/manager/UpdatesPage.tsx(178,143): error TS2339: Property 'version_code' does not exist on type 'never'.
src/pages/manager/UpdatesPage.tsx(180,86): error TS2339: Property 'version_code' does not exist on type 'never'.
src/pages/manager/UpdatesPage.tsx(181,91): error TS2339: Property 'created_at' does not exist on type 'never'.
src/pages/manager/UpdatesPage.tsx(184,49): error TS2339: Property 'notes' does not exist on type 'never'.
src/pages/manager/UpdatesPage.tsx(188,46): error TS2339: Property 'map' does not exist on type '{}'.
src/pages/manager/UpdatesPage.tsx(188,51): error TS7006: Parameter 'item' implicitly has an 'any' type.
src/pages/manager/UserAccess.tsx(69,23): error TS2353: Object literal may only specify known properties, and 'id' does not exist in type '(prevState: null) => null'.
src/pages/manager/UserAccess.tsx(69,51): error TS18048: 'userId' is possibly 'undefined'.
src/pages/manager/UserAccess.tsx(79,38): error TS7006: Parameter 'shouldArchive' implicitly has an 'any' type.
src/pages/manager/UserAccess.tsx(108,49): error TS2339: Property 'name' does not exist on type 'never'.
src/pages/manager/UserAccess.tsx(112,32): error TS2339: Property 'status' does not exist on type 'never'.
src/pages/manager/UserAccess.tsx(146,65): error TS2339: Property 'roles' does not exist on type 'never'.
src/pages/manager/UserAccess.tsx(158,40): error TS2339: Property 'employee_id' does not exist on type 'never'.
src/pages/manager/UserAccess.tsx(167,96): error TS2339: Property 'employee_id' does not exist on type 'never'.
src/pages/manager/UserAccess.tsx(222,102): error TS2339: Property 'active_unit_id' does not exist on type 'never'.
src/pages/manager/UserAccess.tsx(228,120): error TS2339: Property 'active_role' does not exist on type 'never'.
src/pages/manager/UserAccess.tsx(234,105): error TS2339: Property 'active_station' does not exist on type 'never'.
src/pages/manager/UserAccess.tsx(240,81): error TS2339: Property 'last_updated' does not exist on type 'never'.
src/pages/observability/AdvancedObservability.tsx(34,64): error TS18047: 'activeVenue' is possibly 'null'.
src/pages/observability/AdvancedObservability.tsx(35,63): error TS18047: 'activeVenue' is possibly 'null'.
src/pages/observability/AdvancedObservability.tsx(36,69): error TS18047: 'activeVenue' is possibly 'null'.
src/pages/observability/AdvancedObservability.tsx(50,6): error TS2741: Property 'actions' is missing in type '{ children: Element; title: string; description: string; }' but required in type '{ children: any; className?: string | undefined; title: any; description: any; actions: any; }'.
src/pages/observability/AdvancedObservability.tsx(77,66): error TS2339: Property 'service_name' does not exist on type 'never'.
src/pages/observability/AdvancedObservability.tsx(77,83): error TS2339: Property 'operation' does not exist on type 'never'.
src/pages/observability/AdvancedObservability.tsx(78,101): error TS2339: Property 'duration_ms' does not exist on type 'never'.
src/pages/observability/AdvancedObservability.tsx(80,78): error TS2339: Property 'created_at' does not exist on type 'never'.
src/pages/observability/AdvancedObservability.tsx(99,59): error TS2339: Property 'collection' does not exist on type 'never'.
src/pages/observability/AdvancedObservability.tsx(100,59): error TS2339: Property 'collection' does not exist on type 'never'.
src/pages/observability/AdvancedObservability.tsx(100,101): error TS2362: The left-hand side of an arithmetic operation must be of type 'any', 'number', 'bigint' or an enum type.
src/pages/observability/AdvancedObservability.tsx(100,112): error TS2339: Property 'created_at' does not exist on type 'never'.
src/pages/observability/AdvancedObservability.tsx(100,126): error TS2363: The right-hand side of an arithmetic operation must be of type 'any', 'number', 'bigint' or an enum type.
src/pages/observability/AdvancedObservability.tsx(100,137): error TS2339: Property 'created_at' does not exist on type 'never'.
src/pages/observability/AdvancedObservability.tsx(105,66): error TS2339: Property 'doc_count' does not exist on type 'never'.
src/pages/observability/AdvancedObservability.tsx(106,71): error TS2339: Property 'storage_mb' does not exist on type 'never'.
src/pages/observability/AdvancedObservability.tsx(131,65): error TS2339: Property 'read_model' does not exist on type 'never'.
src/pages/observability/AdvancedObservability.tsx(132,73): error TS2339: Property 'lag_seconds' does not exist on type 'never'.
src/pages/observability/ErrorInbox.tsx(50,24): error TS2339: Property 'retry_plan' does not exist on type 'never'.
src/pages/observability/ErrorInbox.tsx(52,38): error TS2339: Property 'retry_plan' does not exist on type 'never'.
src/pages/observability/ErrorInbox.tsx(53,39): error TS2339: Property 'retry_plan' does not exist on type 'never'.
src/pages/observability/ErrorInbox.tsx(54,21): error TS2339: Property 'retry_plan' does not exist on type 'never'.
src/pages/observability/ErrorInbox.tsx(54,57): error TS7006: Parameter 'field' implicitly has an 'any' type.
src/pages/observability/ErrorInbox.tsx(57,11): error TS7053: Element implicitly has an 'any' type because expression of type 'any' can't be used to index type '{}'.
src/pages/observability/ErrorInbox.tsx(59,11): error TS7053: Element implicitly has an 'any' type because expression of type 'any' can't be used to index type '{}'.
src/pages/observability/ErrorInbox.tsx(59,53): error TS2339: Property 'entity_refs' does not exist on type 'never'.
src/pages/observability/ErrorInbox.tsx(61,11): error TS7053: Element implicitly has an 'any' type because expression of type 'any' can't be used to index type '{}'.
src/pages/observability/ErrorInbox.tsx(81,19): error TS2339: Property 'domain' does not exist on type '{}'.
src/pages/observability/ErrorInbox.tsx(81,42): error TS2339: Property 'domains' does not exist on type '{ venue_id: string; page: number; page_size: number; q: string | undefined; retryable_only: true | undefined; blocking_only: true | undefined; }'.
src/pages/observability/ErrorInbox.tsx(81,60): error TS2339: Property 'domain' does not exist on type '{}'.
src/pages/observability/ErrorInbox.tsx(82,19): error TS2339: Property 'status' does not exist on type '{}'.
src/pages/observability/ErrorInbox.tsx(82,42): error TS2339: Property 'statuses' does not exist on type '{ venue_id: string; page: number; page_size: number; q: string | undefined; retryable_only: true | undefined; blocking_only: true | undefined; }'.
src/pages/observability/ErrorInbox.tsx(82,61): error TS2339: Property 'status' does not exist on type '{}'.
src/pages/observability/ErrorInbox.tsx(83,19): error TS2339: Property 'severity' does not exist on type '{}'.
src/pages/observability/ErrorInbox.tsx(83,44): error TS2339: Property 'severities' does not exist on type '{ venue_id: string; page: number; page_size: number; q: string | undefined; retryable_only: true | undefined; blocking_only: true | undefined; }'.
src/pages/observability/ErrorInbox.tsx(83,65): error TS2339: Property 'severity' does not exist on type '{}'.
src/pages/observability/ErrorInbox.tsx(84,19): error TS2339: Property 'occurrence_count' does not exist on type '{}'.
src/pages/observability/ErrorInbox.tsx(84,49): error TS2339: Property 'occurrence_min' does not exist on type '{ venue_id: string; page: number; page_size: number; q: string | undefined; retryable_only: true | undefined; blocking_only: true | undefined; }'.
src/pages/observability/ErrorInbox.tsx(84,74): error TS2339: Property 'occurrence_count' does not exist on type '{}'.
src/pages/observability/ErrorInbox.tsx(85,19): error TS2339: Property 'occurrence_count' does not exist on type '{}'.
src/pages/observability/ErrorInbox.tsx(85,49): error TS2339: Property 'occurrence_max' does not exist on type '{ venue_id: string; page: number; page_size: number; q: string | undefined; retryable_only: true | undefined; blocking_only: true | undefined; }'.
src/pages/observability/ErrorInbox.tsx(85,74): error TS2339: Property 'occurrence_count' does not exist on type '{}'.
src/pages/observability/ErrorInbox.tsx(86,19): error TS2339: Property 'last_seen_at' does not exist on type '{}'.
src/pages/observability/ErrorInbox.tsx(86,47): error TS2339: Property 'last_seen_start' does not exist on type '{ venue_id: string; page: number; page_size: number; q: string | undefined; retryable_only: true | undefined; blocking_only: true | undefined; }'.
src/pages/observability/ErrorInbox.tsx(86,73): error TS2339: Property 'last_seen_at' does not exist on type '{}'.
src/pages/observability/ErrorInbox.tsx(87,19): error TS2339: Property 'last_seen_at' does not exist on type '{}'.
src/pages/observability/ErrorInbox.tsx(87,45): error TS2339: Property 'last_seen_end' does not exist on type '{ venue_id: string; page: number; page_size: number; q: string | undefined; retryable_only: true | undefined; blocking_only: true | undefined; }'.
src/pages/observability/ErrorInbox.tsx(87,69): error TS2339: Property 'last_seen_at' does not exist on type '{}'.
src/pages/observability/ErrorInbox.tsx(98,16): error TS2339: Property 'sort_by' does not exist on type '{ venue_id: string; page: number; page_size: number; q: string | undefined; retryable_only: true | undefined; blocking_only: true | undefined; }'.
src/pages/observability/ErrorInbox.tsx(98,26): error TS7053: Element implicitly has an 'any' type because expression of type 'string' can't be used to index type '{ last_seen_at: string; occurrence_count: string; severity: string; status: string; created_at: string; }'.
  No index signature with a parameter of type 'string' was found on type '{ last_seen_at: string; occurrence_count: string; severity: string; status: string; created_at: string; }'.
src/pages/observability/ErrorInbox.tsx(99,16): error TS2339: Property 'sort_dir' does not exist on type '{ venue_id: string; page: number; page_size: number; q: string | undefined; retryable_only: true | undefined; blocking_only: true | undefined; }'.
src/pages/observability/ErrorInbox.tsx(113,36): error TS7006: Parameter 'errorId' implicitly has an 'any' type.
src/pages/observability/ErrorInbox.tsx(123,30): error TS7006: Parameter 'errorId' implicitly has an 'any' type.
src/pages/observability/ErrorInbox.tsx(125,40): error TS2339: Property 'retry_plan' does not exist on type 'never'.
src/pages/observability/ErrorInbox.tsx(129,31): error TS7006: Parameter 'field' implicitly has an 'any' type.
src/pages/observability/ErrorInbox.tsx(131,23): error TS7053: Element implicitly has an 'any' type because expression of type 'any' can't be used to index type '{}'.
src/pages/observability/ErrorInbox.tsx(133,11): error TS7053: Element implicitly has an 'any' type because expression of type 'any' can't be used to index type '{}'.
src/pages/observability/ErrorInbox.tsx(135,11): error TS7053: Element implicitly has an 'any' type because expression of type 'any' can't be used to index type '{}'.
src/pages/observability/ErrorInbox.tsx(164,52): error TS7006: Parameter 'item' implicitly has an 'any' type.
src/pages/observability/ErrorInbox.tsx(190,29): error TS7006: Parameter 'severity' implicitly has an 'any' type.
src/pages/observability/ErrorInbox.tsx(197,12): error TS7053: Element implicitly has an 'any' type because expression of type 'any' can't be used to index type '{ INFO: string; WARNING: string; ERROR: string; CRITICAL: string; }'.
src/pages/observability/ErrorInbox.tsx(204,16): error TS7006: Parameter 'row' implicitly has an 'any' type.
src/pages/observability/ErrorInbox.tsx(217,16): error TS7006: Parameter 'row' implicitly has an 'any' type.
src/pages/observability/ErrorInbox.tsx(228,16): error TS7006: Parameter 'row' implicitly has an 'any' type.
src/pages/observability/ErrorInbox.tsx(237,72): error TS7006: Parameter 'row' implicitly has an 'any' type.
src/pages/observability/ErrorInbox.tsx(248,16): error TS7006: Parameter 'row' implicitly has an 'any' type.
src/pages/observability/ErrorInbox.tsx(250,52): error TS7053: Element implicitly has an 'any' type because expression of type 'any' can't be used to index type '{ OPEN: string; ACKED: string; RESOLVED: string; MUTED: string; }'.
src/pages/observability/ErrorInbox.tsx(250,84): error TS7053: Element implicitly has an 'any' type because expression of type 'any' can't be used to index type '{ OPEN: string; ACKED: string; RESOLVED: string; MUTED: string; }'.
src/pages/observability/ErrorInbox.tsx(254,82): error TS7006: Parameter 'row' implicitly has an 'any' type.
src/pages/observability/ErrorInbox.tsx(257,29): error TS7006: Parameter 'field' implicitly has an 'any' type.
src/pages/observability/ErrorInbox.tsx(258,19): error TS7053: Element implicitly has an 'any' type because expression of type 'any' can't be used to index type '{}'.
src/pages/observability/ErrorInbox.tsx(259,23): error TS7006: Parameter 'val' implicitly has an 'any' type.
src/pages/observability/ErrorInbox.tsx(358,43): error TS2339: Property 'display_id' does not exist on type 'never'.
src/pages/observability/ErrorInbox.tsx(358,72): error TS2339: Property 'error' does not exist on type 'never'.
src/pages/observability/ErrorInbox.tsx(366,107): error TS2339: Property 'severity' does not exist on type 'never'.
src/pages/observability/ErrorInbox.tsx(366,135): error TS2339: Property 'severity' does not exist on type 'never'.
src/pages/observability/ErrorInbox.tsx(372,101): error TS2339: Property 'domain' does not exist on type 'never'.
src/pages/observability/ErrorInbox.tsx(378,101): error TS2339: Property 'occurrence_count' does not exist on type 'never'.
src/pages/observability/ErrorInbox.tsx(389,51): error TS2339: Property 'source' does not exist on type 'never'.
src/pages/observability/ErrorInbox.tsx(398,34): error TS2339: Property 'steps' does not exist on type 'never'.
src/pages/observability/ErrorInbox.tsx(398,46): error TS7006: Parameter 'step' implicitly has an 'any' type.
src/pages/observability/ErrorInbox.tsx(418,30): error TS2339: Property 'retry_plan' does not exist on type 'never'.
src/pages/observability/ErrorInbox.tsx(425,69): error TS2339: Property 'retry_plan' does not exist on type 'never'.
src/pages/observability/ErrorInbox.tsx(426,72): error TS2339: Property 'retry_plan' does not exist on type 'never'.
src/pages/observability/ErrorInbox.tsx(427,71): error TS2339: Property 'retry_plan' does not exist on type 'never'.
src/pages/observability/ErrorInbox.tsx(427,113): error TS2339: Property 'retry_plan' does not exist on type 'never'.
src/pages/observability/ErrorInbox.tsx(429,36): error TS2339: Property 'retry_plan' does not exist on type 'never'.
src/pages/observability/ErrorInbox.tsx(431,40): error TS2339: Property 'retry_plan' does not exist on type 'never'.
src/pages/observability/ErrorInbox.tsx(431,72): error TS7006: Parameter 'field' implicitly has an 'any' type.
src/pages/observability/ErrorInbox.tsx(447,66): error TS2339: Property 'id' does not exist on type 'never'.
src/pages/observability/ErrorInbox.tsx(454,32): error TS2339: Property 'retry_plan' does not exist on type 'never'.
src/pages/observability/ErrorInbox.tsx(456,62): error TS2339: Property 'id' does not exist on type 'never'.
src/pages/observability/Integrity.tsx(35,52): error TS18047: 'activeVenue' is possibly 'null'.
src/pages/observability/Integrity.tsx(36,56): error TS18047: 'activeVenue' is possibly 'null'.
src/pages/observability/Integrity.tsx(50,56): error TS18047: 'activeVenue' is possibly 'null'.
src/pages/observability/Integrity.tsx(57,47): error TS2339: Property 'status' does not exist on type 'never'.
src/pages/observability/Integrity.tsx(97,45): error TS2339: Property 'started_at' does not exist on type 'never'.
src/pages/observability/Integrity.tsx(112,31): error TS2339: Property 'run_id' does not exist on type 'never'.
src/pages/observability/Integrity.tsx(114,64): error TS2339: Property 'run_id' does not exist on type 'never'.
src/pages/observability/Integrity.tsx(115,73): error TS2339: Property 'started_at' does not exist on type 'never'.
src/pages/observability/Integrity.tsx(117,39): error TS2339: Property 'status' does not exist on type 'never'.
src/pages/observability/Integrity.tsx(118,26): error TS2339: Property 'status' does not exist on type 'never'.
src/pages/observability/Integrity.tsx(139,31): error TS2339: Property 'finding_id' does not exist on type 'never'.
src/pages/observability/Integrity.tsx(141,79): error TS2339: Property 'severity' does not exist on type 'never'.
src/pages/observability/Integrity.tsx(142,67): error TS2339: Property 'check_key' does not exist on type 'never'.
src/pages/observability/Integrity.tsx(144,63): error TS2339: Property 'title' does not exist on type 'never'.
src/pages/observability/SelfDiagnostics.tsx(26,70): error TS18047: 'activeVenue' is possibly 'null'.
src/pages/observability/SelfDiagnostics.tsx(35,26): error TS7006: Parameter 'status' implicitly has an 'any' type.
src/pages/observability/SelfDiagnostics.tsx(41,27): error TS7006: Parameter 'status' implicitly has an 'any' type.
src/pages/observability/SelfDiagnostics.tsx(48,6): error TS2741: Property 'actions' is missing in type '{ children: (Element | null)[]; title: string; description: string; }' but required in type '{ children: any; className?: string | undefined; title: any; description: any; actions: any; }'.
src/pages/observability/SelfDiagnostics.tsx(76,35): error TS2339: Property 'overall_status' does not exist on type 'never'.
src/pages/observability/SelfDiagnostics.tsx(78,38): error TS2339: Property 'overall_status' does not exist on type 'never'.
src/pages/observability/SelfDiagnostics.tsx(81,42): error TS2339: Property 'created_at' does not exist on type 'never'.
src/pages/observability/SelfDiagnostics.tsx(85,19): error TS2339: Property 'failed_checks' does not exist on type 'never'.
src/pages/observability/SelfDiagnostics.tsx(85,43): error TS2339: Property 'failed_checks' does not exist on type 'never'.
src/pages/observability/SelfDiagnostics.tsx(92,27): error TS2339: Property 'failed_checks' does not exist on type 'never'.
src/pages/observability/SelfDiagnostics.tsx(92,46): error TS7006: Parameter 'check' implicitly has an 'any' type.
src/pages/observability/SelfDiagnostics.tsx(92,53): error TS7006: Parameter 'idx' implicitly has an 'any' type.
src/pages/observability/SelfDiagnostics.tsx(106,19): error TS2339: Property 'suggested_actions' does not exist on type 'never'.
src/pages/observability/SelfDiagnostics.tsx(106,47): error TS2339: Property 'suggested_actions' does not exist on type 'never'.
src/pages/observability/SelfDiagnostics.tsx(113,27): error TS2339: Property 'suggested_actions' does not exist on type 'never'.
src/pages/observability/SelfDiagnostics.tsx(113,50): error TS7006: Parameter 'action' implicitly has an 'any' type.
src/pages/observability/SelfDiagnostics.tsx(113,58): error TS7006: Parameter 'idx' implicitly has an 'any' type.
src/pages/observability/SystemHealth.tsx(31,60): error TS18047: 'activeVenue' is possibly 'null'.
src/pages/observability/SystemHealth.tsx(40,28): error TS7006: Parameter 'overall' implicitly has an 'any' type.
src/pages/observability/SystemHealth.tsx(62,39): error TS2339: Property 'overall' does not exist on type 'never'.
src/pages/observability/SystemHealth.tsx(65,43): error TS2339: Property 'last_updated_at' does not exist on type 'never'.
src/pages/observability/SystemHealth.tsx(78,40): error TS2339: Property 'hard' does not exist on type 'never'.
src/pages/observability/SystemHealth.tsx(82,23): error TS2322: Type 'unknown' is not assignable to type 'ReactI18NextChildren | Iterable<ReactI18NextChildren>'.
src/pages/observability/SystemHealth.tsx(97,40): error TS2339: Property 'soft' does not exist on type 'never'.
src/pages/observability/SystemHealth.tsx(101,62): error TS18046: 'metric' is of type 'unknown'.
src/pages/observability/SystemHealth.tsx(104,32): error TS18046: 'metric' is of type 'unknown'.
src/pages/observability/SystemHealth.tsx(104,69): error TS18046: 'metric' is of type 'unknown'.
src/pages/observability/SystemHealth.tsx(105,34): error TS18046: 'metric' is of type 'unknown'.
src/pages/observability/SystemHealth.tsx(107,24): error TS18046: 'metric' is of type 'unknown'.
src/pages/observability/TestPanel.tsx(30,35): error TS2339: Property 'id' does not exist on type 'never'.
src/pages/observability/TestPanel.tsx(60,9): error TS2353: Object literal may only specify known properties, and 'display_id' does not exist in type '(prevState: null) => null'.
src/pages/observability/TestPanel.tsx(72,25): error TS7006: Parameter 'status' implicitly has an 'any' type.
src/pages/observability/TestPanel.tsx(82,12): error TS7053: Element implicitly has an 'any' type because expression of type 'any' can't be used to index type '{ SUCCESS: string; FAILED: string; PENDING: string; PARTIAL: string; SKIPPED: string; BLOCKED: string; RETRIED: string; }'.
src/pages/observability/TestPanel.tsx(85,23): error TS7006: Parameter 'payload' implicitly has an 'any' type.
src/pages/observability/TestPanel.tsx(95,6): error TS2741: Property 'actions' is missing in type '{ children: Element; title: string; description: string; }' but required in type '{ children: any; className?: string | undefined; title: any; description: any; actions: any; }'.
src/pages/observability/TestPanel.tsx(172,28): error TS2339: Property 'id' does not exist on type 'never'.
src/pages/observability/TestPanel.tsx(175,42): error TS2339: Property 'id' does not exist on type 'never'.
src/pages/observability/TestPanel.tsx(177,109): error TS2339: Property 'id' does not exist on type 'never'.
src/pages/observability/TestPanel.tsx(178,53): error TS2339: Property 'display_id' does not exist on type 'never'.
src/pages/observability/TestPanel.tsx(182,91): error TS2339: Property 'display_id' does not exist on type 'never'.
src/pages/observability/TestPanel.tsx(183,73): error TS2339: Property 'target' does not exist on type 'never'.
src/pages/observability/TestPanel.tsx(183,94): error TS2339: Property 'target' does not exist on type 'never'.
src/pages/observability/TestPanel.tsx(185,41): error TS2339: Property 'success' does not exist on type 'never'.
src/pages/observability/TestPanel.tsx(185,83): error TS2339: Property 'status_code' does not exist on type 'never'.
src/pages/observability/TestPanel.tsx(196,52): error TS2339: Property 'display_id' does not exist on type 'never'.
src/pages/observability/TestPanel.tsx(200,45): error TS2339: Property 'success' does not exist on type 'never'.
src/pages/observability/TestPanel.tsx(201,32): error TS2339: Property 'success' does not exist on type 'never'.
src/pages/observability/TestPanel.tsx(204,32): error TS2339: Property 'status_code' does not exist on type 'never'.
src/pages/observability/TestPanel.tsx(207,32): error TS2339: Property 'target' does not exist on type 'never'.
src/pages/observability/TestPanel.tsx(220,32): error TS2339: Property 'steps' does not exist on type 'never'.
src/pages/observability/TestPanel.tsx(220,44): error TS7006: Parameter 'step' implicitly has an 'any' type.
src/pages/observability/TestPanel.tsx(250,45): error TS2339: Property 'response' does not exist on type 'never'.
src/pages/observability/TestPanel.tsx(257,71): error TS2339: Property 'status_code' does not exist on type 'never'.
src/pages/observability/TestPanel.tsx(261,71): error TS2339: Property 'trace' does not exist on type 'never'.
src/pages/observability/TestPanel.tsx(265,71): error TS2339: Property 'trace' does not exist on type 'never'.
src/pages/observability/TestPanel.tsx(269,80): error TS2339: Property 'created_at' does not exist on type 'never'.
src/pages/observability/TestPanel.tsx(279,45): error TS2339: Property 'events' does not exist on type 'never'.
src/pages/observability/TestPanel.tsx(288,45): error TS2339: Property 'audits' does not exist on type 'never'.
src/pages/observability/TestPanel.tsx(297,45): error TS2339: Property 'diagrams' does not exist on type 'never'.
src/pages/observability/TrustDashboard.tsx(32,50): error TS18047: 'activeVenue' is possibly 'null'.
src/pages/observability/TrustDashboard.tsx(33,50): error TS18047: 'activeVenue' is possibly 'null'.
src/pages/observability/TrustDashboard.tsx(34,46): error TS18047: 'activeVenue' is possibly 'null'.
src/pages/observability/TrustDashboard.tsx(47,51): error TS2339: Property 'status' does not exist on type 'never'.
src/pages/observability/TrustDashboard.tsx(48,55): error TS2339: Property 'severity' does not exist on type 'never'.
src/pages/observability/TrustDashboard.tsx(49,52): error TS2339: Property 'status' does not exist on type 'never'.
src/pages/observability/TrustDashboard.tsx(52,6): error TS2741: Property 'actions' is missing in type '{ children: Element[]; title: string; description: string; }' but required in type '{ children: any; className?: string | undefined; title: any; description: any; actions: any; }'.
src/pages/observability/TrustDashboard.tsx(123,31): error TS2339: Property 'finding_id' does not exist on type 'never'.
src/pages/observability/TrustDashboard.tsx(125,41): error TS2339: Property 'severity' does not exist on type 'never'.
src/pages/observability/TrustDashboard.tsx(126,28): error TS2339: Property 'severity' does not exist on type 'never'.
src/pages/observability/TrustDashboard.tsx(128,67): error TS2339: Property 'action_key' does not exist on type 'never'.
src/pages/observability/TrustDashboard.tsx(130,71): error TS2339: Property 'status' does not exist on type 'never'.
src/pages/observability/TrustDashboard.tsx(151,31): error TS2339: Property 'key' does not exist on type 'never'.
src/pages/observability/TrustDashboard.tsx(152,62): error TS2339: Property 'key' does not exist on type 'never'.
src/pages/observability/TrustDashboard.tsx(153,39): error TS2339: Property 'enabled' does not exist on type 'never'.
src/pages/observability/TrustDashboard.tsx(154,26): error TS2339: Property 'enabled' does not exist on type 'never'.
src/pages/operations/PreGoLive.tsx(27,67): error TS18047: 'activeVenue' is possibly 'null'.
src/pages/operations/PreGoLive.tsx(39,67): error TS18047: 'activeVenue' is possibly 'null'.
src/pages/operations/PreGoLive.tsx(47,6): error TS2741: Property 'actions' is missing in type '{ children: (Element | null)[]; title: string; description: string; }' but required in type '{ children: any; className?: string | undefined; title: any; description: any; actions: any; }'.
src/pages/operations/PreGoLive.tsx(75,25): error TS2339: Property 'status' does not exist on type 'never'.
src/pages/operations/PreGoLive.tsx(91,25): error TS2339: Property 'checks' does not exist on type 'never'.
src/pages/operations/PreGoLive.tsx(91,38): error TS7006: Parameter 'check' implicitly has an 'any' type.
src/pages/operations/PreGoLive.tsx(91,45): error TS7006: Parameter 'idx' implicitly has an 'any' type.
src/pages/operations/ServiceDayClose.tsx(27,75): error TS18047: 'activeVenue' is possibly 'null'.
src/pages/operations/ServiceDayClose.tsx(36,25): error TS7006: Parameter 'status' implicitly has an 'any' type.
src/pages/operations/ServiceDayClose.tsx(59,38): error TS2339: Property 'status' does not exist on type 'never'.
src/pages/operations/ServiceDayClose.tsx(62,30): error TS2339: Property 'status' does not exist on type 'never'.
src/pages/operations/ServiceDayClose.tsx(68,26): error TS2339: Property 'checks' does not exist on type 'never'.
src/pages/operations/ServiceDayClose.tsx(68,39): error TS7006: Parameter 'check' implicitly has an 'any' type.
src/pages/operations/ServiceDayClose.tsx(68,46): error TS7006: Parameter 'idx' implicitly has an 'any' type.
src/pages/operations/ServiceDayClose.tsx(83,24): error TS2339: Property 'status' does not exist on type 'never'.
src/pages/portal/EmployeePayrollHistory.tsx(77,28): error TS7006: Parameter 'fs3' implicitly has an 'any' type.
src/pages/portal/EmployeePayrollHistory.tsx(80,20): error TS2345: Argument of type '"FS3"' is not assignable to parameter of type 'SetStateAction<null>'.
src/pages/portal/EmployeePayrollHistory.tsx(83,33): error TS7006: Parameter 'contract' implicitly has an 'any' type.
src/pages/portal/EmployeePayrollHistory.tsx(86,20): error TS2345: Argument of type '"Contract"' is not assignable to parameter of type 'SetStateAction<null>'.
src/pages/portal/EmployeePayrollHistory.tsx(89,29): error TS7006: Parameter 'exitDoc' implicitly has an 'any' type.
src/pages/portal/EmployeePayrollHistory.tsx(92,20): error TS2345: Argument of type '"Exit"' is not assignable to parameter of type 'SetStateAction<null>'.
src/pages/portal/EmployeePayrollHistory.tsx(98,57): error TS2339: Property 'year' does not exist on type 'never'.
src/pages/portal/EmployeePayrollHistory.tsx(103,36): error TS2538: Type 'null' cannot be used as an index type.
src/pages/portal/EmployeePayrollHistory.tsx(110,57): error TS2339: Property 'year' does not exist on type 'never'.
src/pages/portal/EmployeePayrollHistory.tsx(115,36): error TS2538: Type 'null' cannot be used as an index type.
src/pages/portal/EmployeePayrollHistory.tsx(122,10): error TS2741: Property 'actions' is missing in type '{ children: Element[]; title: string; description: string; }' but required in type '{ children: any; className?: string | undefined; title: any; description: any; actions: any; }'.
src/pages/portal/EmployeePayrollHistory.tsx(134,42): error TS2339: Property 'id' does not exist on type 'never'.
src/pages/portal/EmployeePayrollHistory.tsx(138,91): error TS2339: Property 'month' does not exist on type 'never'.
src/pages/portal/EmployeePayrollHistory.tsx(138,158): error TS2339: Property 'date' does not exist on type 'never'.
src/pages/portal/EmployeePayrollHistory.tsx(148,42): error TS2339: Property 'id' does not exist on type 'never'.
src/pages/portal/EmployeePayrollHistory.tsx(152,116): error TS2339: Property 'title' does not exist on type 'never'.
src/pages/portal/EmployeePayrollHistory.tsx(152,185): error TS2339: Property 'date' does not exist on type 'never'.
src/pages/portal/EmployeePayrollHistory.tsx(159,42): error TS2339: Property 'id' does not exist on type 'never'.
src/pages/portal/EmployeePayrollHistory.tsx(163,116): error TS2339: Property 'title' does not exist on type 'never'.
src/pages/portal/EmployeePayrollHistory.tsx(163,185): error TS2339: Property 'date' does not exist on type 'never'.
src/pages/portal/EmployeePayrollHistory.tsx(177,207): error TS2339: Property 'validUntil' does not exist on type 'never'.
src/pages/portal/EmployeePayrollHistory.tsx(179,137): error TS2345: Argument of type '"SkillsPass"' is not assignable to parameter of type 'SetStateAction<null>'.
src/pages/portal/EmployeePayrollHistory.tsx(187,42): error TS2339: Property 'id' does not exist on type 'never'.
src/pages/portal/EmployeePayrollHistory.tsx(189,179): error TS2339: Property 'year' does not exist on type 'never'.
src/pages/portal/EmployeePayrollHistory.tsx(209,82): error TS2322: Type 'MultiVenue | null' is not assignable to type 'null | undefined'.
  Type 'MultiVenue' is not assignable to type 'null | undefined'.
src/pages/portal/EmployeePayrollHistory.tsx(210,93): error TS2322: Type '{ data: null; venue: MultiVenue | null; }' is not assignable to type 'IntrinsicAttributes & { data: any; view?: string | undefined; }'.
  Property 'venue' does not exist on type 'IntrinsicAttributes & { data: any; view?: string | undefined; }'.
src/pages/portal/EmployeePayrollHistory.tsx(211,78): error TS2698: Spread types may only be created from object types.
src/pages/portal/EmployeePayrollHistory.tsx(212,70): error TS2698: Spread types may only be created from object types.
src/pages/pos/ItemOptionsMenu.tsx(48,43): error TS7031: Binding element 'item' implicitly has an 'any' type.
src/pages/pos/ItemOptionsMenu.tsx(48,49): error TS7031: Binding element 'onAction' implicitly has an 'any' type.
src/pages/pos/ItemOptionsMenu.tsx(48,59): error TS7031: Binding element 'onClose' implicitly has an 'any' type.
src/pages/pos/ItemOptionsMenu.tsx(52,14): error TS2322: Type '{ position: string; inset: number; backgroundColor: string; display: string; alignItems: string; justifyContent: string; zIndex: number; }' is not assignable to type 'Properties<string | number, string & {}>'.
  Types of property 'position' are incompatible.
    Type 'string' is not assignable to type 'Position | undefined'.
src/pages/pos/ItemOptionsMenu.tsx(53,18): error TS2322: Type '{ backgroundColor: string; borderRadius: number; padding: number; minWidth: number; border: string; maxHeight: string; overflowY: string; }' is not assignable to type 'Properties<string | number, string & {}>'.
  Types of property 'overflowY' are incompatible.
    Type 'string' is not assignable to type 'OverflowY | undefined'.
src/pages/pos/ItemOptionsMenu.tsx(65,29): error TS2322: Type '{ color: string; display: string; alignItems: string; gap: number; width: string; padding: string; borderRadius: number; border: string; cursor: string; backgroundColor: string; fontSize: number; textAlign: string; }' is not assignable to type 'Properties<string | number, string & {}>'.
  Types of property 'textAlign' are incompatible.
    Type 'string' is not assignable to type 'TextAlign | undefined'.
src/pages/pos/ItemOptionsMenu.tsx(70,35): error TS2322: Type '{ fontSize: number; minWidth: number; textAlign: string; }' is not assignable to type 'Properties<string | number, string & {}>'.
  Types of property 'textAlign' are incompatible.
    Type 'string' is not assignable to type 'TextAlign | undefined'.
src/pages/pos/NumericPopup.tsx(43,40): error TS7031: Binding element 'title' implicitly has an 'any' type.
src/pages/pos/NumericPopup.tsx(43,47): error TS7031: Binding element 'subtitle' implicitly has an 'any' type.
src/pages/pos/NumericPopup.tsx(43,57): error TS7031: Binding element 'onConfirm' implicitly has an 'any' type.
src/pages/pos/NumericPopup.tsx(43,68): error TS7031: Binding element 'onCancel' implicitly has an 'any' type.
src/pages/pos/NumericPopup.tsx(46,24): error TS7006: Parameter 'k' implicitly has an 'any' type.
src/pages/pos/NumericPopup.tsx(60,14): error TS2322: Type '{ position: string; inset: number; backgroundColor: string; display: string; alignItems: string; justifyContent: string; zIndex: number; }' is not assignable to type 'Properties<string | number, string & {}>'.
  Types of property 'position' are incompatible.
    Type 'string' is not assignable to type 'Position | undefined'.
src/pages/pos/NumericPopup.tsx(62,22): error TS2322: Type '{ fontSize: number; fontWeight: number; color: string; marginBottom: number; textAlign: string; }' is not assignable to type 'Properties<string | number, string & {}>'.
  Types of property 'textAlign' are incompatible.
    Type 'string' is not assignable to type 'TextAlign | undefined'.
src/pages/pos/NumericPopup.tsx(63,35): error TS2322: Type '{ fontSize: number; color: string; marginBottom: number; textAlign: string; }' is not assignable to type 'Properties<string | number, string & {}>'.
  Types of property 'textAlign' are incompatible.
    Type 'string' is not assignable to type 'TextAlign | undefined'.
src/pages/pos/NumericPopup.tsx(64,22): error TS2322: Type '{ backgroundColor: string; borderRadius: number; padding: string; marginBottom: number; textAlign: string; fontSize: number; fontWeight: number; color: string; minHeight: number; border: string; }' is not assignable to type 'Properties<string | number, string & {}>'.
  Types of property 'textAlign' are incompatible.
    Type 'string' is not assignable to type 'TextAlign | undefined'.
src/pages/pos/NumericPopup.tsx(67,41): error TS2322: Type '{ padding: string; borderRadius: number; border: string; fontSize: number; fontWeight: number; cursor: string; backgroundColor: string; color: string; textAlign: string; }' is not assignable to type 'Properties<string | number, string & {}>'.
  Types of property 'textAlign' are incompatible.
    Type 'string' is not assignable to type 'TextAlign | undefined'.
src/pages/pos/NumericPopup.tsx(69,29): error TS2322: Type '{ padding: string; borderRadius: number; border: string; fontSize: number; fontWeight: number; cursor: string; backgroundColor: string; color: string; textAlign: string; }' is not assignable to type 'Properties<string | number, string & {}>'.
  Types of property 'textAlign' are incompatible.
    Type 'string' is not assignable to type 'TextAlign | undefined'.
src/pages/pos/NumericPopup.tsx(70,29): error TS2322: Type '{ padding: string; borderRadius: number; border: string; fontSize: number; fontWeight: number; cursor: string; backgroundColor: string; color: string; textAlign: string; }' is not assignable to type 'Properties<string | number, string & {}>'.
  Types of property 'textAlign' are incompatible.
    Type 'string' is not assignable to type 'TextAlign | undefined'.
src/pages/pos/NumericPopup.tsx(71,29): error TS2322: Type '{ padding: string; borderRadius: number; border: string; fontSize: number; fontWeight: number; cursor: string; backgroundColor: string; color: string; textAlign: string; }' is not assignable to type 'Properties<string | number, string & {}>'.
  Types of property 'textAlign' are incompatible.
    Type 'string' is not assignable to type 'TextAlign | undefined'.
src/pages/pos/OrdersList.tsx(92,38): error TS7031: Binding element 'venueId' implicitly has an 'any' type.
src/pages/pos/OrdersList.tsx(92,47): error TS7031: Binding element 'onReopen' implicitly has an 'any' type.
src/pages/pos/OrdersList.tsx(92,57): error TS7031: Binding element 'onClose' implicitly has an 'any' type.
src/pages/pos/OrdersList.tsx(116,32): error TS2339: Property 'status' does not exist on type 'never'.
src/pages/pos/OrdersList.tsx(121,33): error TS2339: Property 'order_number' does not exist on type 'never'.
src/pages/pos/OrdersList.tsx(121,51): error TS2339: Property 'id' does not exist on type 'never'.
src/pages/pos/OrdersList.tsx(122,30): error TS2339: Property 'table_name' does not exist on type 'never'.
src/pages/pos/OrdersList.tsx(122,46): error TS2339: Property 'table_id' does not exist on type 'never'.
src/pages/pos/OrdersList.tsx(123,31): error TS2339: Property 'server_name' does not exist on type 'never'.
src/pages/pos/OrdersList.tsx(128,31): error TS7006: Parameter 'orderId' implicitly has an 'any' type.
src/pages/pos/OrdersList.tsx(139,27): error TS7006: Parameter 'order' implicitly has an 'any' type.
src/pages/pos/OrdersList.tsx(146,30): error TS2339: Property 'created_at' does not exist on type 'never'.
src/pages/pos/OrdersList.tsx(146,46): error TS2339: Property 'createdAt' does not exist on type 'never'.
src/pages/pos/OrdersList.tsx(150,64): error TS2339: Property 'total' does not exist on type 'never'.
src/pages/pos/OrdersList.tsx(151,49): error TS2339: Property 'tender_type' does not exist on type 'never'.
src/pages/pos/OrdersList.tsx(151,101): error TS2339: Property 'total' does not exist on type 'never'.
src/pages/pos/OrdersList.tsx(152,49): error TS2339: Property 'tender_type' does not exist on type 'never'.
src/pages/pos/OrdersList.tsx(152,101): error TS2339: Property 'total' does not exist on type 'never'.
src/pages/pos/OrdersList.tsx(153,51): error TS2339: Property 'status' does not exist on type 'never'.
src/pages/pos/OrdersList.tsx(157,14): error TS2322: Type '{ position: string; inset: number; backgroundColor: string; display: string; flexDirection: string; zIndex: number; }' is not assignable to type 'Properties<string | number, string & {}>'.
  Types of property 'flexDirection' are incompatible.
    Type 'string' is not assignable to type 'FlexDirection | undefined'.
src/pages/pos/OrdersList.tsx(183,123): error TS2339: Property 'status' does not exist on type 'never'.
src/pages/pos/OrdersList.tsx(197,22): error TS2322: Type '{ flex: number; overflowY: string; padding: number; backgroundColor: string; }' is not assignable to type 'Properties<string | number, string & {}>'.
  Types of property 'overflowY' are incompatible.
    Type 'string' is not assignable to type 'OverflowY | undefined'.
src/pages/pos/OrdersList.tsx(199,30): error TS2322: Type '{ textAlign: string; color: string; padding: number; fontSize: number; }' is not assignable to type 'Properties<string | number, string & {}>'.
  Types of property 'textAlign' are incompatible.
    Type 'string' is not assignable to type 'TextAlign | undefined'.
src/pages/pos/OrdersList.tsx(201,30): error TS2322: Type '{ textAlign: string; color: string; padding: number; fontSize: number; }' is not assignable to type 'Properties<string | number, string & {}>'.
  Types of property 'textAlign' are incompatible.
    Type 'string' is not assignable to type 'TextAlign | undefined'.
src/pages/pos/OrdersList.tsx(203,32): error TS2322: Type '{ width: string; borderCollapse: string; }' is not assignable to type 'Properties<string | number, string & {}>'.
  Types of property 'borderCollapse' are incompatible.
    Type 'string' is not assignable to type 'BorderCollapse | undefined'.
src/pages/pos/OrdersList.tsx(206,41): error TS2322: Type '{ padding: string; textAlign: string; fontSize: number; fontWeight: number; color: string; textTransform: string; borderBottom: string; position: string; top: number; backgroundColor: string; }' is not assignable to type 'Properties<string | number, string & {}>'.
  Types of property 'position' are incompatible.
    Type 'string' is not assignable to type 'Position | undefined'.
src/pages/pos/OrdersList.tsx(207,41): error TS2322: Type '{ padding: string; textAlign: string; fontSize: number; fontWeight: number; color: string; textTransform: string; borderBottom: string; position: string; top: number; backgroundColor: string; }' is not assignable to type 'Properties<string | number, string & {}>'.
  Types of property 'position' are incompatible.
    Type 'string' is not assignable to type 'Position | undefined'.
src/pages/pos/OrdersList.tsx(208,41): error TS2322: Type '{ padding: string; textAlign: string; fontSize: number; fontWeight: number; color: string; textTransform: string; borderBottom: string; position: string; top: number; backgroundColor: string; }' is not assignable to type 'Properties<string | number, string & {}>'.
  Types of property 'position' are incompatible.
    Type 'string' is not assignable to type 'Position | undefined'.
src/pages/pos/OrdersList.tsx(209,41): error TS2322: Type '{ padding: string; textAlign: string; fontSize: number; fontWeight: number; color: string; textTransform: string; borderBottom: string; position: string; top: number; backgroundColor: string; }' is not assignable to type 'Properties<string | number, string & {}>'.
  Types of property 'position' are incompatible.
    Type 'string' is not assignable to type 'Position | undefined'.
src/pages/pos/OrdersList.tsx(210,41): error TS2322: Type '{ padding: string; textAlign: string; fontSize: number; fontWeight: number; color: string; textTransform: string; borderBottom: string; position: string; top: number; backgroundColor: string; }' is not assignable to type 'Properties<string | number, string & {}>'.
  Types of property 'position' are incompatible.
    Type 'string' is not assignable to type 'Position | undefined'.
src/pages/pos/OrdersList.tsx(211,41): error TS2322: Type '{ padding: string; textAlign: string; fontSize: number; fontWeight: number; color: string; textTransform: string; borderBottom: string; position: string; top: number; backgroundColor: string; }' is not assignable to type 'Properties<string | number, string & {}>'.
  Types of property 'position' are incompatible.
    Type 'string' is not assignable to type 'Position | undefined'.
src/pages/pos/OrdersList.tsx(212,41): error TS2322: Type '{ padding: string; textAlign: string; fontSize: number; fontWeight: number; color: string; textTransform: string; borderBottom: string; position: string; top: number; backgroundColor: string; }' is not assignable to type 'Properties<string | number, string & {}>'.
  Types of property 'position' are incompatible.
    Type 'string' is not assignable to type 'Position | undefined'.
src/pages/pos/OrdersList.tsx(213,41): error TS2322: Type '{ padding: string; textAlign: string; fontSize: number; fontWeight: number; color: string; textTransform: string; borderBottom: string; position: string; top: number; backgroundColor: string; }' is not assignable to type 'Properties<string | number, string & {}>'.
  Types of property 'position' are incompatible.
    Type 'string' is not assignable to type 'Position | undefined'.
src/pages/pos/OrdersList.tsx(218,57): error TS7053: Element implicitly has an 'any' type because expression of type 'any' can't be used to index type '{ open: { bg: string; color: string; }; sent: { bg: string; color: string; }; finalized: { bg: string; color: string; }; voided: { bg: string; color: string; }; closed: { bg: string; color: string; }; }'.
src/pages/pos/OrdersList.tsx(218,73): error TS2339: Property 'status' does not exist on type 'never'.
src/pages/pos/OrdersList.tsx(220,52): error TS2339: Property 'id' does not exist on type 'never'.
src/pages/pos/OrdersList.tsx(224,67): error TS2339: Property 'order_number' does not exist on type 'never'.
src/pages/pos/OrdersList.tsx(224,85): error TS2339: Property 'id' does not exist on type 'never'.
src/pages/pos/OrdersList.tsx(225,65): error TS2339: Property 'table_name' does not exist on type 'never'.
src/pages/pos/OrdersList.tsx(225,85): error TS2339: Property 'table_id' does not exist on type 'never'.
src/pages/pos/OrdersList.tsx(226,65): error TS2339: Property 'server_name' does not exist on type 'never'.
src/pages/pos/OrdersList.tsx(227,65): error TS2339: Property 'item_count' does not exist on type 'never'.
src/pages/pos/OrdersList.tsx(227,81): error TS2339: Property 'items' does not exist on type 'never'.
src/pages/pos/OrdersList.tsx(228,91): error TS2339: Property 'total' does not exist on type 'never'.
src/pages/pos/OrdersList.tsx(235,56): error TS2339: Property 'status' does not exist on type 'never'.
src/pages/pos/OrdersList.tsx(239,52): error TS2339: Property 'created_at' does not exist on type 'never'.
src/pages/pos/OrdersList.tsx(239,76): error TS2339: Property 'created_at' does not exist on type 'never'.
src/pages/pos/OrdersList.tsx(242,52): error TS2339: Property 'status' does not exist on type 'never'.
src/pages/pos/OrdersList.tsx(250,113): error TS2339: Property 'id' does not exist on type 'never'.
src/pages/pos/OrdersList.tsx(258,52): error TS2339: Property 'status' does not exist on type 'never'.
src/pages/pos/OrdersList.tsx(275,22): error TS2322: Type '{ position: string; inset: number; backgroundColor: string; display: string; alignItems: string; justifyContent: string; zIndex: number; }' is not assignable to type 'Properties<string | number, string & {}>'.
  Types of property 'position' are incompatible.
    Type 'string' is not assignable to type 'Position | undefined'.
src/pages/pos/OrdersList.tsx(277,30): error TS2322: Type '{ fontSize: number; fontWeight: number; color: string; textAlign: string; marginBottom: number; }' is not assignable to type 'Properties<string | number, string & {}>'.
  Types of property 'textAlign' are incompatible.
    Type 'string' is not assignable to type 'TextAlign | undefined'.
src/pages/pos/OrdersList.tsx(278,30): error TS2322: Type '{ fontSize: number; color: string; textAlign: string; marginBottom: number; }' is not assignable to type 'Properties<string | number, string & {}>'.
  Types of property 'textAlign' are incompatible.
    Type 'string' is not assignable to type 'TextAlign | undefined'.
src/pages/pos/POSRuntimeKSeries.tsx(135,25): error TS2554: Expected 2 arguments, but got 1.
src/pages/pos/POSRuntimeKSeries.tsx(136,25): error TS2554: Expected 4 arguments, but got 1.
src/pages/pos/POSSetup.tsx(101,36): error TS7006: Parameter 'venueId' implicitly has an 'any' type.
src/pages/pos/POSSetup.tsx(131,43): error TS2339: Property 'id' does not exist on type 'never'.
src/pages/pos/POSSetup.tsx(131,65): error TS2339: Property 'name' does not exist on type 'never'.
src/pages/pos/POSSetup.tsx(218,44): error TS2339: Property 'id' does not exist on type 'never'.
src/pages/pos/POSSetup.tsx(218,57): error TS2339: Property 'id' does not exist on type 'never'.
src/pages/pos/POSSetup.tsx(218,64): error TS2339: Property 'name' does not exist on type 'never'.
src/pages/pos/POSSetup.tsx(232,44): error TS2339: Property 'id' does not exist on type 'never'.
src/pages/pos/POSSetup.tsx(232,57): error TS2339: Property 'id' does not exist on type 'never'.
src/pages/pos/POSSetup.tsx(232,64): error TS2339: Property 'name' does not exist on type 'never'.
src/pages/pos/ProductionInstructions.tsx(192,66): error TS2352: Conversion of type 'InstructionGroup' to type 'Record<string, unknown>' may be a mistake because neither type sufficiently overlaps with the other. If this was intentional, convert the expression to 'unknown' first.
  Index signature for type 'string' is missing in type 'InstructionGroup'.
src/pages/pos/ProductionInstructions.tsx(192,178): error TS2352: Conversion of type 'InstructionGroup' to type 'Record<string, unknown>' may be a mistake because neither type sufficiently overlaps with the other. If this was intentional, convert the expression to 'unknown' first.
  Index signature for type 'string' is missing in type 'InstructionGroup'.
src/pages/pos/ReceiptPreview.tsx(9,42): error TS7031: Binding element 'order' implicitly has an 'any' type.
src/pages/pos/ReceiptPreview.tsx(9,49): error TS7031: Binding element 'items' implicitly has an 'any' type.
src/pages/pos/ReceiptPreview.tsx(9,56): error TS7031: Binding element 'orderTotal' implicitly has an 'any' type.
src/pages/pos/ReceiptPreview.tsx(9,68): error TS7031: Binding element 'venueInfo' implicitly has an 'any' type.
src/pages/pos/ReceiptPreview.tsx(9,79): error TS7031: Binding element 'onClose' implicitly has an 'any' type.
src/pages/pos/ReceiptPreview.tsx(42,14): error TS2322: Type '{ position: string; inset: number; backgroundColor: string; display: string; alignItems: string; justifyContent: string; zIndex: number; }' is not assignable to type 'Properties<string | number, string & {}>'.
  Types of property 'position' are incompatible.
    Type 'string' is not assignable to type 'Position | undefined'.
src/pages/pos/ReceiptPreview.tsx(43,18): error TS2322: Type '{ backgroundColor: string; borderRadius: number; border: string; maxHeight: string; overflow: string; display: string; flexDirection: string; }' is not assignable to type 'Properties<string | number, string & {}>'.
  Types of property 'flexDirection' are incompatible.
    Type 'string' is not assignable to type 'FlexDirection | undefined'.
src/pages/pos/ReceiptPreview.tsx(78,22): error TS2322: Type '{ maxWidth: number; backgroundColor: string; color: string; margin: number; borderRadius: number; padding: number; overflowY: string; fontFamily: string; }' is not assignable to type 'Properties<string | number, string & {}>'.
  Types of property 'overflowY' are incompatible.
    Type 'string' is not assignable to type 'OverflowY | undefined'.
src/pages/pos/ReceiptPreview.tsx(81,26): error TS2322: Type '{ textAlign: string; marginBottom: number; }' is not assignable to type 'Properties<string | number, string & {}>'.
  Types of property 'textAlign' are incompatible.
    Type 'string' is not assignable to type 'TextAlign | undefined'.
src/pages/pos/ReceiptPreview.tsx(127,45): error TS7006: Parameter 'item' implicitly has an 'any' type.
src/pages/pos/ReceiptPreview.tsx(127,51): error TS7006: Parameter 'idx' implicitly has an 'any' type.
src/pages/pos/SearchModal.tsx(41,39): error TS7031: Binding element 'allItems' implicitly has an 'any' type.
src/pages/pos/SearchModal.tsx(41,49): error TS7031: Binding element 'onSelect' implicitly has an 'any' type.
src/pages/pos/SearchModal.tsx(41,59): error TS7031: Binding element 'onClose' implicitly has an 'any' type.
src/pages/pos/SearchModal.tsx(46,27): error TS2339: Property 'focus' does not exist on type 'never'.
src/pages/pos/SearchModal.tsx(50,35): error TS7006: Parameter 'i' implicitly has an 'any' type.
src/pages/pos/SearchModal.tsx(58,14): error TS2322: Type '{ position: string; inset: number; backgroundColor: string; display: string; alignItems: string; justifyContent: string; paddingTop: number; zIndex: number; }' is not assignable to type 'Properties<string | number, string & {}>'.
  Types of property 'position' are incompatible.
    Type 'string' is not assignable to type 'Position | undefined'.
src/pages/pos/SearchModal.tsx(59,18): error TS2322: Type '{ backgroundColor: string; borderRadius: number; width: number; maxHeight: string; display: string; flexDirection: string; border: string; }' is not assignable to type 'Properties<string | number, string & {}>'.
  Types of property 'flexDirection' are incompatible.
    Type 'string' is not assignable to type 'FlexDirection | undefined'.
src/pages/pos/SearchModal.tsx(73,22): error TS2322: Type '{ flex: number; overflowY: string; padding: number; }' is not assignable to type 'Properties<string | number, string & {}>'.
  Types of property 'overflowY' are incompatible.
    Type 'string' is not assignable to type 'OverflowY | undefined'.
src/pages/pos/SearchModal.tsx(75,30): error TS2322: Type '{ textAlign: string; color: string; padding: number; fontSize: number; }' is not assignable to type 'Properties<string | number, string & {}>'.
  Types of property 'textAlign' are incompatible.
    Type 'string' is not assignable to type 'TextAlign | undefined'.
src/pages/pos/SearchModal.tsx(77,30): error TS2322: Type '{ textAlign: string; color: string; padding: number; fontSize: number; }' is not assignable to type 'Properties<string | number, string & {}>'.
  Types of property 'textAlign' are incompatible.
    Type 'string' is not assignable to type 'TextAlign | undefined'.
src/pages/pos/SearchModal.tsx(79,39): error TS7006: Parameter 'item' implicitly has an 'any' type.
src/pages/pos/SearchModal.tsx(79,45): error TS7006: Parameter 'idx' implicitly has an 'any' type.
src/pages/pos/SearchModal.tsx(82,33): error TS2322: Type '{ display: string; alignItems: string; justifyContent: string; padding: string; borderRadius: number; cursor: string; border: string; width: string; backgroundColor: string; color: string; textAlign: string; }' is not assignable to type 'Properties<string | number, string & {}>'.
  Types of property 'textAlign' are incompatible.
    Type 'string' is not assignable to type 'TextAlign | undefined'.
src/pages/pos/StaffScheduler.tsx(10,33): error TS2307: Cannot find module '../../hooks/useShiftService' or its corresponding type declarations.
src/pages/pos/StaffScheduler.tsx(11,33): error TS2307: Cannot find module '../../hooks/useStaffService' or its corresponding type declarations.
src/pages/pos/VoidReasonModal.tsx(53,43): error TS7031: Binding element 'itemName' implicitly has an 'any' type.
src/pages/pos/VoidReasonModal.tsx(53,53): error TS7031: Binding element 'onConfirm' implicitly has an 'any' type.
src/pages/pos/VoidReasonModal.tsx(53,64): error TS7031: Binding element 'onCancel' implicitly has an 'any' type.
src/pages/pos/VoidReasonModal.tsx(63,14): error TS2322: Type '{ position: string; inset: number; backgroundColor: string; display: string; alignItems: string; justifyContent: string; zIndex: number; }' is not assignable to type 'Properties<string | number, string & {}>'.
  Types of property 'position' are incompatible.
    Type 'string' is not assignable to type 'Position | undefined'.
src/pages/pos/VoidReasonModal.tsx(65,22): error TS2322: Type '{ fontSize: number; fontWeight: number; color: string; marginBottom: number; textAlign: string; }' is not assignable to type 'Properties<string | number, string & {}>'.
  Types of property 'textAlign' are incompatible.
    Type 'string' is not assignable to type 'TextAlign | undefined'.
src/pages/pos/VoidReasonModal.tsx(69,29): error TS2322: Type '{ width: string; padding: string; borderRadius: number; border: string; backgroundColor: string; color: string; fontSize: number; textAlign: string; cursor: string; marginBottom: number; }' is not assignable to type 'Properties<string | number, string & {}>'.
  Types of property 'textAlign' are incompatible.
    Type 'string' is not assignable to type 'TextAlign | undefined'.
src/pages/pos/VoidReasonModal.tsx(70,56): error TS2345: Argument of type 'string' is not assignable to parameter of type 'SetStateAction<null>'.
src/pages/pos/VoidReasonModal.tsx(78,33): error TS2322: Type '{ width: string; backgroundColor: string; border: string; borderRadius: number; padding: string; color: string; fontSize: number; outline: string; marginTop: number; marginBottom: number; boxSizing: string; }' is not assignable to type 'Properties<string | number, string & {}>'.
  Types of property 'boxSizing' are incompatible.
    Type 'string' is not assignable to type 'BoxSizing | undefined'.
src/pages/public/booking/BookingWidget.tsx(57,39): error TS2345: Argument of type 'number' is not assignable to parameter of type 'string'.
src/pages/public/booking/BookingWidget.tsx(79,39): error TS2345: Argument of type 'number' is not assignable to parameter of type 'string'.
src/pages/public/booking/BookingWidget.tsx(113,52): error TS2322: Type 'Dispatch<SetStateAction<number>>' is not assignable to type '(value: string) => void'.
  Types of parameters 'value' and 'value' are incompatible.
    Type 'string' is not assignable to type 'SetStateAction<number>'.
src/pages/public/booking/BookingWidget.tsx(136,38): error TS2339: Property 'available' does not exist on type 'never'.
src/pages/public/booking/BookingWidget.tsx(139,56): error TS2339: Property 'time' does not exist on type 'never'.
src/pages/public/booking/BookingWidget.tsx(140,69): error TS2339: Property 'time' does not exist on type 'never'.
src/pages/public/booking/BookingWidget.tsx(141,61): error TS2339: Property 'time' does not exist on type 'never'.
src/pages/public/booking/BookingWidget.tsx(143,31): error TS2339: Property 'time' does not exist on type 'never'.
src/pages/public/booking/BookingWidget.tsx(146,38): error TS2339: Property 'available' does not exist on type 'never'.
src/pages/public/booking/BookingWidget.tsx(186,79): error TS2339: Property 'id' does not exist on type 'never'.
src/pages/reports/InventoryReport.tsx(33,79): error TS18047: 'activeVenue' is possibly 'null'.
src/pages/reports/InventoryReport.tsx(40,20): error TS2353: Object literal may only specify known properties, and 'total_items' does not exist in type '(prevState: null) => null'.
src/pages/reports/InventoryReport.tsx(46,24): error TS2741: Property 'className' is missing in type '{ fullScreen: true; text: string; }' but required in type '{ size?: string | undefined; text?: string | undefined; fullScreen?: boolean | undefined; className: any; }'.
src/pages/reports/InventoryReport.tsx(49,6): error TS2741: Property 'actions' is missing in type '{ children: Element; title: string; description: string; }' but required in type '{ children: any; className?: string | undefined; title: any; description: any; actions: any; }'.
src/pages/reports/InventoryReport.tsx(59,90): error TS2339: Property 'total_items' does not exist on type 'never'.
src/pages/reports/InventoryReport.tsx(69,90): error TS2339: Property 'low_stock_alerts' does not exist on type 'never'.
src/pages/reports/InventoryReport.tsx(79,91): error TS2339: Property 'waste_cost_week' does not exist on type 'never'.
src/pages/reports/InventoryReport.tsx(89,92): error TS2339: Property 'inventory_value' does not exist on type 'never'.
src/pages/reports/InventoryReport.tsx(116,32): error TS2339: Property 'item' does not exist on type 'never'.
src/pages/reports/InventoryReport.tsx(118,84): error TS2339: Property 'item' does not exist on type 'never'.
src/pages/reports/InventoryReport.tsx(119,88): error TS2339: Property 'current' does not exist on type 'never'.
src/pages/reports/InventoryReport.tsx(119,110): error TS2339: Property 'min' does not exist on type 'never'.
src/pages/reports/InventoryReport.tsx(122,94): error TS2339: Property 'cost' does not exist on type 'never'.
src/pages/reports/InventoryReport.tsx(124,40): error TS2339: Property 'status' does not exist on type 'never'.
src/pages/reports/InventoryReport.tsx(124,85): error TS2339: Property 'status' does not exist on type 'never'.
src/pages/reports/InventoryReport.tsx(125,27): error TS2339: Property 'status' does not exist on type 'never'.
src/pages/reports/InventoryReport.tsx(125,69): error TS2339: Property 'status' does not exist on type 'never'.
src/pages/reports/InventoryStatus.tsx(25,85): error TS18047: 'activeVenue' is possibly 'null'.
src/pages/reports/InventoryStatus.tsx(30,17): error TS2353: Object literal may only specify known properties, and 'metrics' does not exist in type '(prevState: null) => null'.
src/pages/reports/InventoryStatus.tsx(57,93): error TS2339: Property 'metrics' does not exist on type 'never'.
src/pages/reports/InventoryStatus.tsx(69,88): error TS2339: Property 'metrics' does not exist on type 'never'.
src/pages/reports/InventoryStatus.tsx(81,92): error TS2339: Property 'metrics' does not exist on type 'never'.
src/pages/reports/InventoryStatus.tsx(93,91): error TS2339: Property 'metrics' does not exist on type 'never'.
src/pages/reports/InventoryStatus.tsx(111,48): error TS2339: Property 'waste_distribution' does not exist on type 'never'.
src/pages/reports/InventoryStatus.tsx(111,85): error TS2339: Property 'waste_distribution' does not exist on type 'never'.
src/pages/reports/InventoryStatus.tsx(120,44): error TS2339: Property 'waste_distribution' does not exist on type 'never'.
src/pages/reports/InventoryStatus.tsx(120,81): error TS2339: Property 'waste_distribution' does not exist on type 'never'.
src/pages/reports/InventoryStatus.tsx(120,251): error TS7006: Parameter 'entry' implicitly has an 'any' type.
src/pages/reports/InventoryStatus.tsx(120,258): error TS7006: Parameter 'index' implicitly has an 'any' type.
src/pages/reports/InventoryStatus.tsx(150,40): error TS2339: Property 'low_stock_items' does not exist on type 'never'.
src/pages/reports/InventoryStatus.tsx(159,42): error TS2339: Property 'low_stock_items' does not exist on type 'never'.
src/pages/reports/InventoryStatus.tsx(159,63): error TS7006: Parameter 'item' implicitly has an 'any' type.
src/pages/reports/InventoryStatus.tsx(159,69): error TS7006: Parameter 'index' implicitly has an 'any' type.
src/pages/reports/KDSPerformance.tsx(23,73): error TS18047: 'activeVenue' is possibly 'null'.
src/pages/reports/KDSPerformance.tsx(28,9): error TS2353: Object literal may only specify known properties, and 'metrics' does not exist in type '(prevState: null) => null'.
src/pages/reports/KDSPerformance.tsx(55,77): error TS2339: Property 'metrics' does not exist on type 'never'.
src/pages/reports/KDSPerformance.tsx(67,77): error TS2339: Property 'metrics' does not exist on type 'never'.
src/pages/reports/KDSPerformance.tsx(79,77): error TS2339: Property 'metrics' does not exist on type 'never'.
src/pages/reports/KDSPerformance.tsx(91,74): error TS2339: Property 'metrics' does not exist on type 'never'.
src/pages/reports/KDSPerformance.tsx(107,37): error TS2339: Property 'hourly_throughput' does not exist on type 'never'.
src/pages/reports/KDSPerformance.tsx(126,36): error TS2339: Property 'station_performance' does not exist on type 'never'.
src/pages/reports/KDSPerformanceReport.tsx(33,73): error TS18047: 'activeVenue' is possibly 'null'.
src/pages/reports/KDSPerformanceReport.tsx(37,58): error TS7006: Parameter 'h' implicitly has an 'any' type.
src/pages/reports/KDSPerformanceReport.tsx(42,56): error TS7006: Parameter 's' implicitly has an 'any' type.
src/pages/reports/KDSPerformanceReport.tsx(50,20): error TS2353: Object literal may only specify known properties, and 'avg_prep_time' does not exist in type '(prevState: null) => null'.
src/pages/reports/KDSPerformanceReport.tsx(56,24): error TS2741: Property 'className' is missing in type '{ fullScreen: true; text: string; }' but required in type '{ size?: string | undefined; text?: string | undefined; fullScreen?: boolean | undefined; className: any; }'.
src/pages/reports/KDSPerformanceReport.tsx(59,6): error TS2741: Property 'actions' is missing in type '{ children: Element; title: string; description: string; }' but required in type '{ children: any; className?: string | undefined; title: any; description: any; actions: any; }'.
src/pages/reports/KDSPerformanceReport.tsx(69,90): error TS2339: Property 'avg_prep_time' does not exist on type 'never'.
src/pages/reports/KDSPerformanceReport.tsx(79,90): error TS2339: Property 'total_tickets' does not exist on type 'never'.
src/pages/reports/KDSPerformanceReport.tsx(89,90): error TS2339: Property 'peak_time' does not exist on type 'never'.
src/pages/reports/KDSPerformanceReport.tsx(90,77): error TS2339: Property 'peak_tickets' does not exist on type 'never'.
src/pages/reports/KDSPerformanceReport.tsx(99,90): error TS2339: Property 'delayed_orders' does not exist on type 'never'.
src/pages/reports/KDSPerformanceReport.tsx(100,77): error TS2339: Property 'delay_rate' does not exist on type 'never'.
src/pages/reports/POSSalesReport.tsx(119,28): error TS7006: Parameter 'data' implicitly has an 'any' type.
src/pages/reports/POSSalesReport.tsx(119,34): error TS7006: Parameter 'name' implicitly has an 'any' type.
src/pages/reports/POSSalesReport.tsx(128,27): error TS7006: Parameter 'amount' implicitly has an 'any' type.
src/pages/reports/POSSalesReport.tsx(132,22): error TS7031: Binding element 'title' implicitly has an 'any' type.
src/pages/reports/POSSalesReport.tsx(132,29): error TS7031: Binding element 'children' implicitly has an 'any' type.
src/pages/reports/POSSalesReport.tsx(141,19): error TS7031: Binding element 'title' implicitly has an 'any' type.
src/pages/reports/POSSalesReport.tsx(141,32): error TS7031: Binding element 'Icon' implicitly has an 'any' type.
src/pages/reports/POSSalesReport.tsx(141,38): error TS7031: Binding element 'onClick' implicitly has an 'any' type.
src/pages/reports/POSSalesReport.tsx(159,34): error TS2339: Property 'items' does not exist on type 'never'.
src/pages/reports/POSSalesReport.tsx(167,43): error TS2339: Property 'top_5' does not exist on type 'never'.
src/pages/reports/POSSalesReport.tsx(181,90): error TS2339: Property 'items' does not exist on type 'never'.
src/pages/reports/POSSalesReport.tsx(196,30): error TS2339: Property 'items' does not exist on type 'never'.
src/pages/reports/POSSalesReport.tsx(196,41): error TS7006: Parameter 'item' implicitly has an 'any' type.
src/pages/reports/POSSalesReport.tsx(196,47): error TS7006: Parameter 'i' implicitly has an 'any' type.
src/pages/reports/POSSalesReport.tsx(404,32): error TS7006: Parameter 'data' implicitly has an 'any' type.
src/pages/reports/POSSalesReport.tsx(526,39): error TS7006: Parameter 'row' implicitly has an 'any' type.
src/pages/reports/POSSalesReport.tsx(526,44): error TS7006: Parameter 'i' implicitly has an 'any' type.
src/pages/reports/POSSalesReport.tsx(555,43): error TS7006: Parameter 'row' implicitly has an 'any' type.
src/pages/reports/POSSalesReport.tsx(555,48): error TS7006: Parameter 'i' implicitly has an 'any' type.
src/pages/reports/POSSalesReport.tsx(583,44): error TS7006: Parameter 'row' implicitly has an 'any' type.
src/pages/reports/POSSalesReport.tsx(583,49): error TS7006: Parameter 'i' implicitly has an 'any' type.
src/pages/reports/POSSalesReport.tsx(608,28): error TS2802: Type 'Set<string>' can only be iterated through when using the '--downlevelIteration' flag or with a '--target' of 'es2015' or higher.
src/pages/reports/POSSalesReport.tsx(688,14): error TS2741: Property 'className' is missing in type '{ text: string; }' but required in type '{ size?: string | undefined; text?: string | undefined; fullScreen?: boolean | undefined; className: any; }'.
src/pages/reports/POSSalesReport.tsx(695,43): error TS2304: Cannot find name 'renderUserReport'.
src/pages/reports/POSSalesReport.tsx(716,6): error TS2741: Property 'actions' is missing in type '{ children: Element; title: string; description: string; }' but required in type '{ children: any; className?: string | undefined; title: any; description: any; actions: any; }'.
src/pages/reports/POSSalesReport.tsx(718,10): error TS2741: Property 'onSettingsClick' is missing in type '{}' but required in type '{ onSettingsClick: any; }'.
src/pages/TechnicalHub.tsx(27,22): error TS7031: Binding element 'children' implicitly has an 'any' type.
src/pages/TechnicalHub.tsx(27,48): error TS7031: Binding element 'title' implicitly has an 'any' type.
src/pages/TechnicalHub.tsx(27,61): error TS7031: Binding element 'Icon' implicitly has an 'any' type.
src/pages/TechnicalHub.tsx(27,67): error TS7031: Binding element 'tag' implicitly has an 'any' type.
src/platform/AppEvents.ts(4,10): error TS2339: Property 'listeners' does not exist on type 'AppEvents'.
src/platform/AppEvents.ts(5,10): error TS2339: Property 'offlineBuffer' does not exist on type 'AppEvents'.
src/platform/AppEvents.ts(8,13): error TS7006: Parameter 'eventType' implicitly has an 'any' type.
src/platform/AppEvents.ts(8,24): error TS7006: Parameter 'callback' implicitly has an 'any' type.
src/platform/AppEvents.ts(9,15): error TS2339: Property 'listeners' does not exist on type 'AppEvents'.
src/platform/AppEvents.ts(10,12): error TS2339: Property 'listeners' does not exist on type 'AppEvents'.
src/platform/AppEvents.ts(12,10): error TS2339: Property 'listeners' does not exist on type 'AppEvents'.
src/platform/AppEvents.ts(16,30): error TS2339: Property 'listeners' does not exist on type 'AppEvents'.
src/platform/AppEvents.ts(24,11): error TS7006: Parameter 'eventType' implicitly has an 'any' type.
src/platform/AppEvents.ts(37,28): error TS2339: Property 'listeners' does not exist on type 'AppEvents'.
src/platform/AppEvents.ts(38,23): error TS7006: Parameter 'cb' implicitly has an 'any' type.
src/platform/AppEvents.ts(48,12): error TS2339: Property 'offlineBuffer' does not exist on type 'AppEvents'.
src/platform/AppEvents.ts(53,17): error TS2339: Property 'offlineBuffer' does not exist on type 'AppEvents'.
src/platform/AppEvents.ts(57,10): error TS2339: Property 'offlineBuffer' does not exist on type 'AppEvents'.
src/uix/FilterPanel.tsx(8,3): error TS7031: Binding element 'isOpen' implicitly has an 'any' type.
src/uix/FilterPanel.tsx(9,3): error TS7031: Binding element 'onToggle' implicitly has an 'any' type.
src/uix/FilterPanel.tsx(12,3): error TS7031: Binding element 'onSectionToggle' implicitly has an 'any' type.
src/uix/FilterPanel.tsx(13,3): error TS7031: Binding element 'children' implicitly has an 'any' type.
src/uix/FilterPanel.tsx(44,33): error TS2339: Property 'key' does not exist on type 'never'.
src/uix/FilterPanel.tsx(48,30): error TS7053: Element implicitly has an 'any' type because expression of type 'any' can't be used to index type '{}'.
src/uix/FilterPanel.tsx(48,52): error TS2339: Property 'key' does not exist on type 'never'.
src/uix/FilterPanel.tsx(49,61): error TS2339: Property 'key' does not exist on type 'never'.
src/uix/FilterPanel.tsx(52,82): error TS2339: Property 'label' does not exist on type 'never'.
src/uix/FilterPanel.tsx(54,18): error TS7053: Element implicitly has an 'any' type because expression of type 'any' can't be used to index type '{}'.
src/uix/FilterPanel.tsx(54,40): error TS2339: Property 'key' does not exist on type 'never'.
src/uix/FilterPanel.tsx(56,39): error TS2339: Property 'key' does not exist on type 'never'.
src/uix/SavedViewIndicator.tsx(5,46): error TS7031: Binding element 'isRestored' implicitly has an 'any' type.
src/uix/SavedViewIndicator.tsx(5,58): error TS7031: Binding element 'onReset' implicitly has an 'any' type.
src/uix/useViewState.ts(4,30): error TS7006: Parameter 'venueId' implicitly has an 'any' type.
src/uix/useViewState.ts(4,39): error TS7006: Parameter 'pageKey' implicitly has an 'any' type.
src/uix/useViewState.ts(22,9): error TS2353: Object literal may only specify known properties, and 'ui' does not exist in type '(prevState: null) => null'.
src/uix/useViewState.ts(30,32): error TS7006: Parameter 'ui' implicitly has an 'any' type.
src/uix/useViewState.ts(30,36): error TS7006: Parameter 'query' implicitly has an 'any' type.
